{
    "paired_samples - riboseq_rnaseq": {
        "content": [
            [
                [
                    {
                        "id": "ribo_sample",
                        "single_end": true,
                        "sample_type": "riboseq",
                        "pair": "1"
                    },
                    [
                        "/ngi-igenomes/testdata/nf-core/modules/genomics/homo_sapiens/illumina/fastq/test_rnaseq_1.fastq.gz"
                    ]
                ],
                [
                    {
                        "id": "rna_sample",
                        "single_end": true,
                        "sample_type": "rnaseq",
                        "pair": "1",
                        "resolved_trim_length": 142
                    },
                    "rna_sample_equalised.142bp_5prime.fq.gz:md5,c5ebf056e39ff8f3d68761f0032c364a"
                ]
            ],
            [
                [
                    {
                        "id": "ribo_sample",
                        "single_end": true,
                        "sample_type": "riboseq",
                        "pair": "1"
                    },
                    "ribo_sample.tsv:md5,5fe96018691be0dfa8bce7a57f8a863a"
                ]
            ]
        ],
        "meta": {
            "nf-test": "0.9.3",
            "nextflow": "25.10.0"
        },
        "timestamp": "2026-07-03T20:29:45.370741828"
    },
    "per_sample_trim_length": {
        "content": [
            [
                [
                    {
                        "id": "rna_sample_custom_length",
                        "single_end": true,
                        "sample_type": "rnaseq",
                        "trim_length": 25,
                        "resolved_trim_length": 25
                    },
                    "rna_sample_custom_length_equalised.25bp_5prime.fq.gz:md5,98fe43468c9d94ca54009ea80d252f55"
                ]
            ]
        ],
        "meta": {
            "nf-test": "0.9.3",
            "nextflow": "25.10.2"
        },
        "timestamp": "2025-12-16T18:01:23.039068354"
    },
    "global_target_length": {
        "content": [
            [
                [
                    {
                        "id": "rna_sample_no_pair",
                        "single_end": true,
                        "sample_type": "rnaseq",
                        "resolved_trim_length": 30
                    },
                    "rna_sample_no_pair_equalised.30bp_5prime.fq.gz:md5,549d8d12873f3f691339c8eaf50423cd"
                ]
            ]
        ],
        "meta": {
            "nf-test": "0.9.3",
            "nextflow": "25.10.2"
        },
        "timestamp": "2025-12-16T18:01:12.115623378"
    },
    "passthrough_other_types": {
        "content": [
            [
                [
                    {
                        "id": "tiseq_sample",
                        "single_end": true,
                        "sample_type": "tiseq"
                    },
                    [
                        "/ngi-igenomes/testdata/nf-core/modules/genomics/homo_sapiens/illumina/fastq/test_rnaseq_1.fastq.gz"
                    ]
                ]
            ]
        ],
        "meta": {
            "nf-test": "0.9.2",
            "nextflow": "25.10.0"
        },
        "timestamp": "2025-12-16T13:42:48.762251"
    }
}