{
    "synthetic data - stub": {
        "content": [
            {
                "0": [
                    [
                        {
                            "id": "sample_X"
                        },
                        "sample_X.normalised.bed12:md5,d41d8cd98f00b204e9800998ecf8427e"
                    ]
                ],
                "1": [
                    [
                        {
                            "id": "sample_X"
                        },
                        "sample_X.normalised.tsv:md5,d41d8cd98f00b204e9800998ecf8427e"
                    ]
                ],
                "2": [
                    [
                        "ORF_NORMALISE_RIBOTISH",
                        "python",
                        "3.14.2"
                    ]
                ],
                "bed12": [
                    [
                        {
                            "id": "sample_X"
                        },
                        "sample_X.normalised.bed12:md5,d41d8cd98f00b204e9800998ecf8427e"
                    ]
                ],
                "tsv": [
                    [
                        {
                            "id": "sample_X"
                        },
                        "sample_X.normalised.tsv:md5,d41d8cd98f00b204e9800998ecf8427e"
                    ]
                ]
            }
        ],
        "meta": {
            "nf-test": "0.9.3",
            "nextflow": "25.10.4"
        },
        "timestamp": "2026-05-15T17:23:21.174799"
    }
}