{
    "-profile test": {
        "content": [
            {
                "ANOTA2SEQ_ANOTA2SEQRUN": {
                    "bioconductor-anota2seq": "1.24.0"
                },
                "CUSTOM_GETCHROMSIZES": {
                    "getchromsizes": 1.21
                },
                "CUSTOM_TX2GENE": {
                    "python": "3.10.4"
                },
                "FASTQC": {
                    "fastqc": "0.12.1"
                },
                "FQ_LINT": {
                    "fq": "0.12.0 (2024-07-08)"
                },
                "FQ_SUBSAMPLE": {
                    "fq": "0.12.0 (2024-07-08)"
                },
                "GTF_FILTER": {
                    "python": "3.9.5"
                },
                "GUNZIP_FASTA": {
                    "gunzip": 1.13
                },
                "MAKE_TRANSCRIPTS_FASTA": {
                    "rsem": "1.3.1",
                    "star": "2.7.10a"
                },
                "RIBOTISH_PREDICT_ALL": {
                    "ribotish": "0.2.7"
                },
                "RIBOTISH_PREDICT_INDIVIDUAL": {
                    "ribotish": "0.2.7"
                },
                "RIBOTISH_QUALITY_RIBOSEQ": {
                    "ribotish": "0.2.7"
                },
                "RIBOWALTZ": {
                    "bioconductor-genomicfeatures": "1.54.1",
                    "bioconductor-ribowaltz": 2.0,
                    "r-base": "4.3.2",
                    "r-dplyr": "1.1.4"
                },
                "SALMON_INDEX": {
                    "salmon": "1.10.3"
                },
                "SALMON_QUANT": {
                    "salmon": "1.10.3"
                },
                "SAMTOOLS_FLAGSTAT": {
                    "samtools": 1.21
                },
                "SAMTOOLS_IDXSTATS": {
                    "samtools": 1.21
                },
                "SAMTOOLS_INDEX": {
                    "samtools": 1.21
                },
                "SAMTOOLS_SORT": {
                    "samtools": 1.21
                },
                "SAMTOOLS_STATS": {
                    "samtools": 1.21
                },
                "SE_GENE": {
                    "bioconductor-summarizedexperiment": "1.32.0"
                },
                "SORTMERNA": {
                    "sortmerna": "4.3.7"
                },
                "SORTMERNA_INDEX": {
                    "sortmerna": "4.3.7"
                },
                "STAR_ALIGN": {
                    "gawk": "5.1.0",
                    "samtools": 1.21,
                    "star": "2.7.11b"
                },
                "STAR_GENOMEGENERATE": {
                    "gawk": "5.1.0",
                    "samtools": 1.21,
                    "star": "2.7.11b"
                },
                "TRIMGALORE": {
                    "cutadapt": 4.9,
                    "pigz": 2.8,
                    "trimgalore": "0.6.10"
                },
                "TXIMETA_TXIMPORT": {
                    "bioconductor-tximeta": "1.20.1"
                },
                "Workflow": {
                    "nf-core/riboseq": "v1.3.0dev"
                }
            },
            [
                "alignment",
                "alignment/star",
                "alignment/star/log",
                "alignment/star/log/SRX11780879.Log.final.out",
                "alignment/star/log/SRX11780879.Log.out",
                "alignment/star/log/SRX11780879.Log.progress.out",
                "alignment/star/log/SRX11780879.SJ.out.tab",
                "alignment/star/log/SRX11780880.Log.final.out",
                "alignment/star/log/SRX11780880.Log.out",
                "alignment/star/log/SRX11780880.Log.progress.out",
                "alignment/star/log/SRX11780880.SJ.out.tab",
                "alignment/star/log/SRX11780881.Log.final.out",
                "alignment/star/log/SRX11780881.Log.out",
                "alignment/star/log/SRX11780881.Log.progress.out",
                "alignment/star/log/SRX11780881.SJ.out.tab",
                "alignment/star/log/SRX11780882.Log.final.out",
                "alignment/star/log/SRX11780882.Log.out",
                "alignment/star/log/SRX11780882.Log.progress.out",
                "alignment/star/log/SRX11780882.SJ.out.tab",
                "alignment/star/log/SRX11780883.Log.final.out",
                "alignment/star/log/SRX11780883.Log.out",
                "alignment/star/log/SRX11780883.Log.progress.out",
                "alignment/star/log/SRX11780883.SJ.out.tab",
                "alignment/star/log/SRX11780884.Log.final.out",
                "alignment/star/log/SRX11780884.Log.out",
                "alignment/star/log/SRX11780884.Log.progress.out",
                "alignment/star/log/SRX11780884.SJ.out.tab",
                "alignment/star/log/SRX11780885.Log.final.out",
                "alignment/star/log/SRX11780885.Log.out",
                "alignment/star/log/SRX11780885.Log.progress.out",
                "alignment/star/log/SRX11780885.SJ.out.tab",
                "alignment/star/log/SRX11780886.Log.final.out",
                "alignment/star/log/SRX11780886.Log.out",
                "alignment/star/log/SRX11780886.Log.progress.out",
                "alignment/star/log/SRX11780886.SJ.out.tab",
                "alignment/star/log/SRX11780887.Log.final.out",
                "alignment/star/log/SRX11780887.Log.out",
                "alignment/star/log/SRX11780887.Log.progress.out",
                "alignment/star/log/SRX11780887.SJ.out.tab",
                "alignment/star/log/SRX11780888.Log.final.out",
                "alignment/star/log/SRX11780888.Log.out",
                "alignment/star/log/SRX11780888.Log.progress.out",
                "alignment/star/log/SRX11780888.SJ.out.tab",
                "alignment/star/log/SRX11780889.Log.final.out",
                "alignment/star/log/SRX11780889.Log.out",
                "alignment/star/log/SRX11780889.Log.progress.out",
                "alignment/star/log/SRX11780889.SJ.out.tab",
                "alignment/star/log/SRX11780890.Log.final.out",
                "alignment/star/log/SRX11780890.Log.out",
                "alignment/star/log/SRX11780890.Log.progress.out",
                "alignment/star/log/SRX11780890.SJ.out.tab",
                "alignment/star/original",
                "alignment/star/original/SRX11780879.Aligned.out.bam",
                "alignment/star/original/SRX11780879.Aligned.toTranscriptome.out.bam",
                "alignment/star/original/SRX11780880.Aligned.out.bam",
                "alignment/star/original/SRX11780880.Aligned.toTranscriptome.out.bam",
                "alignment/star/original/SRX11780881.Aligned.out.bam",
                "alignment/star/original/SRX11780881.Aligned.toTranscriptome.out.bam",
                "alignment/star/original/SRX11780882.Aligned.out.bam",
                "alignment/star/original/SRX11780882.Aligned.toTranscriptome.out.bam",
                "alignment/star/original/SRX11780883.Aligned.out.bam",
                "alignment/star/original/SRX11780883.Aligned.toTranscriptome.out.bam",
                "alignment/star/original/SRX11780884.Aligned.out.bam",
                "alignment/star/original/SRX11780884.Aligned.toTranscriptome.out.bam",
                "alignment/star/original/SRX11780885.Aligned.out.bam",
                "alignment/star/original/SRX11780885.Aligned.toTranscriptome.out.bam",
                "alignment/star/original/SRX11780886.Aligned.out.bam",
                "alignment/star/original/SRX11780886.Aligned.toTranscriptome.out.bam",
                "alignment/star/original/SRX11780887.Aligned.out.bam",
                "alignment/star/original/SRX11780887.Aligned.toTranscriptome.out.bam",
                "alignment/star/original/SRX11780888.Aligned.out.bam",
                "alignment/star/original/SRX11780888.Aligned.toTranscriptome.out.bam",
                "alignment/star/original/SRX11780889.Aligned.out.bam",
                "alignment/star/original/SRX11780889.Aligned.toTranscriptome.out.bam",
                "alignment/star/original/SRX11780890.Aligned.out.bam",
                "alignment/star/original/SRX11780890.Aligned.toTranscriptome.out.bam",
                "alignment/star/sorted",
                "alignment/star/sorted/SRX11780879.genome.sorted.bam",
                "alignment/star/sorted/SRX11780879.genome.sorted.bam.bai",
                "alignment/star/sorted/SRX11780879.transcriptome.sorted.bam",
                "alignment/star/sorted/SRX11780879.transcriptome.sorted.bam.bai",
                "alignment/star/sorted/SRX11780880.genome.sorted.bam",
                "alignment/star/sorted/SRX11780880.genome.sorted.bam.bai",
                "alignment/star/sorted/SRX11780880.transcriptome.sorted.bam",
                "alignment/star/sorted/SRX11780880.transcriptome.sorted.bam.bai",
                "alignment/star/sorted/SRX11780881.genome.sorted.bam",
                "alignment/star/sorted/SRX11780881.genome.sorted.bam.bai",
                "alignment/star/sorted/SRX11780881.transcriptome.sorted.bam",
                "alignment/star/sorted/SRX11780881.transcriptome.sorted.bam.bai",
                "alignment/star/sorted/SRX11780882.genome.sorted.bam",
                "alignment/star/sorted/SRX11780882.genome.sorted.bam.bai",
                "alignment/star/sorted/SRX11780882.transcriptome.sorted.bam",
                "alignment/star/sorted/SRX11780882.transcriptome.sorted.bam.bai",
                "alignment/star/sorted/SRX11780883.genome.sorted.bam",
                "alignment/star/sorted/SRX11780883.genome.sorted.bam.bai",
                "alignment/star/sorted/SRX11780883.transcriptome.sorted.bam",
                "alignment/star/sorted/SRX11780883.transcriptome.sorted.bam.bai",
                "alignment/star/sorted/SRX11780884.genome.sorted.bam",
                "alignment/star/sorted/SRX11780884.genome.sorted.bam.bai",
                "alignment/star/sorted/SRX11780884.transcriptome.sorted.bam",
                "alignment/star/sorted/SRX11780884.transcriptome.sorted.bam.bai",
                "alignment/star/sorted/SRX11780885.genome.sorted.bam",
                "alignment/star/sorted/SRX11780885.genome.sorted.bam.bai",
                "alignment/star/sorted/SRX11780885.transcriptome.sorted.bam",
                "alignment/star/sorted/SRX11780885.transcriptome.sorted.bam.bai",
                "alignment/star/sorted/SRX11780886.genome.sorted.bam",
                "alignment/star/sorted/SRX11780886.genome.sorted.bam.bai",
                "alignment/star/sorted/SRX11780886.transcriptome.sorted.bam",
                "alignment/star/sorted/SRX11780886.transcriptome.sorted.bam.bai",
                "alignment/star/sorted/SRX11780887.genome.sorted.bam",
                "alignment/star/sorted/SRX11780887.genome.sorted.bam.bai",
                "alignment/star/sorted/SRX11780887.transcriptome.sorted.bam",
                "alignment/star/sorted/SRX11780887.transcriptome.sorted.bam.bai",
                "alignment/star/sorted/SRX11780888.genome.sorted.bam",
                "alignment/star/sorted/SRX11780888.genome.sorted.bam.bai",
                "alignment/star/sorted/SRX11780888.transcriptome.sorted.bam",
                "alignment/star/sorted/SRX11780888.transcriptome.sorted.bam.bai",
                "alignment/star/sorted/SRX11780889.genome.sorted.bam",
                "alignment/star/sorted/SRX11780889.genome.sorted.bam.bai",
                "alignment/star/sorted/SRX11780889.transcriptome.sorted.bam",
                "alignment/star/sorted/SRX11780889.transcriptome.sorted.bam.bai",
                "alignment/star/sorted/SRX11780890.genome.sorted.bam",
                "alignment/star/sorted/SRX11780890.genome.sorted.bam.bai",
                "alignment/star/sorted/SRX11780890.transcriptome.sorted.bam",
                "alignment/star/sorted/SRX11780890.transcriptome.sorted.bam.bai",
                "alignment/star/sorted/samtools_stats",
                "alignment/star/sorted/samtools_stats/SRX11780879.genome.sorted.bam.flagstat",
                "alignment/star/sorted/samtools_stats/SRX11780879.genome.sorted.bam.idxstats",
                "alignment/star/sorted/samtools_stats/SRX11780879.genome.sorted.bam.stats",
                "alignment/star/sorted/samtools_stats/SRX11780879.transcriptome.sorted.bam.flagstat",
                "alignment/star/sorted/samtools_stats/SRX11780879.transcriptome.sorted.bam.idxstats",
                "alignment/star/sorted/samtools_stats/SRX11780879.transcriptome.sorted.bam.stats",
                "alignment/star/sorted/samtools_stats/SRX11780880.genome.sorted.bam.flagstat",
                "alignment/star/sorted/samtools_stats/SRX11780880.genome.sorted.bam.idxstats",
                "alignment/star/sorted/samtools_stats/SRX11780880.genome.sorted.bam.stats",
                "alignment/star/sorted/samtools_stats/SRX11780880.transcriptome.sorted.bam.flagstat",
                "alignment/star/sorted/samtools_stats/SRX11780880.transcriptome.sorted.bam.idxstats",
                "alignment/star/sorted/samtools_stats/SRX11780880.transcriptome.sorted.bam.stats",
                "alignment/star/sorted/samtools_stats/SRX11780881.genome.sorted.bam.flagstat",
                "alignment/star/sorted/samtools_stats/SRX11780881.genome.sorted.bam.idxstats",
                "alignment/star/sorted/samtools_stats/SRX11780881.genome.sorted.bam.stats",
                "alignment/star/sorted/samtools_stats/SRX11780881.transcriptome.sorted.bam.flagstat",
                "alignment/star/sorted/samtools_stats/SRX11780881.transcriptome.sorted.bam.idxstats",
                "alignment/star/sorted/samtools_stats/SRX11780881.transcriptome.sorted.bam.stats",
                "alignment/star/sorted/samtools_stats/SRX11780882.genome.sorted.bam.flagstat",
                "alignment/star/sorted/samtools_stats/SRX11780882.genome.sorted.bam.idxstats",
                "alignment/star/sorted/samtools_stats/SRX11780882.genome.sorted.bam.stats",
                "alignment/star/sorted/samtools_stats/SRX11780882.transcriptome.sorted.bam.flagstat",
                "alignment/star/sorted/samtools_stats/SRX11780882.transcriptome.sorted.bam.idxstats",
                "alignment/star/sorted/samtools_stats/SRX11780882.transcriptome.sorted.bam.stats",
                "alignment/star/sorted/samtools_stats/SRX11780883.genome.sorted.bam.flagstat",
                "alignment/star/sorted/samtools_stats/SRX11780883.genome.sorted.bam.idxstats",
                "alignment/star/sorted/samtools_stats/SRX11780883.genome.sorted.bam.stats",
                "alignment/star/sorted/samtools_stats/SRX11780883.transcriptome.sorted.bam.flagstat",
                "alignment/star/sorted/samtools_stats/SRX11780883.transcriptome.sorted.bam.idxstats",
                "alignment/star/sorted/samtools_stats/SRX11780883.transcriptome.sorted.bam.stats",
                "alignment/star/sorted/samtools_stats/SRX11780884.genome.sorted.bam.flagstat",
                "alignment/star/sorted/samtools_stats/SRX11780884.genome.sorted.bam.idxstats",
                "alignment/star/sorted/samtools_stats/SRX11780884.genome.sorted.bam.stats",
                "alignment/star/sorted/samtools_stats/SRX11780884.transcriptome.sorted.bam.flagstat",
                "alignment/star/sorted/samtools_stats/SRX11780884.transcriptome.sorted.bam.idxstats",
                "alignment/star/sorted/samtools_stats/SRX11780884.transcriptome.sorted.bam.stats",
                "alignment/star/sorted/samtools_stats/SRX11780885.genome.sorted.bam.flagstat",
                "alignment/star/sorted/samtools_stats/SRX11780885.genome.sorted.bam.idxstats",
                "alignment/star/sorted/samtools_stats/SRX11780885.genome.sorted.bam.stats",
                "alignment/star/sorted/samtools_stats/SRX11780885.transcriptome.sorted.bam.flagstat",
                "alignment/star/sorted/samtools_stats/SRX11780885.transcriptome.sorted.bam.idxstats",
                "alignment/star/sorted/samtools_stats/SRX11780885.transcriptome.sorted.bam.stats",
                "alignment/star/sorted/samtools_stats/SRX11780886.genome.sorted.bam.flagstat",
                "alignment/star/sorted/samtools_stats/SRX11780886.genome.sorted.bam.idxstats",
                "alignment/star/sorted/samtools_stats/SRX11780886.genome.sorted.bam.stats",
                "alignment/star/sorted/samtools_stats/SRX11780886.transcriptome.sorted.bam.flagstat",
                "alignment/star/sorted/samtools_stats/SRX11780886.transcriptome.sorted.bam.idxstats",
                "alignment/star/sorted/samtools_stats/SRX11780886.transcriptome.sorted.bam.stats",
                "alignment/star/sorted/samtools_stats/SRX11780887.genome.sorted.bam.flagstat",
                "alignment/star/sorted/samtools_stats/SRX11780887.genome.sorted.bam.idxstats",
                "alignment/star/sorted/samtools_stats/SRX11780887.genome.sorted.bam.stats",
                "alignment/star/sorted/samtools_stats/SRX11780887.transcriptome.sorted.bam.flagstat",
                "alignment/star/sorted/samtools_stats/SRX11780887.transcriptome.sorted.bam.idxstats",
                "alignment/star/sorted/samtools_stats/SRX11780887.transcriptome.sorted.bam.stats",
                "alignment/star/sorted/samtools_stats/SRX11780888.genome.sorted.bam.flagstat",
                "alignment/star/sorted/samtools_stats/SRX11780888.genome.sorted.bam.idxstats",
                "alignment/star/sorted/samtools_stats/SRX11780888.genome.sorted.bam.stats",
                "alignment/star/sorted/samtools_stats/SRX11780888.transcriptome.sorted.bam.flagstat",
                "alignment/star/sorted/samtools_stats/SRX11780888.transcriptome.sorted.bam.idxstats",
                "alignment/star/sorted/samtools_stats/SRX11780888.transcriptome.sorted.bam.stats",
                "alignment/star/sorted/samtools_stats/SRX11780889.genome.sorted.bam.flagstat",
                "alignment/star/sorted/samtools_stats/SRX11780889.genome.sorted.bam.idxstats",
                "alignment/star/sorted/samtools_stats/SRX11780889.genome.sorted.bam.stats",
                "alignment/star/sorted/samtools_stats/SRX11780889.transcriptome.sorted.bam.flagstat",
                "alignment/star/sorted/samtools_stats/SRX11780889.transcriptome.sorted.bam.idxstats",
                "alignment/star/sorted/samtools_stats/SRX11780889.transcriptome.sorted.bam.stats",
                "alignment/star/sorted/samtools_stats/SRX11780890.genome.sorted.bam.flagstat",
                "alignment/star/sorted/samtools_stats/SRX11780890.genome.sorted.bam.idxstats",
                "alignment/star/sorted/samtools_stats/SRX11780890.genome.sorted.bam.stats",
                "alignment/star/sorted/samtools_stats/SRX11780890.transcriptome.sorted.bam.flagstat",
                "alignment/star/sorted/samtools_stats/SRX11780890.transcriptome.sorted.bam.idxstats",
                "alignment/star/sorted/samtools_stats/SRX11780890.transcriptome.sorted.bam.stats",
                "alignment/star/unmapped",
                "genome",
                "genome/index",
                "genome/sortmerna",
                "multiqc",
                "multiqc/star",
                "multiqc/star/multiqc_report.html",
                "multiqc/star/multiqc_report_data",
                "multiqc/star/multiqc_report_data/cutadapt_filtered_reads_plot.txt",
                "multiqc/star/multiqc_report_data/cutadapt_trimmed_sequences_plot_3_Counts.txt",
                "multiqc/star/multiqc_report_data/cutadapt_trimmed_sequences_plot_3_Obs_Exp.txt",
                "multiqc/star/multiqc_report_data/fastqc-1-status-check-heatmap.txt",
                "multiqc/star/multiqc_report_data/fastqc-1_overrepresented_sequences_plot.txt",
                "multiqc/star/multiqc_report_data/fastqc-1_per_base_n_content_plot.txt",
                "multiqc/star/multiqc_report_data/fastqc-1_per_base_sequence_quality_plot.txt",
                "multiqc/star/multiqc_report_data/fastqc-1_per_sequence_gc_content_plot_Counts.txt",
                "multiqc/star/multiqc_report_data/fastqc-1_per_sequence_gc_content_plot_Percentages.txt",
                "multiqc/star/multiqc_report_data/fastqc-1_per_sequence_quality_scores_plot.txt",
                "multiqc/star/multiqc_report_data/fastqc-1_sequence_counts_plot.txt",
                "multiqc/star/multiqc_report_data/fastqc-1_sequence_duplication_levels_plot.txt",
                "multiqc/star/multiqc_report_data/fastqc-1_top_overrepresented_sequences_table.txt",
                "multiqc/star/multiqc_report_data/fastqc-status-check-heatmap.txt",
                "multiqc/star/multiqc_report_data/fastqc_overrepresented_sequences_plot.txt",
                "multiqc/star/multiqc_report_data/fastqc_per_base_n_content_plot.txt",
                "multiqc/star/multiqc_report_data/fastqc_per_base_sequence_quality_plot.txt",
                "multiqc/star/multiqc_report_data/fastqc_per_sequence_gc_content_plot_Counts.txt",
                "multiqc/star/multiqc_report_data/fastqc_per_sequence_gc_content_plot_Percentages.txt",
                "multiqc/star/multiqc_report_data/fastqc_per_sequence_quality_scores_plot.txt",
                "multiqc/star/multiqc_report_data/fastqc_sequence_counts_plot.txt",
                "multiqc/star/multiqc_report_data/fastqc_sequence_duplication_levels_plot.txt",
                "multiqc/star/multiqc_report_data/fastqc_sequence_length_distribution_plot.txt",
                "multiqc/star/multiqc_report_data/fastqc_top_overrepresented_sequences_table.txt",
                "multiqc/star/multiqc_report_data/llms-full.txt",
                "multiqc/star/multiqc_report_data/multiqc.log",
                "multiqc/star/multiqc_report_data/multiqc.parquet",
                "multiqc/star/multiqc_report_data/multiqc_citations.txt",
                "multiqc/star/multiqc_report_data/multiqc_cutadapt.txt",
                "multiqc/star/multiqc_report_data/multiqc_data.json",
                "multiqc/star/multiqc_report_data/multiqc_fastqc.txt",
                "multiqc/star/multiqc_report_data/multiqc_fastqc_fastqc-1.txt",
                "multiqc/star/multiqc_report_data/multiqc_general_stats.txt",
                "multiqc/star/multiqc_report_data/multiqc_samtools_flagstat.txt",
                "multiqc/star/multiqc_report_data/multiqc_samtools_idxstats.txt",
                "multiqc/star/multiqc_report_data/multiqc_samtools_stats.txt",
                "multiqc/star/multiqc_report_data/multiqc_software_versions.txt",
                "multiqc/star/multiqc_report_data/multiqc_sortmerna.txt",
                "multiqc/star/multiqc_report_data/multiqc_sources.txt",
                "multiqc/star/multiqc_report_data/multiqc_star.txt",
                "multiqc/star/multiqc_report_data/samtools-flagstat-pct-table.txt",
                "multiqc/star/multiqc_report_data/samtools-flagstat-table.txt",
                "multiqc/star/multiqc_report_data/samtools-idxstats-mapped-reads-plot_Normalised_Counts.txt",
                "multiqc/star/multiqc_report_data/samtools-idxstats-mapped-reads-plot_Observed_over_Expected_Counts.txt",
                "multiqc/star/multiqc_report_data/samtools-idxstats-mapped-reads-plot_Raw_Counts.txt",
                "multiqc/star/multiqc_report_data/samtools-stats-dp.txt",
                "multiqc/star/multiqc_report_data/samtools_alignment_plot.txt",
                "multiqc/star/multiqc_report_data/sortmerna-detailed-plot.txt",
                "multiqc/star/multiqc_report_data/star_alignment_plot.txt",
                "multiqc/star/multiqc_report_data/star_summary_table.txt",
                "multiqc/star/multiqc_report_plots",
                "multiqc/star/multiqc_report_plots/pdf",
                "multiqc/star/multiqc_report_plots/pdf/cutadapt_filtered_reads_plot-cnt.pdf",
                "multiqc/star/multiqc_report_plots/pdf/cutadapt_filtered_reads_plot-pct.pdf",
                "multiqc/star/multiqc_report_plots/pdf/cutadapt_trimmed_sequences_plot_3_Counts.pdf",
                "multiqc/star/multiqc_report_plots/pdf/cutadapt_trimmed_sequences_plot_3_Obs_Exp.pdf",
                "multiqc/star/multiqc_report_plots/pdf/fastqc-1_overrepresented_sequences_plot.pdf",
                "multiqc/star/multiqc_report_plots/pdf/fastqc-1_per_base_n_content_plot.pdf",
                "multiqc/star/multiqc_report_plots/pdf/fastqc-1_per_base_sequence_quality_plot.pdf",
                "multiqc/star/multiqc_report_plots/pdf/fastqc-1_per_sequence_gc_content_plot_Counts.pdf",
                "multiqc/star/multiqc_report_plots/pdf/fastqc-1_per_sequence_gc_content_plot_Percentages.pdf",
                "multiqc/star/multiqc_report_plots/pdf/fastqc-1_per_sequence_quality_scores_plot.pdf",
                "multiqc/star/multiqc_report_plots/pdf/fastqc-1_sequence_counts_plot-cnt.pdf",
                "multiqc/star/multiqc_report_plots/pdf/fastqc-1_sequence_counts_plot-pct.pdf",
                "multiqc/star/multiqc_report_plots/pdf/fastqc-1_sequence_duplication_levels_plot.pdf",
                "multiqc/star/multiqc_report_plots/pdf/fastqc-1_top_overrepresented_sequences_table.pdf",
                "multiqc/star/multiqc_report_plots/pdf/fastqc_overrepresented_sequences_plot.pdf",
                "multiqc/star/multiqc_report_plots/pdf/fastqc_per_base_n_content_plot.pdf",
                "multiqc/star/multiqc_report_plots/pdf/fastqc_per_base_sequence_quality_plot.pdf",
                "multiqc/star/multiqc_report_plots/pdf/fastqc_per_sequence_gc_content_plot_Counts.pdf",
                "multiqc/star/multiqc_report_plots/pdf/fastqc_per_sequence_gc_content_plot_Percentages.pdf",
                "multiqc/star/multiqc_report_plots/pdf/fastqc_per_sequence_quality_scores_plot.pdf",
                "multiqc/star/multiqc_report_plots/pdf/fastqc_sequence_counts_plot-cnt.pdf",
                "multiqc/star/multiqc_report_plots/pdf/fastqc_sequence_counts_plot-pct.pdf",
                "multiqc/star/multiqc_report_plots/pdf/fastqc_sequence_duplication_levels_plot.pdf",
                "multiqc/star/multiqc_report_plots/pdf/fastqc_sequence_length_distribution_plot.pdf",
                "multiqc/star/multiqc_report_plots/pdf/fastqc_top_overrepresented_sequences_table.pdf",
                "multiqc/star/multiqc_report_plots/pdf/samtools-flagstat-pct-table.pdf",
                "multiqc/star/multiqc_report_plots/pdf/samtools-flagstat-table.pdf",
                "multiqc/star/multiqc_report_plots/pdf/samtools-idxstats-mapped-reads-plot_Normalised_Counts-cnt.pdf",
                "multiqc/star/multiqc_report_plots/pdf/samtools-idxstats-mapped-reads-plot_Normalised_Counts-log.pdf",
                "multiqc/star/multiqc_report_plots/pdf/samtools-idxstats-mapped-reads-plot_Observed_over_Expected_Counts-cnt.pdf",
                "multiqc/star/multiqc_report_plots/pdf/samtools-idxstats-mapped-reads-plot_Observed_over_Expected_Counts-log.pdf",
                "multiqc/star/multiqc_report_plots/pdf/samtools-idxstats-mapped-reads-plot_Raw_Counts-cnt.pdf",
                "multiqc/star/multiqc_report_plots/pdf/samtools-idxstats-mapped-reads-plot_Raw_Counts-log.pdf",
                "multiqc/star/multiqc_report_plots/pdf/samtools-stats-dp.pdf",
                "multiqc/star/multiqc_report_plots/pdf/samtools_alignment_plot-cnt.pdf",
                "multiqc/star/multiqc_report_plots/pdf/samtools_alignment_plot-pct.pdf",
                "multiqc/star/multiqc_report_plots/pdf/sortmerna-detailed-plot-cnt.pdf",
                "multiqc/star/multiqc_report_plots/pdf/sortmerna-detailed-plot-pct.pdf",
                "multiqc/star/multiqc_report_plots/pdf/star_alignment_plot-cnt.pdf",
                "multiqc/star/multiqc_report_plots/pdf/star_alignment_plot-pct.pdf",
                "multiqc/star/multiqc_report_plots/pdf/star_summary_table.pdf",
                "multiqc/star/multiqc_report_plots/png",
                "multiqc/star/multiqc_report_plots/png/cutadapt_filtered_reads_plot-cnt.png",
                "multiqc/star/multiqc_report_plots/png/cutadapt_filtered_reads_plot-pct.png",
                "multiqc/star/multiqc_report_plots/png/cutadapt_trimmed_sequences_plot_3_Counts.png",
                "multiqc/star/multiqc_report_plots/png/cutadapt_trimmed_sequences_plot_3_Obs_Exp.png",
                "multiqc/star/multiqc_report_plots/png/fastqc-1_overrepresented_sequences_plot.png",
                "multiqc/star/multiqc_report_plots/png/fastqc-1_per_base_n_content_plot.png",
                "multiqc/star/multiqc_report_plots/png/fastqc-1_per_base_sequence_quality_plot.png",
                "multiqc/star/multiqc_report_plots/png/fastqc-1_per_sequence_gc_content_plot_Counts.png",
                "multiqc/star/multiqc_report_plots/png/fastqc-1_per_sequence_gc_content_plot_Percentages.png",
                "multiqc/star/multiqc_report_plots/png/fastqc-1_per_sequence_quality_scores_plot.png",
                "multiqc/star/multiqc_report_plots/png/fastqc-1_sequence_counts_plot-cnt.png",
                "multiqc/star/multiqc_report_plots/png/fastqc-1_sequence_counts_plot-pct.png",
                "multiqc/star/multiqc_report_plots/png/fastqc-1_sequence_duplication_levels_plot.png",
                "multiqc/star/multiqc_report_plots/png/fastqc-1_top_overrepresented_sequences_table.png",
                "multiqc/star/multiqc_report_plots/png/fastqc_overrepresented_sequences_plot.png",
                "multiqc/star/multiqc_report_plots/png/fastqc_per_base_n_content_plot.png",
                "multiqc/star/multiqc_report_plots/png/fastqc_per_base_sequence_quality_plot.png",
                "multiqc/star/multiqc_report_plots/png/fastqc_per_sequence_gc_content_plot_Counts.png",
                "multiqc/star/multiqc_report_plots/png/fastqc_per_sequence_gc_content_plot_Percentages.png",
                "multiqc/star/multiqc_report_plots/png/fastqc_per_sequence_quality_scores_plot.png",
                "multiqc/star/multiqc_report_plots/png/fastqc_sequence_counts_plot-cnt.png",
                "multiqc/star/multiqc_report_plots/png/fastqc_sequence_counts_plot-pct.png",
                "multiqc/star/multiqc_report_plots/png/fastqc_sequence_duplication_levels_plot.png",
                "multiqc/star/multiqc_report_plots/png/fastqc_sequence_length_distribution_plot.png",
                "multiqc/star/multiqc_report_plots/png/fastqc_top_overrepresented_sequences_table.png",
                "multiqc/star/multiqc_report_plots/png/samtools-flagstat-pct-table.png",
                "multiqc/star/multiqc_report_plots/png/samtools-flagstat-table.png",
                "multiqc/star/multiqc_report_plots/png/samtools-idxstats-mapped-reads-plot_Normalised_Counts-cnt.png",
                "multiqc/star/multiqc_report_plots/png/samtools-idxstats-mapped-reads-plot_Normalised_Counts-log.png",
                "multiqc/star/multiqc_report_plots/png/samtools-idxstats-mapped-reads-plot_Observed_over_Expected_Counts-cnt.png",
                "multiqc/star/multiqc_report_plots/png/samtools-idxstats-mapped-reads-plot_Observed_over_Expected_Counts-log.png",
                "multiqc/star/multiqc_report_plots/png/samtools-idxstats-mapped-reads-plot_Raw_Counts-cnt.png",
                "multiqc/star/multiqc_report_plots/png/samtools-idxstats-mapped-reads-plot_Raw_Counts-log.png",
                "multiqc/star/multiqc_report_plots/png/samtools-stats-dp.png",
                "multiqc/star/multiqc_report_plots/png/samtools_alignment_plot-cnt.png",
                "multiqc/star/multiqc_report_plots/png/samtools_alignment_plot-pct.png",
                "multiqc/star/multiqc_report_plots/png/sortmerna-detailed-plot-cnt.png",
                "multiqc/star/multiqc_report_plots/png/sortmerna-detailed-plot-pct.png",
                "multiqc/star/multiqc_report_plots/png/star_alignment_plot-cnt.png",
                "multiqc/star/multiqc_report_plots/png/star_alignment_plot-pct.png",
                "multiqc/star/multiqc_report_plots/png/star_summary_table.png",
                "multiqc/star/multiqc_report_plots/svg",
                "multiqc/star/multiqc_report_plots/svg/cutadapt_filtered_reads_plot-cnt.svg",
                "multiqc/star/multiqc_report_plots/svg/cutadapt_filtered_reads_plot-pct.svg",
                "multiqc/star/multiqc_report_plots/svg/cutadapt_trimmed_sequences_plot_3_Counts.svg",
                "multiqc/star/multiqc_report_plots/svg/cutadapt_trimmed_sequences_plot_3_Obs_Exp.svg",
                "multiqc/star/multiqc_report_plots/svg/fastqc-1_overrepresented_sequences_plot.svg",
                "multiqc/star/multiqc_report_plots/svg/fastqc-1_per_base_n_content_plot.svg",
                "multiqc/star/multiqc_report_plots/svg/fastqc-1_per_base_sequence_quality_plot.svg",
                "multiqc/star/multiqc_report_plots/svg/fastqc-1_per_sequence_gc_content_plot_Counts.svg",
                "multiqc/star/multiqc_report_plots/svg/fastqc-1_per_sequence_gc_content_plot_Percentages.svg",
                "multiqc/star/multiqc_report_plots/svg/fastqc-1_per_sequence_quality_scores_plot.svg",
                "multiqc/star/multiqc_report_plots/svg/fastqc-1_sequence_counts_plot-cnt.svg",
                "multiqc/star/multiqc_report_plots/svg/fastqc-1_sequence_counts_plot-pct.svg",
                "multiqc/star/multiqc_report_plots/svg/fastqc-1_sequence_duplication_levels_plot.svg",
                "multiqc/star/multiqc_report_plots/svg/fastqc-1_top_overrepresented_sequences_table.svg",
                "multiqc/star/multiqc_report_plots/svg/fastqc_overrepresented_sequences_plot.svg",
                "multiqc/star/multiqc_report_plots/svg/fastqc_per_base_n_content_plot.svg",
                "multiqc/star/multiqc_report_plots/svg/fastqc_per_base_sequence_quality_plot.svg",
                "multiqc/star/multiqc_report_plots/svg/fastqc_per_sequence_gc_content_plot_Counts.svg",
                "multiqc/star/multiqc_report_plots/svg/fastqc_per_sequence_gc_content_plot_Percentages.svg",
                "multiqc/star/multiqc_report_plots/svg/fastqc_per_sequence_quality_scores_plot.svg",
                "multiqc/star/multiqc_report_plots/svg/fastqc_sequence_counts_plot-cnt.svg",
                "multiqc/star/multiqc_report_plots/svg/fastqc_sequence_counts_plot-pct.svg",
                "multiqc/star/multiqc_report_plots/svg/fastqc_sequence_duplication_levels_plot.svg",
                "multiqc/star/multiqc_report_plots/svg/fastqc_sequence_length_distribution_plot.svg",
                "multiqc/star/multiqc_report_plots/svg/fastqc_top_overrepresented_sequences_table.svg",
                "multiqc/star/multiqc_report_plots/svg/samtools-flagstat-pct-table.svg",
                "multiqc/star/multiqc_report_plots/svg/samtools-flagstat-table.svg",
                "multiqc/star/multiqc_report_plots/svg/samtools-idxstats-mapped-reads-plot_Normalised_Counts-cnt.svg",
                "multiqc/star/multiqc_report_plots/svg/samtools-idxstats-mapped-reads-plot_Normalised_Counts-log.svg",
                "multiqc/star/multiqc_report_plots/svg/samtools-idxstats-mapped-reads-plot_Observed_over_Expected_Counts-cnt.svg",
                "multiqc/star/multiqc_report_plots/svg/samtools-idxstats-mapped-reads-plot_Observed_over_Expected_Counts-log.svg",
                "multiqc/star/multiqc_report_plots/svg/samtools-idxstats-mapped-reads-plot_Raw_Counts-cnt.svg",
                "multiqc/star/multiqc_report_plots/svg/samtools-idxstats-mapped-reads-plot_Raw_Counts-log.svg",
                "multiqc/star/multiqc_report_plots/svg/samtools-stats-dp.svg",
                "multiqc/star/multiqc_report_plots/svg/samtools_alignment_plot-cnt.svg",
                "multiqc/star/multiqc_report_plots/svg/samtools_alignment_plot-pct.svg",
                "multiqc/star/multiqc_report_plots/svg/sortmerna-detailed-plot-cnt.svg",
                "multiqc/star/multiqc_report_plots/svg/sortmerna-detailed-plot-pct.svg",
                "multiqc/star/multiqc_report_plots/svg/star_alignment_plot-cnt.svg",
                "multiqc/star/multiqc_report_plots/svg/star_alignment_plot-pct.svg",
                "multiqc/star/multiqc_report_plots/svg/star_summary_table.svg",
                "orf_predictions",
                "orf_predictions/ribotish",
                "orf_predictions/ribotish/SRX11780885_all.txt",
                "orf_predictions/ribotish/SRX11780885_pred.txt",
                "orf_predictions/ribotish/SRX11780885_transprofile.py",
                "orf_predictions/ribotish/SRX11780886_all.txt",
                "orf_predictions/ribotish/SRX11780886_pred.txt",
                "orf_predictions/ribotish/SRX11780886_transprofile.py",
                "orf_predictions/ribotish/SRX11780887_all.txt",
                "orf_predictions/ribotish/SRX11780887_pred.txt",
                "orf_predictions/ribotish/SRX11780887_transprofile.py",
                "orf_predictions/ribotish/SRX11780888_all.txt",
                "orf_predictions/ribotish/SRX11780888_pred.txt",
                "orf_predictions/ribotish/SRX11780888_transprofile.py",
                "orf_predictions/ribotish/SRX11780889_all.txt",
                "orf_predictions/ribotish/SRX11780889_pred.txt",
                "orf_predictions/ribotish/SRX11780889_transprofile.py",
                "orf_predictions/ribotish/SRX11780890_all.txt",
                "orf_predictions/ribotish/SRX11780890_pred.txt",
                "orf_predictions/ribotish/SRX11780890_transprofile.py",
                "orf_predictions/ribotish_all",
                "orf_predictions/ribotish_all/allsamples_all.txt",
                "orf_predictions/ribotish_all/allsamples_pred.txt",
                "orf_predictions/ribotish_all/allsamples_transprofile.py",
                "pipeline_info",
                "pipeline_info/nf_core_riboseq_software_mqc_versions.yml",
                "preprocessing",
                "preprocessing/fastqc",
                "preprocessing/fastqc/SRX11780879_raw_1_fastqc.html",
                "preprocessing/fastqc/SRX11780879_raw_1_fastqc.zip",
                "preprocessing/fastqc/SRX11780879_raw_2_fastqc.html",
                "preprocessing/fastqc/SRX11780879_raw_2_fastqc.zip",
                "preprocessing/fastqc/SRX11780880_raw_1_fastqc.html",
                "preprocessing/fastqc/SRX11780880_raw_1_fastqc.zip",
                "preprocessing/fastqc/SRX11780880_raw_2_fastqc.html",
                "preprocessing/fastqc/SRX11780880_raw_2_fastqc.zip",
                "preprocessing/fastqc/SRX11780881_raw_1_fastqc.html",
                "preprocessing/fastqc/SRX11780881_raw_1_fastqc.zip",
                "preprocessing/fastqc/SRX11780881_raw_2_fastqc.html",
                "preprocessing/fastqc/SRX11780881_raw_2_fastqc.zip",
                "preprocessing/fastqc/SRX11780882_raw_1_fastqc.html",
                "preprocessing/fastqc/SRX11780882_raw_1_fastqc.zip",
                "preprocessing/fastqc/SRX11780882_raw_2_fastqc.html",
                "preprocessing/fastqc/SRX11780882_raw_2_fastqc.zip",
                "preprocessing/fastqc/SRX11780883_raw_1_fastqc.html",
                "preprocessing/fastqc/SRX11780883_raw_1_fastqc.zip",
                "preprocessing/fastqc/SRX11780883_raw_2_fastqc.html",
                "preprocessing/fastqc/SRX11780883_raw_2_fastqc.zip",
                "preprocessing/fastqc/SRX11780884_raw_1_fastqc.html",
                "preprocessing/fastqc/SRX11780884_raw_1_fastqc.zip",
                "preprocessing/fastqc/SRX11780884_raw_2_fastqc.html",
                "preprocessing/fastqc/SRX11780884_raw_2_fastqc.zip",
                "preprocessing/fastqc/SRX11780885_raw_fastqc.html",
                "preprocessing/fastqc/SRX11780885_raw_fastqc.zip",
                "preprocessing/fastqc/SRX11780886_raw_fastqc.html",
                "preprocessing/fastqc/SRX11780886_raw_fastqc.zip",
                "preprocessing/fastqc/SRX11780887_raw_fastqc.html",
                "preprocessing/fastqc/SRX11780887_raw_fastqc.zip",
                "preprocessing/fastqc/SRX11780888_raw_fastqc.html",
                "preprocessing/fastqc/SRX11780888_raw_fastqc.zip",
                "preprocessing/fastqc/SRX11780889_raw_fastqc.html",
                "preprocessing/fastqc/SRX11780889_raw_fastqc.zip",
                "preprocessing/fastqc/SRX11780890_raw_fastqc.html",
                "preprocessing/fastqc/SRX11780890_raw_fastqc.zip",
                "preprocessing/fq_lint",
                "preprocessing/fq_lint/raw",
                "preprocessing/fq_lint/raw/SRX11780879.fq_lint.txt",
                "preprocessing/fq_lint/raw/SRX11780880.fq_lint.txt",
                "preprocessing/fq_lint/raw/SRX11780881.fq_lint.txt",
                "preprocessing/fq_lint/raw/SRX11780882.fq_lint.txt",
                "preprocessing/fq_lint/raw/SRX11780883.fq_lint.txt",
                "preprocessing/fq_lint/raw/SRX11780884.fq_lint.txt",
                "preprocessing/fq_lint/raw/SRX11780885.fq_lint.txt",
                "preprocessing/fq_lint/raw/SRX11780886.fq_lint.txt",
                "preprocessing/fq_lint/raw/SRX11780887.fq_lint.txt",
                "preprocessing/fq_lint/raw/SRX11780888.fq_lint.txt",
                "preprocessing/fq_lint/raw/SRX11780889.fq_lint.txt",
                "preprocessing/fq_lint/raw/SRX11780890.fq_lint.txt",
                "preprocessing/fq_lint/trimmed",
                "preprocessing/fq_lint/trimmed/SRX11780879.fq_lint.txt",
                "preprocessing/fq_lint/trimmed/SRX11780880.fq_lint.txt",
                "preprocessing/fq_lint/trimmed/SRX11780881.fq_lint.txt",
                "preprocessing/fq_lint/trimmed/SRX11780882.fq_lint.txt",
                "preprocessing/fq_lint/trimmed/SRX11780883.fq_lint.txt",
                "preprocessing/fq_lint/trimmed/SRX11780884.fq_lint.txt",
                "preprocessing/fq_lint/trimmed/SRX11780885.fq_lint.txt",
                "preprocessing/fq_lint/trimmed/SRX11780886.fq_lint.txt",
                "preprocessing/fq_lint/trimmed/SRX11780887.fq_lint.txt",
                "preprocessing/fq_lint/trimmed/SRX11780888.fq_lint.txt",
                "preprocessing/fq_lint/trimmed/SRX11780889.fq_lint.txt",
                "preprocessing/fq_lint/trimmed/SRX11780890.fq_lint.txt",
                "preprocessing/sortmerna",
                "preprocessing/sortmerna/SRX11780879.sortmerna.log",
                "preprocessing/sortmerna/SRX11780880.sortmerna.log",
                "preprocessing/sortmerna/SRX11780881.sortmerna.log",
                "preprocessing/sortmerna/SRX11780882.sortmerna.log",
                "preprocessing/sortmerna/SRX11780883.sortmerna.log",
                "preprocessing/sortmerna/SRX11780884.sortmerna.log",
                "preprocessing/sortmerna/SRX11780885.sortmerna.log",
                "preprocessing/sortmerna/SRX11780886.sortmerna.log",
                "preprocessing/sortmerna/SRX11780887.sortmerna.log",
                "preprocessing/sortmerna/SRX11780888.sortmerna.log",
                "preprocessing/sortmerna/SRX11780889.sortmerna.log",
                "preprocessing/sortmerna/SRX11780890.sortmerna.log",
                "preprocessing/trimgalore",
                "preprocessing/trimgalore/SRX11780879_1.fastq.gz_trimming_report.txt",
                "preprocessing/trimgalore/SRX11780879_2.fastq.gz_trimming_report.txt",
                "preprocessing/trimgalore/SRX11780880_1.fastq.gz_trimming_report.txt",
                "preprocessing/trimgalore/SRX11780880_2.fastq.gz_trimming_report.txt",
                "preprocessing/trimgalore/SRX11780881_1.fastq.gz_trimming_report.txt",
                "preprocessing/trimgalore/SRX11780881_2.fastq.gz_trimming_report.txt",
                "preprocessing/trimgalore/SRX11780882_1.fastq.gz_trimming_report.txt",
                "preprocessing/trimgalore/SRX11780882_2.fastq.gz_trimming_report.txt",
                "preprocessing/trimgalore/SRX11780883_1.fastq.gz_trimming_report.txt",
                "preprocessing/trimgalore/SRX11780883_2.fastq.gz_trimming_report.txt",
                "preprocessing/trimgalore/SRX11780884_1.fastq.gz_trimming_report.txt",
                "preprocessing/trimgalore/SRX11780884_2.fastq.gz_trimming_report.txt",
                "preprocessing/trimgalore/SRX11780885.fastq.gz_trimming_report.txt",
                "preprocessing/trimgalore/SRX11780886.fastq.gz_trimming_report.txt",
                "preprocessing/trimgalore/SRX11780887.fastq.gz_trimming_report.txt",
                "preprocessing/trimgalore/SRX11780888.fastq.gz_trimming_report.txt",
                "preprocessing/trimgalore/SRX11780889.fastq.gz_trimming_report.txt",
                "preprocessing/trimgalore/SRX11780890.fastq.gz_trimming_report.txt",
                "preprocessing/trimgalore/fastqc",
                "preprocessing/trimgalore/fastqc/SRX11780879_1_val_1_fastqc.html",
                "preprocessing/trimgalore/fastqc/SRX11780879_1_val_1_fastqc.zip",
                "preprocessing/trimgalore/fastqc/SRX11780879_2_val_2_fastqc.html",
                "preprocessing/trimgalore/fastqc/SRX11780879_2_val_2_fastqc.zip",
                "preprocessing/trimgalore/fastqc/SRX11780880_1_val_1_fastqc.html",
                "preprocessing/trimgalore/fastqc/SRX11780880_1_val_1_fastqc.zip",
                "preprocessing/trimgalore/fastqc/SRX11780880_2_val_2_fastqc.html",
                "preprocessing/trimgalore/fastqc/SRX11780880_2_val_2_fastqc.zip",
                "preprocessing/trimgalore/fastqc/SRX11780881_1_val_1_fastqc.html",
                "preprocessing/trimgalore/fastqc/SRX11780881_1_val_1_fastqc.zip",
                "preprocessing/trimgalore/fastqc/SRX11780881_2_val_2_fastqc.html",
                "preprocessing/trimgalore/fastqc/SRX11780881_2_val_2_fastqc.zip",
                "preprocessing/trimgalore/fastqc/SRX11780882_1_val_1_fastqc.html",
                "preprocessing/trimgalore/fastqc/SRX11780882_1_val_1_fastqc.zip",
                "preprocessing/trimgalore/fastqc/SRX11780882_2_val_2_fastqc.html",
                "preprocessing/trimgalore/fastqc/SRX11780882_2_val_2_fastqc.zip",
                "preprocessing/trimgalore/fastqc/SRX11780883_1_val_1_fastqc.html",
                "preprocessing/trimgalore/fastqc/SRX11780883_1_val_1_fastqc.zip",
                "preprocessing/trimgalore/fastqc/SRX11780883_2_val_2_fastqc.html",
                "preprocessing/trimgalore/fastqc/SRX11780883_2_val_2_fastqc.zip",
                "preprocessing/trimgalore/fastqc/SRX11780884_1_val_1_fastqc.html",
                "preprocessing/trimgalore/fastqc/SRX11780884_1_val_1_fastqc.zip",
                "preprocessing/trimgalore/fastqc/SRX11780884_2_val_2_fastqc.html",
                "preprocessing/trimgalore/fastqc/SRX11780884_2_val_2_fastqc.zip",
                "preprocessing/trimgalore/fastqc/SRX11780885_trimmed_fastqc.html",
                "preprocessing/trimgalore/fastqc/SRX11780885_trimmed_fastqc.zip",
                "preprocessing/trimgalore/fastqc/SRX11780886_trimmed_fastqc.html",
                "preprocessing/trimgalore/fastqc/SRX11780886_trimmed_fastqc.zip",
                "preprocessing/trimgalore/fastqc/SRX11780887_trimmed_fastqc.html",
                "preprocessing/trimgalore/fastqc/SRX11780887_trimmed_fastqc.zip",
                "preprocessing/trimgalore/fastqc/SRX11780888_trimmed_fastqc.html",
                "preprocessing/trimgalore/fastqc/SRX11780888_trimmed_fastqc.zip",
                "preprocessing/trimgalore/fastqc/SRX11780889_trimmed_fastqc.html",
                "preprocessing/trimgalore/fastqc/SRX11780889_trimmed_fastqc.zip",
                "preprocessing/trimgalore/fastqc/SRX11780890_trimmed_fastqc.html",
                "preprocessing/trimgalore/fastqc/SRX11780890_trimmed_fastqc.zip",
                "quantification",
                "quantification/salmon",
                "quantification/salmon/SRX11780879",
                "quantification/salmon/SRX11780879/aux_info",
                "quantification/salmon/SRX11780879/aux_info/ambig_info.tsv",
                "quantification/salmon/SRX11780879/aux_info/expected_bias.gz",
                "quantification/salmon/SRX11780879/aux_info/fld.gz",
                "quantification/salmon/SRX11780879/aux_info/meta_info.json",
                "quantification/salmon/SRX11780879/aux_info/observed_bias.gz",
                "quantification/salmon/SRX11780879/aux_info/observed_bias_3p.gz",
                "quantification/salmon/SRX11780879/cmd_info.json",
                "quantification/salmon/SRX11780879/libParams",
                "quantification/salmon/SRX11780879/libParams/flenDist.txt",
                "quantification/salmon/SRX11780879/logs",
                "quantification/salmon/SRX11780879/logs/salmon_quant.log",
                "quantification/salmon/SRX11780879/quant.genes.sf",
                "quantification/salmon/SRX11780879/quant.sf",
                "quantification/salmon/SRX11780880",
                "quantification/salmon/SRX11780880/aux_info",
                "quantification/salmon/SRX11780880/aux_info/ambig_info.tsv",
                "quantification/salmon/SRX11780880/aux_info/expected_bias.gz",
                "quantification/salmon/SRX11780880/aux_info/fld.gz",
                "quantification/salmon/SRX11780880/aux_info/meta_info.json",
                "quantification/salmon/SRX11780880/aux_info/observed_bias.gz",
                "quantification/salmon/SRX11780880/aux_info/observed_bias_3p.gz",
                "quantification/salmon/SRX11780880/cmd_info.json",
                "quantification/salmon/SRX11780880/libParams",
                "quantification/salmon/SRX11780880/libParams/flenDist.txt",
                "quantification/salmon/SRX11780880/logs",
                "quantification/salmon/SRX11780880/logs/salmon_quant.log",
                "quantification/salmon/SRX11780880/quant.genes.sf",
                "quantification/salmon/SRX11780880/quant.sf",
                "quantification/salmon/SRX11780881",
                "quantification/salmon/SRX11780881/aux_info",
                "quantification/salmon/SRX11780881/aux_info/ambig_info.tsv",
                "quantification/salmon/SRX11780881/aux_info/expected_bias.gz",
                "quantification/salmon/SRX11780881/aux_info/fld.gz",
                "quantification/salmon/SRX11780881/aux_info/meta_info.json",
                "quantification/salmon/SRX11780881/aux_info/observed_bias.gz",
                "quantification/salmon/SRX11780881/aux_info/observed_bias_3p.gz",
                "quantification/salmon/SRX11780881/cmd_info.json",
                "quantification/salmon/SRX11780881/libParams",
                "quantification/salmon/SRX11780881/libParams/flenDist.txt",
                "quantification/salmon/SRX11780881/logs",
                "quantification/salmon/SRX11780881/logs/salmon_quant.log",
                "quantification/salmon/SRX11780881/quant.genes.sf",
                "quantification/salmon/SRX11780881/quant.sf",
                "quantification/salmon/SRX11780882",
                "quantification/salmon/SRX11780882/aux_info",
                "quantification/salmon/SRX11780882/aux_info/ambig_info.tsv",
                "quantification/salmon/SRX11780882/aux_info/expected_bias.gz",
                "quantification/salmon/SRX11780882/aux_info/fld.gz",
                "quantification/salmon/SRX11780882/aux_info/meta_info.json",
                "quantification/salmon/SRX11780882/aux_info/observed_bias.gz",
                "quantification/salmon/SRX11780882/aux_info/observed_bias_3p.gz",
                "quantification/salmon/SRX11780882/cmd_info.json",
                "quantification/salmon/SRX11780882/libParams",
                "quantification/salmon/SRX11780882/libParams/flenDist.txt",
                "quantification/salmon/SRX11780882/logs",
                "quantification/salmon/SRX11780882/logs/salmon_quant.log",
                "quantification/salmon/SRX11780882/quant.genes.sf",
                "quantification/salmon/SRX11780882/quant.sf",
                "quantification/salmon/SRX11780883",
                "quantification/salmon/SRX11780883/aux_info",
                "quantification/salmon/SRX11780883/aux_info/ambig_info.tsv",
                "quantification/salmon/SRX11780883/aux_info/expected_bias.gz",
                "quantification/salmon/SRX11780883/aux_info/fld.gz",
                "quantification/salmon/SRX11780883/aux_info/meta_info.json",
                "quantification/salmon/SRX11780883/aux_info/observed_bias.gz",
                "quantification/salmon/SRX11780883/aux_info/observed_bias_3p.gz",
                "quantification/salmon/SRX11780883/cmd_info.json",
                "quantification/salmon/SRX11780883/libParams",
                "quantification/salmon/SRX11780883/libParams/flenDist.txt",
                "quantification/salmon/SRX11780883/logs",
                "quantification/salmon/SRX11780883/logs/salmon_quant.log",
                "quantification/salmon/SRX11780883/quant.genes.sf",
                "quantification/salmon/SRX11780883/quant.sf",
                "quantification/salmon/SRX11780884",
                "quantification/salmon/SRX11780884/aux_info",
                "quantification/salmon/SRX11780884/aux_info/ambig_info.tsv",
                "quantification/salmon/SRX11780884/aux_info/expected_bias.gz",
                "quantification/salmon/SRX11780884/aux_info/fld.gz",
                "quantification/salmon/SRX11780884/aux_info/meta_info.json",
                "quantification/salmon/SRX11780884/aux_info/observed_bias.gz",
                "quantification/salmon/SRX11780884/aux_info/observed_bias_3p.gz",
                "quantification/salmon/SRX11780884/cmd_info.json",
                "quantification/salmon/SRX11780884/libParams",
                "quantification/salmon/SRX11780884/libParams/flenDist.txt",
                "quantification/salmon/SRX11780884/logs",
                "quantification/salmon/SRX11780884/logs/salmon_quant.log",
                "quantification/salmon/SRX11780884/quant.genes.sf",
                "quantification/salmon/SRX11780884/quant.sf",
                "quantification/salmon/SRX11780885",
                "quantification/salmon/SRX11780885/aux_info",
                "quantification/salmon/SRX11780885/aux_info/ambig_info.tsv",
                "quantification/salmon/SRX11780885/aux_info/expected_bias.gz",
                "quantification/salmon/SRX11780885/aux_info/fld.gz",
                "quantification/salmon/SRX11780885/aux_info/meta_info.json",
                "quantification/salmon/SRX11780885/aux_info/observed_bias.gz",
                "quantification/salmon/SRX11780885/aux_info/observed_bias_3p.gz",
                "quantification/salmon/SRX11780885/cmd_info.json",
                "quantification/salmon/SRX11780885/libParams",
                "quantification/salmon/SRX11780885/libParams/flenDist.txt",
                "quantification/salmon/SRX11780885/logs",
                "quantification/salmon/SRX11780885/logs/salmon_quant.log",
                "quantification/salmon/SRX11780885/quant.genes.sf",
                "quantification/salmon/SRX11780885/quant.sf",
                "quantification/salmon/SRX11780886",
                "quantification/salmon/SRX11780886/aux_info",
                "quantification/salmon/SRX11780886/aux_info/ambig_info.tsv",
                "quantification/salmon/SRX11780886/aux_info/expected_bias.gz",
                "quantification/salmon/SRX11780886/aux_info/fld.gz",
                "quantification/salmon/SRX11780886/aux_info/meta_info.json",
                "quantification/salmon/SRX11780886/aux_info/observed_bias.gz",
                "quantification/salmon/SRX11780886/aux_info/observed_bias_3p.gz",
                "quantification/salmon/SRX11780886/cmd_info.json",
                "quantification/salmon/SRX11780886/libParams",
                "quantification/salmon/SRX11780886/libParams/flenDist.txt",
                "quantification/salmon/SRX11780886/logs",
                "quantification/salmon/SRX11780886/logs/salmon_quant.log",
                "quantification/salmon/SRX11780886/quant.genes.sf",
                "quantification/salmon/SRX11780886/quant.sf",
                "quantification/salmon/SRX11780887",
                "quantification/salmon/SRX11780887/aux_info",
                "quantification/salmon/SRX11780887/aux_info/ambig_info.tsv",
                "quantification/salmon/SRX11780887/aux_info/expected_bias.gz",
                "quantification/salmon/SRX11780887/aux_info/fld.gz",
                "quantification/salmon/SRX11780887/aux_info/meta_info.json",
                "quantification/salmon/SRX11780887/aux_info/observed_bias.gz",
                "quantification/salmon/SRX11780887/aux_info/observed_bias_3p.gz",
                "quantification/salmon/SRX11780887/cmd_info.json",
                "quantification/salmon/SRX11780887/libParams",
                "quantification/salmon/SRX11780887/libParams/flenDist.txt",
                "quantification/salmon/SRX11780887/logs",
                "quantification/salmon/SRX11780887/logs/salmon_quant.log",
                "quantification/salmon/SRX11780887/quant.genes.sf",
                "quantification/salmon/SRX11780887/quant.sf",
                "quantification/salmon/SRX11780888",
                "quantification/salmon/SRX11780888/aux_info",
                "quantification/salmon/SRX11780888/aux_info/ambig_info.tsv",
                "quantification/salmon/SRX11780888/aux_info/expected_bias.gz",
                "quantification/salmon/SRX11780888/aux_info/fld.gz",
                "quantification/salmon/SRX11780888/aux_info/meta_info.json",
                "quantification/salmon/SRX11780888/aux_info/observed_bias.gz",
                "quantification/salmon/SRX11780888/aux_info/observed_bias_3p.gz",
                "quantification/salmon/SRX11780888/cmd_info.json",
                "quantification/salmon/SRX11780888/libParams",
                "quantification/salmon/SRX11780888/libParams/flenDist.txt",
                "quantification/salmon/SRX11780888/logs",
                "quantification/salmon/SRX11780888/logs/salmon_quant.log",
                "quantification/salmon/SRX11780888/quant.genes.sf",
                "quantification/salmon/SRX11780888/quant.sf",
                "quantification/salmon/SRX11780889",
                "quantification/salmon/SRX11780889/aux_info",
                "quantification/salmon/SRX11780889/aux_info/ambig_info.tsv",
                "quantification/salmon/SRX11780889/aux_info/expected_bias.gz",
                "quantification/salmon/SRX11780889/aux_info/fld.gz",
                "quantification/salmon/SRX11780889/aux_info/meta_info.json",
                "quantification/salmon/SRX11780889/aux_info/observed_bias.gz",
                "quantification/salmon/SRX11780889/aux_info/observed_bias_3p.gz",
                "quantification/salmon/SRX11780889/cmd_info.json",
                "quantification/salmon/SRX11780889/libParams",
                "quantification/salmon/SRX11780889/libParams/flenDist.txt",
                "quantification/salmon/SRX11780889/logs",
                "quantification/salmon/SRX11780889/logs/salmon_quant.log",
                "quantification/salmon/SRX11780889/quant.genes.sf",
                "quantification/salmon/SRX11780889/quant.sf",
                "quantification/salmon/SRX11780890",
                "quantification/salmon/SRX11780890/aux_info",
                "quantification/salmon/SRX11780890/aux_info/ambig_info.tsv",
                "quantification/salmon/SRX11780890/aux_info/expected_bias.gz",
                "quantification/salmon/SRX11780890/aux_info/fld.gz",
                "quantification/salmon/SRX11780890/aux_info/meta_info.json",
                "quantification/salmon/SRX11780890/aux_info/observed_bias.gz",
                "quantification/salmon/SRX11780890/aux_info/observed_bias_3p.gz",
                "quantification/salmon/SRX11780890/cmd_info.json",
                "quantification/salmon/SRX11780890/libParams",
                "quantification/salmon/SRX11780890/libParams/flenDist.txt",
                "quantification/salmon/SRX11780890/logs",
                "quantification/salmon/SRX11780890/logs/salmon_quant.log",
                "quantification/salmon/SRX11780890/quant.genes.sf",
                "quantification/salmon/SRX11780890/quant.sf",
                "quantification/salmon/salmon.merged.gene.R_sessionInfo.log",
                "quantification/salmon/salmon.merged.gene.SummarizedExperiment.rds",
                "quantification/salmon/salmon.merged.gene.length_scaled.R_sessionInfo.log",
                "quantification/salmon/salmon.merged.gene.length_scaled.SummarizedExperiment.rds",
                "quantification/salmon/salmon.merged.gene.scaled.R_sessionInfo.log",
                "quantification/salmon/salmon.merged.gene.scaled.SummarizedExperiment.rds",
                "quantification/salmon/salmon.merged.gene_counts.tsv",
                "quantification/salmon/salmon.merged.gene_counts_length_scaled.tsv",
                "quantification/salmon/salmon.merged.gene_counts_scaled.tsv",
                "quantification/salmon/salmon.merged.gene_lengths.tsv",
                "quantification/salmon/salmon.merged.gene_tpm.tsv",
                "quantification/salmon/salmon.merged.transcript.R_sessionInfo.log",
                "quantification/salmon/salmon.merged.transcript.SummarizedExperiment.rds",
                "quantification/salmon/salmon.merged.transcript_counts.tsv",
                "quantification/salmon/salmon.merged.transcript_lengths.tsv",
                "quantification/salmon/salmon.merged.transcript_tpm.tsv",
                "quantification/tx2gene.tsv",
                "riboseq_qc",
                "riboseq_qc/ribotish",
                "riboseq_qc/ribotish/SRX11780885.para.py",
                "riboseq_qc/ribotish/SRX11780885_qual.pdf",
                "riboseq_qc/ribotish/SRX11780885_qual.txt",
                "riboseq_qc/ribotish/SRX11780886.para.py",
                "riboseq_qc/ribotish/SRX11780886_qual.pdf",
                "riboseq_qc/ribotish/SRX11780886_qual.txt",
                "riboseq_qc/ribotish/SRX11780887.para.py",
                "riboseq_qc/ribotish/SRX11780887_qual.pdf",
                "riboseq_qc/ribotish/SRX11780887_qual.txt",
                "riboseq_qc/ribotish/SRX11780888.para.py",
                "riboseq_qc/ribotish/SRX11780888_qual.pdf",
                "riboseq_qc/ribotish/SRX11780888_qual.txt",
                "riboseq_qc/ribotish/SRX11780889.para.py",
                "riboseq_qc/ribotish/SRX11780889_qual.pdf",
                "riboseq_qc/ribotish/SRX11780889_qual.txt",
                "riboseq_qc/ribotish/SRX11780890.para.py",
                "riboseq_qc/ribotish/SRX11780890_qual.pdf",
                "riboseq_qc/ribotish/SRX11780890_qual.txt",
                "ribowaltz",
                "ribowaltz/SRX11780885.best_offset.txt",
                "ribowaltz/SRX11780885.cds_coverage_psite.tsv.gz",
                "ribowaltz/SRX11780885.cds_plus42nt_minus27nt_coverage_psite.tsv.gz",
                "ribowaltz/SRX11780885.codon_coverage_psite.tsv.gz",
                "ribowaltz/SRX11780885.codon_coverage_rpf.tsv.gz",
                "ribowaltz/SRX11780885.psite.tsv.gz",
                "ribowaltz/SRX11780885.psite_offset.tsv.gz",
                "ribowaltz/SRX11780886.best_offset.txt",
                "ribowaltz/SRX11780886.cds_coverage_psite.tsv.gz",
                "ribowaltz/SRX11780886.cds_plus42nt_minus27nt_coverage_psite.tsv.gz",
                "ribowaltz/SRX11780886.codon_coverage_psite.tsv.gz",
                "ribowaltz/SRX11780886.codon_coverage_rpf.tsv.gz",
                "ribowaltz/SRX11780886.psite.tsv.gz",
                "ribowaltz/SRX11780886.psite_offset.tsv.gz",
                "ribowaltz/SRX11780887.best_offset.txt",
                "ribowaltz/SRX11780887.cds_coverage_psite.tsv.gz",
                "ribowaltz/SRX11780887.cds_plus42nt_minus27nt_coverage_psite.tsv.gz",
                "ribowaltz/SRX11780887.codon_coverage_psite.tsv.gz",
                "ribowaltz/SRX11780887.codon_coverage_rpf.tsv.gz",
                "ribowaltz/SRX11780887.psite.tsv.gz",
                "ribowaltz/SRX11780887.psite_offset.tsv.gz",
                "ribowaltz/SRX11780888.best_offset.txt",
                "ribowaltz/SRX11780888.cds_coverage_psite.tsv.gz",
                "ribowaltz/SRX11780888.cds_plus42nt_minus27nt_coverage_psite.tsv.gz",
                "ribowaltz/SRX11780888.codon_coverage_psite.tsv.gz",
                "ribowaltz/SRX11780888.codon_coverage_rpf.tsv.gz",
                "ribowaltz/SRX11780888.psite.tsv.gz",
                "ribowaltz/SRX11780888.psite_offset.tsv.gz",
                "ribowaltz/SRX11780889.best_offset.txt",
                "ribowaltz/SRX11780889.cds_coverage_psite.tsv.gz",
                "ribowaltz/SRX11780889.cds_plus42nt_minus27nt_coverage_psite.tsv.gz",
                "ribowaltz/SRX11780889.codon_coverage_psite.tsv.gz",
                "ribowaltz/SRX11780889.codon_coverage_rpf.tsv.gz",
                "ribowaltz/SRX11780889.psite.tsv.gz",
                "ribowaltz/SRX11780889.psite_offset.tsv.gz",
                "ribowaltz/SRX11780890.best_offset.txt",
                "ribowaltz/SRX11780890.cds_coverage_psite.tsv.gz",
                "ribowaltz/SRX11780890.cds_plus42nt_minus27nt_coverage_psite.tsv.gz",
                "ribowaltz/SRX11780890.codon_coverage_psite.tsv.gz",
                "ribowaltz/SRX11780890.codon_coverage_rpf.tsv.gz",
                "ribowaltz/SRX11780890.psite.tsv.gz",
                "ribowaltz/SRX11780890.psite_offset.tsv.gz",
                "ribowaltz/offset_plot",
                "ribowaltz/offset_plot/SRX11780885",
                "ribowaltz/offset_plot/SRX11780885/22.pdf",
                "ribowaltz/offset_plot/SRX11780885/23.pdf",
                "ribowaltz/offset_plot/SRX11780885/24.pdf",
                "ribowaltz/offset_plot/SRX11780885/25.pdf",
                "ribowaltz/offset_plot/SRX11780885/26.pdf",
                "ribowaltz/offset_plot/SRX11780885/27.pdf",
                "ribowaltz/offset_plot/SRX11780885/28.pdf",
                "ribowaltz/offset_plot/SRX11780885/29.pdf",
                "ribowaltz/offset_plot/SRX11780885/30.pdf",
                "ribowaltz/offset_plot/SRX11780885/31.pdf",
                "ribowaltz/offset_plot/SRX11780885/32.pdf",
                "ribowaltz/offset_plot/SRX11780885/33.pdf",
                "ribowaltz/offset_plot/SRX11780885/34.pdf",
                "ribowaltz/offset_plot/SRX11780886",
                "ribowaltz/offset_plot/SRX11780886/20.pdf",
                "ribowaltz/offset_plot/SRX11780886/21.pdf",
                "ribowaltz/offset_plot/SRX11780886/22.pdf",
                "ribowaltz/offset_plot/SRX11780886/23.pdf",
                "ribowaltz/offset_plot/SRX11780886/24.pdf",
                "ribowaltz/offset_plot/SRX11780886/25.pdf",
                "ribowaltz/offset_plot/SRX11780886/26.pdf",
                "ribowaltz/offset_plot/SRX11780886/27.pdf",
                "ribowaltz/offset_plot/SRX11780886/28.pdf",
                "ribowaltz/offset_plot/SRX11780886/29.pdf",
                "ribowaltz/offset_plot/SRX11780886/30.pdf",
                "ribowaltz/offset_plot/SRX11780886/31.pdf",
                "ribowaltz/offset_plot/SRX11780886/32.pdf",
                "ribowaltz/offset_plot/SRX11780886/33.pdf",
                "ribowaltz/offset_plot/SRX11780887",
                "ribowaltz/offset_plot/SRX11780887/20.pdf",
                "ribowaltz/offset_plot/SRX11780887/21.pdf",
                "ribowaltz/offset_plot/SRX11780887/22.pdf",
                "ribowaltz/offset_plot/SRX11780887/23.pdf",
                "ribowaltz/offset_plot/SRX11780887/24.pdf",
                "ribowaltz/offset_plot/SRX11780887/25.pdf",
                "ribowaltz/offset_plot/SRX11780887/26.pdf",
                "ribowaltz/offset_plot/SRX11780887/27.pdf",
                "ribowaltz/offset_plot/SRX11780887/28.pdf",
                "ribowaltz/offset_plot/SRX11780887/29.pdf",
                "ribowaltz/offset_plot/SRX11780887/30.pdf",
                "ribowaltz/offset_plot/SRX11780887/31.pdf",
                "ribowaltz/offset_plot/SRX11780887/32.pdf",
                "ribowaltz/offset_plot/SRX11780887/33.pdf",
                "ribowaltz/offset_plot/SRX11780887/34.pdf",
                "ribowaltz/offset_plot/SRX11780887/35.pdf",
                "ribowaltz/offset_plot/SRX11780887/36.pdf",
                "ribowaltz/offset_plot/SRX11780887/37.pdf",
                "ribowaltz/offset_plot/SRX11780887/38.pdf",
                "ribowaltz/offset_plot/SRX11780887/39.pdf",
                "ribowaltz/offset_plot/SRX11780887/40.pdf",
                "ribowaltz/offset_plot/SRX11780887/41.pdf",
                "ribowaltz/offset_plot/SRX11780888",
                "ribowaltz/offset_plot/SRX11780888/21.pdf",
                "ribowaltz/offset_plot/SRX11780888/22.pdf",
                "ribowaltz/offset_plot/SRX11780888/23.pdf",
                "ribowaltz/offset_plot/SRX11780888/24.pdf",
                "ribowaltz/offset_plot/SRX11780888/25.pdf",
                "ribowaltz/offset_plot/SRX11780888/26.pdf",
                "ribowaltz/offset_plot/SRX11780888/27.pdf",
                "ribowaltz/offset_plot/SRX11780888/28.pdf",
                "ribowaltz/offset_plot/SRX11780888/29.pdf",
                "ribowaltz/offset_plot/SRX11780888/30.pdf",
                "ribowaltz/offset_plot/SRX11780889",
                "ribowaltz/offset_plot/SRX11780889/22.pdf",
                "ribowaltz/offset_plot/SRX11780889/23.pdf",
                "ribowaltz/offset_plot/SRX11780889/24.pdf",
                "ribowaltz/offset_plot/SRX11780889/25.pdf",
                "ribowaltz/offset_plot/SRX11780889/26.pdf",
                "ribowaltz/offset_plot/SRX11780889/27.pdf",
                "ribowaltz/offset_plot/SRX11780889/28.pdf",
                "ribowaltz/offset_plot/SRX11780889/29.pdf",
                "ribowaltz/offset_plot/SRX11780889/30.pdf",
                "ribowaltz/offset_plot/SRX11780889/31.pdf",
                "ribowaltz/offset_plot/SRX11780889/32.pdf",
                "ribowaltz/offset_plot/SRX11780890",
                "ribowaltz/offset_plot/SRX11780890/21.pdf",
                "ribowaltz/offset_plot/SRX11780890/22.pdf",
                "ribowaltz/offset_plot/SRX11780890/23.pdf",
                "ribowaltz/offset_plot/SRX11780890/24.pdf",
                "ribowaltz/offset_plot/SRX11780890/25.pdf",
                "ribowaltz/offset_plot/SRX11780890/26.pdf",
                "ribowaltz/offset_plot/SRX11780890/27.pdf",
                "ribowaltz/offset_plot/SRX11780890/28.pdf",
                "ribowaltz/offset_plot/SRX11780890/29.pdf",
                "ribowaltz/offset_plot/SRX11780890/30.pdf",
                "ribowaltz/offset_plot/SRX11780890/31.pdf",
                "ribowaltz/offset_plot/SRX11780890/32.pdf",
                "ribowaltz/offset_plot/SRX11780890/33.pdf",
                "ribowaltz/ribowaltz_qc",
                "ribowaltz/ribowaltz_qc/SRX11780885.codon_usage.pdf",
                "ribowaltz/ribowaltz_qc/SRX11780885.ends_heatmap.pdf",
                "ribowaltz/ribowaltz_qc/SRX11780885.frames.pdf",
                "ribowaltz/ribowaltz_qc/SRX11780885.frames_stratified.pdf",
                "ribowaltz/ribowaltz_qc/SRX11780885.length_bins_for_psite.pdf",
                "ribowaltz/ribowaltz_qc/SRX11780885.length_distribution.pdf",
                "ribowaltz/ribowaltz_qc/SRX11780885.metaprofile_psite.pdf",
                "ribowaltz/ribowaltz_qc/SRX11780885.psite_region.pdf",
                "ribowaltz/ribowaltz_qc/SRX11780886.codon_usage.pdf",
                "ribowaltz/ribowaltz_qc/SRX11780886.ends_heatmap.pdf",
                "ribowaltz/ribowaltz_qc/SRX11780886.frames.pdf",
                "ribowaltz/ribowaltz_qc/SRX11780886.frames_stratified.pdf",
                "ribowaltz/ribowaltz_qc/SRX11780886.length_bins_for_psite.pdf",
                "ribowaltz/ribowaltz_qc/SRX11780886.length_distribution.pdf",
                "ribowaltz/ribowaltz_qc/SRX11780886.metaprofile_psite.pdf",
                "ribowaltz/ribowaltz_qc/SRX11780886.psite_region.pdf",
                "ribowaltz/ribowaltz_qc/SRX11780887.codon_usage.pdf",
                "ribowaltz/ribowaltz_qc/SRX11780887.ends_heatmap.pdf",
                "ribowaltz/ribowaltz_qc/SRX11780887.frames.pdf",
                "ribowaltz/ribowaltz_qc/SRX11780887.frames_stratified.pdf",
                "ribowaltz/ribowaltz_qc/SRX11780887.length_bins_for_psite.pdf",
                "ribowaltz/ribowaltz_qc/SRX11780887.length_distribution.pdf",
                "ribowaltz/ribowaltz_qc/SRX11780887.metaprofile_psite.pdf",
                "ribowaltz/ribowaltz_qc/SRX11780887.psite_region.pdf",
                "ribowaltz/ribowaltz_qc/SRX11780888.codon_usage.pdf",
                "ribowaltz/ribowaltz_qc/SRX11780888.ends_heatmap.pdf",
                "ribowaltz/ribowaltz_qc/SRX11780888.frames.pdf",
                "ribowaltz/ribowaltz_qc/SRX11780888.frames_stratified.pdf",
                "ribowaltz/ribowaltz_qc/SRX11780888.length_bins_for_psite.pdf",
                "ribowaltz/ribowaltz_qc/SRX11780888.length_distribution.pdf",
                "ribowaltz/ribowaltz_qc/SRX11780888.metaprofile_psite.pdf",
                "ribowaltz/ribowaltz_qc/SRX11780888.psite_region.pdf",
                "ribowaltz/ribowaltz_qc/SRX11780889.codon_usage.pdf",
                "ribowaltz/ribowaltz_qc/SRX11780889.ends_heatmap.pdf",
                "ribowaltz/ribowaltz_qc/SRX11780889.frames.pdf",
                "ribowaltz/ribowaltz_qc/SRX11780889.frames_stratified.pdf",
                "ribowaltz/ribowaltz_qc/SRX11780889.length_bins_for_psite.pdf",
                "ribowaltz/ribowaltz_qc/SRX11780889.length_distribution.pdf",
                "ribowaltz/ribowaltz_qc/SRX11780889.metaprofile_psite.pdf",
                "ribowaltz/ribowaltz_qc/SRX11780889.psite_region.pdf",
                "ribowaltz/ribowaltz_qc/SRX11780890.codon_usage.pdf",
                "ribowaltz/ribowaltz_qc/SRX11780890.ends_heatmap.pdf",
                "ribowaltz/ribowaltz_qc/SRX11780890.frames.pdf",
                "ribowaltz/ribowaltz_qc/SRX11780890.frames_stratified.pdf",
                "ribowaltz/ribowaltz_qc/SRX11780890.length_bins_for_psite.pdf",
                "ribowaltz/ribowaltz_qc/SRX11780890.length_distribution.pdf",
                "ribowaltz/ribowaltz_qc/SRX11780890.metaprofile_psite.pdf",
                "ribowaltz/ribowaltz_qc/SRX11780890.psite_region.pdf",
                "translational_efficiency",
                "translational_efficiency/anota2seq",
                "translational_efficiency/anota2seq/treated_vs_control.Anota2seqDataSet.rds",
                "translational_efficiency/anota2seq/treated_vs_control.R_sessionInfo.log",
                "translational_efficiency/anota2seq/treated_vs_control.buffering.anota2seq.results.tsv",
                "translational_efficiency/anota2seq/treated_vs_control.fold_change.png",
                "translational_efficiency/anota2seq/treated_vs_control.interaction_p_distribution.pdf",
                "translational_efficiency/anota2seq/treated_vs_control.mRNA_abundance.anota2seq.results.tsv",
                "translational_efficiency/anota2seq/treated_vs_control.residual_distribution_summary.jpeg",
                "translational_efficiency/anota2seq/treated_vs_control.residual_vs_fitted.jpeg",
                "translational_efficiency/anota2seq/treated_vs_control.rvm_fit_for_all_contrasts_group.jpg",
                "translational_efficiency/anota2seq/treated_vs_control.rvm_fit_for_interactions.jpg",
                "translational_efficiency/anota2seq/treated_vs_control.rvm_fit_for_omnibus_group.jpg",
                "translational_efficiency/anota2seq/treated_vs_control.simulated_vs_obt_dfbetas_without_interaction.pdf",
                "translational_efficiency/anota2seq/treated_vs_control.total_mRNA.anota2seq.results.tsv",
                "translational_efficiency/anota2seq/treated_vs_control.translated_mRNA.anota2seq.results.tsv",
                "translational_efficiency/anota2seq/treated_vs_control.translation.anota2seq.results.tsv"
            ],
            [
                "SRX11780879.SJ.out.tab:md5,b5239565ecf18cd55147a4e67d7db3a2",
                "SRX11780880.SJ.out.tab:md5,038e59dcccdbff0c1fbaef2215beb360",
                "SRX11780881.SJ.out.tab:md5,c9633084d663d086365d943e30928170",
                "SRX11780882.SJ.out.tab:md5,9519eb9c3a7cb9541a21dd74ef4ecee8",
                "SRX11780883.SJ.out.tab:md5,0f5dbfd68c8e467ccaae388fe7dec652",
                "SRX11780884.SJ.out.tab:md5,02b0a2c04c1ca6bc87d43c209a29b1d1",
                "SRX11780885.SJ.out.tab:md5,d82f2a7b61f316daa135b9579ed5940a",
                "SRX11780886.SJ.out.tab:md5,ab84e0e7962f29dfd83e3fc0f2483950",
                "SRX11780887.SJ.out.tab:md5,23c2574fd7f296fc76ace3eea3a64f3c",
                "SRX11780888.SJ.out.tab:md5,c2760a67f8088eefaad8a02563042c93",
                "SRX11780889.SJ.out.tab:md5,03dad0ce6ec47122c178ece8e8d20d5b",
                "SRX11780890.SJ.out.tab:md5,ea0f27eb1a8e4e8985cbe3e419492640",
                "SRX11780879.genome.sorted.bam.flagstat:md5,f9f7819ec0a9436bb411012bf9d9186f",
                "SRX11780879.genome.sorted.bam.idxstats:md5,b0e56d0944762d792ed9de03b467f960",
                "SRX11780879.transcriptome.sorted.bam.flagstat:md5,7b79d4e88d137a970ad035f2b7127bd1",
                "SRX11780879.transcriptome.sorted.bam.idxstats:md5,446718b4308757c0235fa6d822d65a11",
                "SRX11780880.genome.sorted.bam.flagstat:md5,216185dcf5fceadb158c0dc66db3373a",
                "SRX11780880.genome.sorted.bam.idxstats:md5,354b345a0382a3f2a95b2d435348edea",
                "SRX11780880.transcriptome.sorted.bam.flagstat:md5,5aa78cb497c3aa4aa36ca09fc1ac4837",
                "SRX11780880.transcriptome.sorted.bam.idxstats:md5,73a7a4613fb1ebb269527612dd40ce7d",
                "SRX11780881.genome.sorted.bam.flagstat:md5,bde3c8a006c7bf5500beedb20956b305",
                "SRX11780881.genome.sorted.bam.idxstats:md5,12e8f2dc8f6dfced01e5f4a57b000026",
                "SRX11780881.transcriptome.sorted.bam.flagstat:md5,75c8b74c9d389b3040244d86d2f67f4d",
                "SRX11780881.transcriptome.sorted.bam.idxstats:md5,c634f49be8ee6c2c171109efe95c9fba",
                "SRX11780882.genome.sorted.bam.flagstat:md5,5585b9426e90d9d15d87e381c4942683",
                "SRX11780882.genome.sorted.bam.idxstats:md5,746e08d697ad33d6dfd4c9faf156a500",
                "SRX11780882.transcriptome.sorted.bam.flagstat:md5,fff254c3600cc863c002e3a814490eff",
                "SRX11780882.transcriptome.sorted.bam.idxstats:md5,680d66f1b697fa80b371c2177a2d6238",
                "SRX11780883.genome.sorted.bam.flagstat:md5,814f7fcf9dfcab20c5ccb492cabb7867",
                "SRX11780883.genome.sorted.bam.idxstats:md5,ce783238e36862303a87d037b15986c7",
                "SRX11780883.transcriptome.sorted.bam.flagstat:md5,0ae63483e25c9f1ecc5c2b2fe67263c6",
                "SRX11780883.transcriptome.sorted.bam.idxstats:md5,aa39fe437ff482e7339d2849592540c0",
                "SRX11780884.genome.sorted.bam.flagstat:md5,e0a47f3ccf41739cbc7bab537b4d07cd",
                "SRX11780884.genome.sorted.bam.idxstats:md5,a5cd2e5036158a3dcf5dfef60cad2b88",
                "SRX11780884.transcriptome.sorted.bam.flagstat:md5,6e43c31421f32b0c1c459cab700ab053",
                "SRX11780884.transcriptome.sorted.bam.idxstats:md5,6070e91fff7d1689e4b684e45a103a86",
                "SRX11780885.genome.sorted.bam.flagstat:md5,3a4bfe834531cf2bf8a31452ebb3dc83",
                "SRX11780885.genome.sorted.bam.idxstats:md5,7efc96210462bd41f76341fefaa7962c",
                "SRX11780885.transcriptome.sorted.bam.flagstat:md5,de2ec33b6ad245a00a660b09895b4d4f",
                "SRX11780885.transcriptome.sorted.bam.idxstats:md5,6a3a349c1109e1bcc743a4aed10b3d1d",
                "SRX11780886.genome.sorted.bam.flagstat:md5,dd8b5627a356ea26495016ab1fc6c657",
                "SRX11780886.genome.sorted.bam.idxstats:md5,7a7104c244c365aa19a56663a696c08b",
                "SRX11780886.transcriptome.sorted.bam.flagstat:md5,0be74cf9f6bed2280552dcbfa655f9b2",
                "SRX11780886.transcriptome.sorted.bam.idxstats:md5,5c027090613fb4c5eb6587cf05a4134c",
                "SRX11780887.genome.sorted.bam.flagstat:md5,06b02635a55a892f12281e200fefc956",
                "SRX11780887.genome.sorted.bam.idxstats:md5,3c91f0401dcafb370f1eb8370d5a3bf0",
                "SRX11780887.transcriptome.sorted.bam.flagstat:md5,f8081db1e2ce4a93f3f1949312788a1c",
                "SRX11780887.transcriptome.sorted.bam.idxstats:md5,3d420c9fd82f7b4e062cf7aab05964cf",
                "SRX11780888.genome.sorted.bam.flagstat:md5,b78ede2ac5fcd1e81cf23b29e8fb7b86",
                "SRX11780888.genome.sorted.bam.idxstats:md5,2b9c81c50b6ead20298fa10047b06fd7",
                "SRX11780888.transcriptome.sorted.bam.flagstat:md5,88c094e72412521871bc2da24227f109",
                "SRX11780888.transcriptome.sorted.bam.idxstats:md5,68477ac3d0ea74744af3dcf9caa9dd6a",
                "SRX11780889.genome.sorted.bam.flagstat:md5,072c8625dbe1148e6d5a67312e0a452a",
                "SRX11780889.genome.sorted.bam.idxstats:md5,4ac03aa77b1ed491263e752983145192",
                "SRX11780889.transcriptome.sorted.bam.flagstat:md5,56f79b3bfe40bdf8cc95be6d5891d482",
                "SRX11780889.transcriptome.sorted.bam.idxstats:md5,aef7f6238e6b2158da4a22741dba50eb",
                "SRX11780890.genome.sorted.bam.flagstat:md5,23bf016733b6965c1869a6d869ba1dce",
                "SRX11780890.genome.sorted.bam.idxstats:md5,ddf523e4a8f0c5bd1a34f8f689cd4ae6",
                "SRX11780890.transcriptome.sorted.bam.flagstat:md5,a1ea1f12badc1db07cecb4633c6229e0",
                "SRX11780890.transcriptome.sorted.bam.idxstats:md5,2153eb76d34dfd9b2be396c919081871",
                "cutadapt_filtered_reads_plot.txt:md5,ff95c965185e62ff5914a5c60e7a268f",
                "cutadapt_trimmed_sequences_plot_3_Counts.txt:md5,319e9bb90c170c4b0207d644926bf69a",
                "cutadapt_trimmed_sequences_plot_3_Obs_Exp.txt:md5,6ed5bbd0961572352d1614cc1f25f29d",
                "fastqc-1-status-check-heatmap.txt:md5,a0e26481ceebf69ed7540a8e103526aa",
                "fastqc-1_overrepresented_sequences_plot.txt:md5,955f7e738937929fc26aba2de54ca404",
                "fastqc-1_per_base_n_content_plot.txt:md5,fa8a68d48b6776dc76645fa412d06490",
                "fastqc-1_per_base_sequence_quality_plot.txt:md5,f98b44d67d52434ea97e243cefe3e080",
                "fastqc-1_per_sequence_gc_content_plot_Counts.txt:md5,9a973946f1692516940ab3f5efea44ce",
                "fastqc-1_per_sequence_gc_content_plot_Percentages.txt:md5,3b4c25caf665d95a61ae8dd5e9bae84a",
                "fastqc-1_per_sequence_quality_scores_plot.txt:md5,c5366f0520a574d6749ef03e9e748aa2",
                "fastqc-1_sequence_counts_plot.txt:md5,07490905b4b62f87d92c26f792eef7a0",
                "fastqc-1_sequence_duplication_levels_plot.txt:md5,8f7b7d1921ed8b6302196876dd36a3f5",
                "fastqc-status-check-heatmap.txt:md5,a0e26481ceebf69ed7540a8e103526aa",
                "fastqc_overrepresented_sequences_plot.txt:md5,ba7c244b0a7cd7f591b8493f2927ea7d",
                "fastqc_per_base_n_content_plot.txt:md5,ec70b184c102884d089ebcca0cac7216",
                "fastqc_per_base_sequence_quality_plot.txt:md5,c8af81414843457b45cd1dfe83c49433",
                "fastqc_per_sequence_gc_content_plot_Counts.txt:md5,47955155853de1e04ca812820b8fee8c",
                "fastqc_per_sequence_gc_content_plot_Percentages.txt:md5,0e78eba9f1b8f63f5388c7078c41b302",
                "fastqc_per_sequence_quality_scores_plot.txt:md5,609c48f48499de206085509d4dd29b8a",
                "fastqc_sequence_counts_plot.txt:md5,cbb44b6eb726b00e041237476214b275",
                "fastqc_sequence_duplication_levels_plot.txt:md5,77d6e3d36b8c93f25e2d4cdbadd018d3",
                "fastqc_sequence_length_distribution_plot.txt:md5,d3f33f3eda7927b061fc3cdec99e8f4e",
                "multiqc_citations.txt:md5,551bfb86fb65a85827dc3dc29cf206ad",
                "multiqc_cutadapt.txt:md5,e6031ab468a23c95b6989a6ce9e081f5",
                "multiqc_fastqc.txt:md5,435f987c78b50ab1dfe18640246f580b",
                "multiqc_fastqc_fastqc-1.txt:md5,c8ce8940114de9321e6de124b6cb4c18",
                "multiqc_samtools_flagstat.txt:md5,c391c7b07d5c43b1295d1fbd7d9569be",
                "multiqc_samtools_idxstats.txt:md5,f8a3738b2c854196a937e7f4f7c37a07",
                "multiqc_samtools_stats.txt:md5,aa86208792bcdfd2b0eb7a27025dbeb5",
                "multiqc_sortmerna.txt:md5,c8afeeb1affb9ae109ae2a9204c67d1f",
                "multiqc_star.txt:md5,9bd355c06526d23fa2bb0fcd931d146c",
                "samtools-flagstat-pct-table.txt:md5,829c635a25a0b09dd18f6b176a7de6a4",
                "samtools-flagstat-table.txt:md5,8be3aa5f257624ab7451e114f2fae6fb",
                "samtools-idxstats-mapped-reads-plot_Normalised_Counts.txt:md5,e190f1c225e3e68f6f6bc4fd8c4a32ea",
                "samtools-idxstats-mapped-reads-plot_Observed_over_Expected_Counts.txt:md5,e190f1c225e3e68f6f6bc4fd8c4a32ea",
                "samtools-idxstats-mapped-reads-plot_Raw_Counts.txt:md5,b62053c7f0da029e918d7c49d7ebb0e8",
                "samtools-stats-dp.txt:md5,72d5f51f9e26138094fca2c1fa950c7d",
                "samtools_alignment_plot.txt:md5,6c1e40d75ab684fe7bbbc038ca91b28c",
                "sortmerna-detailed-plot.txt:md5,d0cc4193a236b22a937bec41d5877aed",
                "star_alignment_plot.txt:md5,611cda02b21bc9f20421ce4b60da5133",
                "star_summary_table.txt:md5,31b485526cd8c9e7d65ce27a5d9ed043",
                "SRX11780885_all.txt:md5,3fa23521053d110288ad69453c49920f",
                "SRX11780885_pred.txt:md5,9931923309fc2c518f374225fd287448",
                "SRX11780885_transprofile.py:md5,a5056727040a5fa0342be231fea287f9",
                "SRX11780886_all.txt:md5,7be8efe7dd8f12edec40fd8ca69f77c4",
                "SRX11780886_pred.txt:md5,a74ec6f7603afcb94692416d9ab5f399",
                "SRX11780886_transprofile.py:md5,f9b3ac82b91565d08e58353eb159d8c5",
                "SRX11780887_all.txt:md5,b06c6ab1c41373c0b8a000893a51eb20",
                "SRX11780887_pred.txt:md5,86813277afcdbde15e8f8fb9a07a535f",
                "SRX11780887_transprofile.py:md5,ce46b13d566e11c72cfb44a430274fe4",
                "SRX11780888_all.txt:md5,74588938b1dd11d04002de5dd7f3daee",
                "SRX11780888_pred.txt:md5,74588938b1dd11d04002de5dd7f3daee",
                "SRX11780888_transprofile.py:md5,551d2a8f759a7939aea18a49011dad81",
                "SRX11780889_all.txt:md5,c5fb17e22ab4499d6c9dc365479a2ec8",
                "SRX11780889_pred.txt:md5,c5fb17e22ab4499d6c9dc365479a2ec8",
                "SRX11780889_transprofile.py:md5,910f67917c44f28dd64cf32d28a14e89",
                "SRX11780890_all.txt:md5,0501a247b91bb842affb856da4092c47",
                "SRX11780890_pred.txt:md5,0501a247b91bb842affb856da4092c47",
                "SRX11780890_transprofile.py:md5,7fbb49477efdbfdaff1cbd98f8442fa1",
                "allsamples_all.txt:md5,fcdb19d5389596185db2ebce2663cd94",
                "allsamples_pred.txt:md5,fcdb19d5389596185db2ebce2663cd94",
                "allsamples_transprofile.py:md5,10add18b7c9d626042b8980ee896adb9",
                "expected_bias.gz:md5,3407f87245d0003e0ffbfdf6d8c04f20",
                "observed_bias.gz:md5,92bcd0592d22a6a58d0360fc76103e56",
                "observed_bias_3p.gz:md5,92bcd0592d22a6a58d0360fc76103e56",
                "cmd_info.json:md5,6f65b2d19c194257f0a1d4a4c94638c4",
                "expected_bias.gz:md5,3407f87245d0003e0ffbfdf6d8c04f20",
                "observed_bias.gz:md5,92bcd0592d22a6a58d0360fc76103e56",
                "observed_bias_3p.gz:md5,92bcd0592d22a6a58d0360fc76103e56",
                "cmd_info.json:md5,b3966f0c1b155e828ca27346514258c6",
                "expected_bias.gz:md5,3407f87245d0003e0ffbfdf6d8c04f20",
                "observed_bias.gz:md5,92bcd0592d22a6a58d0360fc76103e56",
                "observed_bias_3p.gz:md5,92bcd0592d22a6a58d0360fc76103e56",
                "cmd_info.json:md5,e070dd187036282db3d7c91c4d5b6391",
                "expected_bias.gz:md5,3407f87245d0003e0ffbfdf6d8c04f20",
                "observed_bias.gz:md5,92bcd0592d22a6a58d0360fc76103e56",
                "observed_bias_3p.gz:md5,92bcd0592d22a6a58d0360fc76103e56",
                "cmd_info.json:md5,48b1a439ec8308b67a6792534544b890",
                "expected_bias.gz:md5,3407f87245d0003e0ffbfdf6d8c04f20",
                "observed_bias.gz:md5,92bcd0592d22a6a58d0360fc76103e56",
                "observed_bias_3p.gz:md5,92bcd0592d22a6a58d0360fc76103e56",
                "cmd_info.json:md5,adfd3cb81daea421237620e6ca3f531b",
                "expected_bias.gz:md5,3407f87245d0003e0ffbfdf6d8c04f20",
                "observed_bias.gz:md5,92bcd0592d22a6a58d0360fc76103e56",
                "observed_bias_3p.gz:md5,92bcd0592d22a6a58d0360fc76103e56",
                "cmd_info.json:md5,4587d0376f49d9c12d6eb5591a3456b7",
                "expected_bias.gz:md5,3407f87245d0003e0ffbfdf6d8c04f20",
                "observed_bias.gz:md5,92bcd0592d22a6a58d0360fc76103e56",
                "observed_bias_3p.gz:md5,92bcd0592d22a6a58d0360fc76103e56",
                "cmd_info.json:md5,a4f3b7e7d7ee86e79d49fff1626ed414",
                "expected_bias.gz:md5,3407f87245d0003e0ffbfdf6d8c04f20",
                "observed_bias.gz:md5,92bcd0592d22a6a58d0360fc76103e56",
                "observed_bias_3p.gz:md5,92bcd0592d22a6a58d0360fc76103e56",
                "cmd_info.json:md5,501c2211af8b25cd5806c734f3ea0a71",
                "expected_bias.gz:md5,3407f87245d0003e0ffbfdf6d8c04f20",
                "observed_bias.gz:md5,92bcd0592d22a6a58d0360fc76103e56",
                "observed_bias_3p.gz:md5,92bcd0592d22a6a58d0360fc76103e56",
                "cmd_info.json:md5,255e1a32f4786fbb87be4f7ba93e4828",
                "expected_bias.gz:md5,3407f87245d0003e0ffbfdf6d8c04f20",
                "observed_bias.gz:md5,92bcd0592d22a6a58d0360fc76103e56",
                "observed_bias_3p.gz:md5,92bcd0592d22a6a58d0360fc76103e56",
                "cmd_info.json:md5,301cb14dd2c198675362c95d21b59a13",
                "expected_bias.gz:md5,3407f87245d0003e0ffbfdf6d8c04f20",
                "observed_bias.gz:md5,92bcd0592d22a6a58d0360fc76103e56",
                "observed_bias_3p.gz:md5,92bcd0592d22a6a58d0360fc76103e56",
                "cmd_info.json:md5,0a2e26bb05dc897dd09c1ae2992fc257",
                "expected_bias.gz:md5,3407f87245d0003e0ffbfdf6d8c04f20",
                "observed_bias.gz:md5,92bcd0592d22a6a58d0360fc76103e56",
                "observed_bias_3p.gz:md5,92bcd0592d22a6a58d0360fc76103e56",
                "cmd_info.json:md5,03027aa427a3011a31a37cf56ce8a734",
                "salmon.merged.gene.R_sessionInfo.log:md5,f477425bc8f6d07a9b47d4aaf953f3ce",
                "salmon.merged.gene.length_scaled.R_sessionInfo.log:md5,f477425bc8f6d07a9b47d4aaf953f3ce",
                "salmon.merged.gene.scaled.R_sessionInfo.log:md5,f477425bc8f6d07a9b47d4aaf953f3ce",
                "salmon.merged.transcript.R_sessionInfo.log:md5,f477425bc8f6d07a9b47d4aaf953f3ce",
                "tx2gene.tsv:md5,ca8bc3fbff91c83c6545743011e589d7",
                "SRX11780885.para.py:md5,eafd8adc28a00e3a1cd5d42e3b648cac",
                "SRX11780885_qual.txt:md5,9aa8806905671583715f423bff141cbd",
                "SRX11780886.para.py:md5,14b1693f16209134253436e2346201fe",
                "SRX11780886_qual.txt:md5,531ef97df7bc9932d86e04caa71649bc",
                "SRX11780887.para.py:md5,eafd8adc28a00e3a1cd5d42e3b648cac",
                "SRX11780887_qual.txt:md5,0ec2b657898486a56c10cd6568977708",
                "SRX11780888.para.py:md5,98e9611ca1a2a3f7b360589d01a577d3",
                "SRX11780888_qual.txt:md5,0a964e16bda3da3c89730fa64d7f4b79",
                "SRX11780889.para.py:md5,61738f3e93a6fc2e6f7b6d201f6a59ba",
                "SRX11780889_qual.txt:md5,4c567c2c47eb52bf81e514a39eb5a695",
                "SRX11780890.para.py:md5,5f1696c5bf20116fa63363917e131284",
                "SRX11780890_qual.txt:md5,0f761538ecafb2718bd781c6e1fb7dc1",
                "SRX11780885.best_offset.txt:md5,1e6611858fd98bf4384cb121afb6707c",
                "SRX11780885.cds_coverage_psite.tsv.gz:md5,f9d49b4c82a8b3e5b521441e9df4cc86",
                "SRX11780885.cds_plus42nt_minus27nt_coverage_psite.tsv.gz:md5,87c80db54f46aac956f46a3ae09b23bc",
                "SRX11780885.codon_coverage_psite.tsv.gz:md5,8a759875e7dbbf39d3720f732713678a",
                "SRX11780885.codon_coverage_rpf.tsv.gz:md5,afbf801cb1ba85f404978098e572901d",
                "SRX11780885.psite.tsv.gz:md5,517cfb43200a4d77598e7cea3d654460",
                "SRX11780885.psite_offset.tsv.gz:md5,8a9c12f2e2ed8ab033b0ef6094706e73",
                "SRX11780886.best_offset.txt:md5,787599a080c37b7d6eda470c13cc2563",
                "SRX11780886.cds_coverage_psite.tsv.gz:md5,3f9a35c6f34c0db4754e8a1662faa0b5",
                "SRX11780886.cds_plus42nt_minus27nt_coverage_psite.tsv.gz:md5,9b15a2401a9f0e42c060526f85596d8b",
                "SRX11780886.codon_coverage_psite.tsv.gz:md5,7aec8c79793692acd49c7858bce2b579",
                "SRX11780886.codon_coverage_rpf.tsv.gz:md5,3e50a00b6520665c165e4c3fce19e5f1",
                "SRX11780886.psite.tsv.gz:md5,78de44e6dbda8f3914d52a068acde6bd",
                "SRX11780886.psite_offset.tsv.gz:md5,78798ac87401d666552fd6145abe58c7",
                "SRX11780887.best_offset.txt:md5,827cbf2c4231dd868dc6f93f8b6e83b0",
                "SRX11780887.cds_coverage_psite.tsv.gz:md5,d7f669652ce332ab4ebcb742a72dfcf2",
                "SRX11780887.cds_plus42nt_minus27nt_coverage_psite.tsv.gz:md5,4fdbeb658fd750c97873f0a2d64ec3ef",
                "SRX11780887.codon_coverage_psite.tsv.gz:md5,770a832bc98809a2c6ee4250dab64731",
                "SRX11780887.codon_coverage_rpf.tsv.gz:md5,56e1fad3c99f046eddb6fba8d8788ce9",
                "SRX11780887.psite.tsv.gz:md5,7e510dc502bdf00f58c165237683cead",
                "SRX11780887.psite_offset.tsv.gz:md5,13629f9d786422375982dda7db270991",
                "SRX11780888.best_offset.txt:md5,df1bd7c66c950c943d200199d072f808",
                "SRX11780888.cds_coverage_psite.tsv.gz:md5,90e082f11c75a08d17bbd3eba354b6c1",
                "SRX11780888.cds_plus42nt_minus27nt_coverage_psite.tsv.gz:md5,26fb1fddeb9db9f4b46e027537af491b",
                "SRX11780888.codon_coverage_psite.tsv.gz:md5,1053bfe91da54816c224a897ac7226d2",
                "SRX11780888.codon_coverage_rpf.tsv.gz:md5,bbd3e94215437a9d89bf61a3bfd5d49f",
                "SRX11780888.psite.tsv.gz:md5,f47672a5ec625ad56ad0cd9f9e06003a",
                "SRX11780888.psite_offset.tsv.gz:md5,6a8a86976ef7e185db81c2cb7e04014e",
                "SRX11780889.best_offset.txt:md5,d01cc2839b5415179f8f02b1fe583698",
                "SRX11780889.cds_coverage_psite.tsv.gz:md5,e4f51321acf53ea0610e89fe1f718759",
                "SRX11780889.cds_plus42nt_minus27nt_coverage_psite.tsv.gz:md5,62d1ad2c5d06dcc2f5e4b38037bac919",
                "SRX11780889.codon_coverage_psite.tsv.gz:md5,41ff3b1b94ed30b310bf62d110c1b671",
                "SRX11780889.codon_coverage_rpf.tsv.gz:md5,0365460ff32f54ef97582566cd41803a",
                "SRX11780889.psite.tsv.gz:md5,3650517af0545d8b522a4cadc7a9d380",
                "SRX11780889.psite_offset.tsv.gz:md5,b8f5920532f631997588149a2b4e1e48",
                "SRX11780890.best_offset.txt:md5,93ce9d385b8261eea0e90611cb1fa968",
                "SRX11780890.cds_coverage_psite.tsv.gz:md5,ed927c97e107476fc1b86b6af1a10e27",
                "SRX11780890.cds_plus42nt_minus27nt_coverage_psite.tsv.gz:md5,e51b52241818e27eb6f194af36dfc15a",
                "SRX11780890.codon_coverage_psite.tsv.gz:md5,948e954e45f3f4beb19b0aa1adc384b2",
                "SRX11780890.codon_coverage_rpf.tsv.gz:md5,fc28b1c4b672c3f94111a27392a0fa9c",
                "SRX11780890.psite.tsv.gz:md5,163ab7bbceea7f1e55361552b295e56c",
                "SRX11780890.psite_offset.tsv.gz:md5,b42eac3c4b9e4c9b0af3be1aeb87907b",
                "treated_vs_control.R_sessionInfo.log:md5,3623a50b4668bfebf502bf7080800996"
            ]
        ],
        "meta": {
            "nf-test": "0.9.3",
            "nextflow": "25.10.2"
        },
        "timestamp": "2025-12-04T12:31:30.777017688"
    }
}