{
    "-profile test --translational_efficiency_method deltate": {
        "content": [
            {
                "BOWTIE2_ALIGN": {
                    "bowtie2": "2.5.4",
                    "pigz": 2.8,
                    "samtools": 1.21
                },
                "BOWTIE2_ALIGN_PE": {
                    "bowtie2": "2.5.4",
                    "pigz": 2.8,
                    "samtools": 1.21
                },
                "BOWTIE2_BUILD": {
                    "bowtie2": "2.5.4"
                },
                "CUSTOM_GETCHROMSIZES": {
                    "getchromsizes": 1.21
                },
                "CUSTOM_TX2GENE": {
                    "python": "3.10.4"
                },
                "DESEQ2_DELTATE": {
                    "bioconductor-deseq2": "1.42.0",
                    "r-data.table": "1.15.0",
                    "r-dplyr": "1.1.4",
                    "r-ggplot2": "3.4.4"
                },
                "FQ_LINT": {
                    "fq": "0.12.0 (2024-07-08)"
                },
                "FQ_SUBSAMPLE": {
                    "fq": "0.12.0 (2024-07-08)"
                },
                "GTF_FILTER": {
                    "python": "3.9.5"
                },
                "GUNZIP_FASTA": {
                    "gunzip": 1.13
                },
                "MAKE_TRANSCRIPTS_FASTA": {
                    "rsem": "1.3.1",
                    "star": "2.7.10a"
                },
                "RIBOTISH_PREDICT_ALL": {
                    "ribotish": "0.2.7"
                },
                "RIBOTISH_PREDICT_INDIVIDUAL": {
                    "ribotish": "0.2.7"
                },
                "RIBOTISH_QUALITY_RIBOSEQ": {
                    "ribotish": "0.2.7"
                },
                "RIBOWALTZ": {
                    "bioconductor-genomicfeatures": "1.54.1",
                    "bioconductor-ribowaltz": 2.0,
                    "r-base": "4.3.2",
                    "r-dplyr": "1.1.4"
                },
                "SALMON_INDEX": {
                    "salmon": "1.10.3"
                },
                "SALMON_QUANT": {
                    "salmon": "1.10.3"
                },
                "SAMTOOLS_FASTQ_BOWTIE2": {
                    "samtools": "1.22.1"
                },
                "SAMTOOLS_FLAGSTAT": {
                    "samtools": 1.21
                },
                "SAMTOOLS_IDXSTATS": {
                    "samtools": 1.21
                },
                "SAMTOOLS_INDEX": {
                    "samtools": 1.21
                },
                "SAMTOOLS_SORT": {
                    "samtools": 1.21
                },
                "SAMTOOLS_STATS": {
                    "samtools": 1.21
                },
                "SEQKIT_REPLACE": {
                    "seqkit": "2.9.0"
                },
                "SEQKIT_REPLACE_U2T": {
                    "seqkit": "2.9.0"
                },
                "SE_GENE_UNIFIED": {
                    "bioconductor-summarizedexperiment": "1.32.0"
                },
                "SE_TRANSCRIPT_UNIFIED": {
                    "bioconductor-summarizedexperiment": "1.32.0"
                },
                "STAR_ALIGN": {
                    "gawk": "5.1.0",
                    "samtools": 1.21,
                    "star": "2.7.11b"
                },
                "STAR_GENOMEGENERATE": {
                    "gawk": "5.1.0",
                    "samtools": 1.21,
                    "star": "2.7.11b"
                },
                "TRIMGALORE": {
                    "cutadapt": 4.9,
                    "pigz": 2.8,
                    "trimgalore": "0.6.10"
                },
                "TXIMETA_TXIMPORT": {
                    "bioconductor-tximeta": "1.20.1"
                },
                "Workflow": {
                    "nf-core/riboseq": "v1.3.0dev"
                }
            },
            [
                "alignment",
                "alignment/star",
                "alignment/star/log",
                "alignment/star/log/SRX11780879.Log.final.out",
                "alignment/star/log/SRX11780879.Log.out",
                "alignment/star/log/SRX11780879.Log.progress.out",
                "alignment/star/log/SRX11780879.SJ.out.tab",
                "alignment/star/log/SRX11780880.Log.final.out",
                "alignment/star/log/SRX11780880.Log.out",
                "alignment/star/log/SRX11780880.Log.progress.out",
                "alignment/star/log/SRX11780880.SJ.out.tab",
                "alignment/star/log/SRX11780881.Log.final.out",
                "alignment/star/log/SRX11780881.Log.out",
                "alignment/star/log/SRX11780881.Log.progress.out",
                "alignment/star/log/SRX11780881.SJ.out.tab",
                "alignment/star/log/SRX11780882.Log.final.out",
                "alignment/star/log/SRX11780882.Log.out",
                "alignment/star/log/SRX11780882.Log.progress.out",
                "alignment/star/log/SRX11780882.SJ.out.tab",
                "alignment/star/log/SRX11780883.Log.final.out",
                "alignment/star/log/SRX11780883.Log.out",
                "alignment/star/log/SRX11780883.Log.progress.out",
                "alignment/star/log/SRX11780883.SJ.out.tab",
                "alignment/star/log/SRX11780884.Log.final.out",
                "alignment/star/log/SRX11780884.Log.out",
                "alignment/star/log/SRX11780884.Log.progress.out",
                "alignment/star/log/SRX11780884.SJ.out.tab",
                "alignment/star/log/SRX11780885.Log.final.out",
                "alignment/star/log/SRX11780885.Log.out",
                "alignment/star/log/SRX11780885.Log.progress.out",
                "alignment/star/log/SRX11780885.SJ.out.tab",
                "alignment/star/log/SRX11780886.Log.final.out",
                "alignment/star/log/SRX11780886.Log.out",
                "alignment/star/log/SRX11780886.Log.progress.out",
                "alignment/star/log/SRX11780886.SJ.out.tab",
                "alignment/star/log/SRX11780887.Log.final.out",
                "alignment/star/log/SRX11780887.Log.out",
                "alignment/star/log/SRX11780887.Log.progress.out",
                "alignment/star/log/SRX11780887.SJ.out.tab",
                "alignment/star/log/SRX11780888.Log.final.out",
                "alignment/star/log/SRX11780888.Log.out",
                "alignment/star/log/SRX11780888.Log.progress.out",
                "alignment/star/log/SRX11780888.SJ.out.tab",
                "alignment/star/log/SRX11780889.Log.final.out",
                "alignment/star/log/SRX11780889.Log.out",
                "alignment/star/log/SRX11780889.Log.progress.out",
                "alignment/star/log/SRX11780889.SJ.out.tab",
                "alignment/star/log/SRX11780890.Log.final.out",
                "alignment/star/log/SRX11780890.Log.out",
                "alignment/star/log/SRX11780890.Log.progress.out",
                "alignment/star/log/SRX11780890.SJ.out.tab",
                "alignment/star/original",
                "alignment/star/original/SRX11780879.Aligned.out.bam",
                "alignment/star/original/SRX11780879.Aligned.toTranscriptome.out.bam",
                "alignment/star/original/SRX11780880.Aligned.out.bam",
                "alignment/star/original/SRX11780880.Aligned.toTranscriptome.out.bam",
                "alignment/star/original/SRX11780881.Aligned.out.bam",
                "alignment/star/original/SRX11780881.Aligned.toTranscriptome.out.bam",
                "alignment/star/original/SRX11780882.Aligned.out.bam",
                "alignment/star/original/SRX11780882.Aligned.toTranscriptome.out.bam",
                "alignment/star/original/SRX11780883.Aligned.out.bam",
                "alignment/star/original/SRX11780883.Aligned.toTranscriptome.out.bam",
                "alignment/star/original/SRX11780884.Aligned.out.bam",
                "alignment/star/original/SRX11780884.Aligned.toTranscriptome.out.bam",
                "alignment/star/original/SRX11780885.Aligned.out.bam",
                "alignment/star/original/SRX11780885.Aligned.toTranscriptome.out.bam",
                "alignment/star/original/SRX11780886.Aligned.out.bam",
                "alignment/star/original/SRX11780886.Aligned.toTranscriptome.out.bam",
                "alignment/star/original/SRX11780887.Aligned.out.bam",
                "alignment/star/original/SRX11780887.Aligned.toTranscriptome.out.bam",
                "alignment/star/original/SRX11780888.Aligned.out.bam",
                "alignment/star/original/SRX11780888.Aligned.toTranscriptome.out.bam",
                "alignment/star/original/SRX11780889.Aligned.out.bam",
                "alignment/star/original/SRX11780889.Aligned.toTranscriptome.out.bam",
                "alignment/star/original/SRX11780890.Aligned.out.bam",
                "alignment/star/original/SRX11780890.Aligned.toTranscriptome.out.bam",
                "alignment/star/sorted",
                "alignment/star/sorted/SRX11780879.genome.sorted.bam",
                "alignment/star/sorted/SRX11780879.genome.sorted.bam.bai",
                "alignment/star/sorted/SRX11780879.transcriptome.sorted.bam",
                "alignment/star/sorted/SRX11780879.transcriptome.sorted.bam.bai",
                "alignment/star/sorted/SRX11780880.genome.sorted.bam",
                "alignment/star/sorted/SRX11780880.genome.sorted.bam.bai",
                "alignment/star/sorted/SRX11780880.transcriptome.sorted.bam",
                "alignment/star/sorted/SRX11780880.transcriptome.sorted.bam.bai",
                "alignment/star/sorted/SRX11780881.genome.sorted.bam",
                "alignment/star/sorted/SRX11780881.genome.sorted.bam.bai",
                "alignment/star/sorted/SRX11780881.transcriptome.sorted.bam",
                "alignment/star/sorted/SRX11780881.transcriptome.sorted.bam.bai",
                "alignment/star/sorted/SRX11780882.genome.sorted.bam",
                "alignment/star/sorted/SRX11780882.genome.sorted.bam.bai",
                "alignment/star/sorted/SRX11780882.transcriptome.sorted.bam",
                "alignment/star/sorted/SRX11780882.transcriptome.sorted.bam.bai",
                "alignment/star/sorted/SRX11780883.genome.sorted.bam",
                "alignment/star/sorted/SRX11780883.genome.sorted.bam.bai",
                "alignment/star/sorted/SRX11780883.transcriptome.sorted.bam",
                "alignment/star/sorted/SRX11780883.transcriptome.sorted.bam.bai",
                "alignment/star/sorted/SRX11780884.genome.sorted.bam",
                "alignment/star/sorted/SRX11780884.genome.sorted.bam.bai",
                "alignment/star/sorted/SRX11780884.transcriptome.sorted.bam",
                "alignment/star/sorted/SRX11780884.transcriptome.sorted.bam.bai",
                "alignment/star/sorted/SRX11780885.genome.sorted.bam",
                "alignment/star/sorted/SRX11780885.genome.sorted.bam.bai",
                "alignment/star/sorted/SRX11780885.transcriptome.sorted.bam",
                "alignment/star/sorted/SRX11780885.transcriptome.sorted.bam.bai",
                "alignment/star/sorted/SRX11780886.genome.sorted.bam",
                "alignment/star/sorted/SRX11780886.genome.sorted.bam.bai",
                "alignment/star/sorted/SRX11780886.transcriptome.sorted.bam",
                "alignment/star/sorted/SRX11780886.transcriptome.sorted.bam.bai",
                "alignment/star/sorted/SRX11780887.genome.sorted.bam",
                "alignment/star/sorted/SRX11780887.genome.sorted.bam.bai",
                "alignment/star/sorted/SRX11780887.transcriptome.sorted.bam",
                "alignment/star/sorted/SRX11780887.transcriptome.sorted.bam.bai",
                "alignment/star/sorted/SRX11780888.genome.sorted.bam",
                "alignment/star/sorted/SRX11780888.genome.sorted.bam.bai",
                "alignment/star/sorted/SRX11780888.transcriptome.sorted.bam",
                "alignment/star/sorted/SRX11780888.transcriptome.sorted.bam.bai",
                "alignment/star/sorted/SRX11780889.genome.sorted.bam",
                "alignment/star/sorted/SRX11780889.genome.sorted.bam.bai",
                "alignment/star/sorted/SRX11780889.transcriptome.sorted.bam",
                "alignment/star/sorted/SRX11780889.transcriptome.sorted.bam.bai",
                "alignment/star/sorted/SRX11780890.genome.sorted.bam",
                "alignment/star/sorted/SRX11780890.genome.sorted.bam.bai",
                "alignment/star/sorted/SRX11780890.transcriptome.sorted.bam",
                "alignment/star/sorted/SRX11780890.transcriptome.sorted.bam.bai",
                "alignment/star/sorted/samtools_stats",
                "alignment/star/sorted/samtools_stats/SRX11780879.genome.sorted.bam.flagstat",
                "alignment/star/sorted/samtools_stats/SRX11780879.genome.sorted.bam.idxstats",
                "alignment/star/sorted/samtools_stats/SRX11780879.genome.sorted.bam.stats",
                "alignment/star/sorted/samtools_stats/SRX11780879.transcriptome.sorted.bam.flagstat",
                "alignment/star/sorted/samtools_stats/SRX11780879.transcriptome.sorted.bam.idxstats",
                "alignment/star/sorted/samtools_stats/SRX11780879.transcriptome.sorted.bam.stats",
                "alignment/star/sorted/samtools_stats/SRX11780880.genome.sorted.bam.flagstat",
                "alignment/star/sorted/samtools_stats/SRX11780880.genome.sorted.bam.idxstats",
                "alignment/star/sorted/samtools_stats/SRX11780880.genome.sorted.bam.stats",
                "alignment/star/sorted/samtools_stats/SRX11780880.transcriptome.sorted.bam.flagstat",
                "alignment/star/sorted/samtools_stats/SRX11780880.transcriptome.sorted.bam.idxstats",
                "alignment/star/sorted/samtools_stats/SRX11780880.transcriptome.sorted.bam.stats",
                "alignment/star/sorted/samtools_stats/SRX11780881.genome.sorted.bam.flagstat",
                "alignment/star/sorted/samtools_stats/SRX11780881.genome.sorted.bam.idxstats",
                "alignment/star/sorted/samtools_stats/SRX11780881.genome.sorted.bam.stats",
                "alignment/star/sorted/samtools_stats/SRX11780881.transcriptome.sorted.bam.flagstat",
                "alignment/star/sorted/samtools_stats/SRX11780881.transcriptome.sorted.bam.idxstats",
                "alignment/star/sorted/samtools_stats/SRX11780881.transcriptome.sorted.bam.stats",
                "alignment/star/sorted/samtools_stats/SRX11780882.genome.sorted.bam.flagstat",
                "alignment/star/sorted/samtools_stats/SRX11780882.genome.sorted.bam.idxstats",
                "alignment/star/sorted/samtools_stats/SRX11780882.genome.sorted.bam.stats",
                "alignment/star/sorted/samtools_stats/SRX11780882.transcriptome.sorted.bam.flagstat",
                "alignment/star/sorted/samtools_stats/SRX11780882.transcriptome.sorted.bam.idxstats",
                "alignment/star/sorted/samtools_stats/SRX11780882.transcriptome.sorted.bam.stats",
                "alignment/star/sorted/samtools_stats/SRX11780883.genome.sorted.bam.flagstat",
                "alignment/star/sorted/samtools_stats/SRX11780883.genome.sorted.bam.idxstats",
                "alignment/star/sorted/samtools_stats/SRX11780883.genome.sorted.bam.stats",
                "alignment/star/sorted/samtools_stats/SRX11780883.transcriptome.sorted.bam.flagstat",
                "alignment/star/sorted/samtools_stats/SRX11780883.transcriptome.sorted.bam.idxstats",
                "alignment/star/sorted/samtools_stats/SRX11780883.transcriptome.sorted.bam.stats",
                "alignment/star/sorted/samtools_stats/SRX11780884.genome.sorted.bam.flagstat",
                "alignment/star/sorted/samtools_stats/SRX11780884.genome.sorted.bam.idxstats",
                "alignment/star/sorted/samtools_stats/SRX11780884.genome.sorted.bam.stats",
                "alignment/star/sorted/samtools_stats/SRX11780884.transcriptome.sorted.bam.flagstat",
                "alignment/star/sorted/samtools_stats/SRX11780884.transcriptome.sorted.bam.idxstats",
                "alignment/star/sorted/samtools_stats/SRX11780884.transcriptome.sorted.bam.stats",
                "alignment/star/sorted/samtools_stats/SRX11780885.genome.sorted.bam.flagstat",
                "alignment/star/sorted/samtools_stats/SRX11780885.genome.sorted.bam.idxstats",
                "alignment/star/sorted/samtools_stats/SRX11780885.genome.sorted.bam.stats",
                "alignment/star/sorted/samtools_stats/SRX11780885.transcriptome.sorted.bam.flagstat",
                "alignment/star/sorted/samtools_stats/SRX11780885.transcriptome.sorted.bam.idxstats",
                "alignment/star/sorted/samtools_stats/SRX11780885.transcriptome.sorted.bam.stats",
                "alignment/star/sorted/samtools_stats/SRX11780886.genome.sorted.bam.flagstat",
                "alignment/star/sorted/samtools_stats/SRX11780886.genome.sorted.bam.idxstats",
                "alignment/star/sorted/samtools_stats/SRX11780886.genome.sorted.bam.stats",
                "alignment/star/sorted/samtools_stats/SRX11780886.transcriptome.sorted.bam.flagstat",
                "alignment/star/sorted/samtools_stats/SRX11780886.transcriptome.sorted.bam.idxstats",
                "alignment/star/sorted/samtools_stats/SRX11780886.transcriptome.sorted.bam.stats",
                "alignment/star/sorted/samtools_stats/SRX11780887.genome.sorted.bam.flagstat",
                "alignment/star/sorted/samtools_stats/SRX11780887.genome.sorted.bam.idxstats",
                "alignment/star/sorted/samtools_stats/SRX11780887.genome.sorted.bam.stats",
                "alignment/star/sorted/samtools_stats/SRX11780887.transcriptome.sorted.bam.flagstat",
                "alignment/star/sorted/samtools_stats/SRX11780887.transcriptome.sorted.bam.idxstats",
                "alignment/star/sorted/samtools_stats/SRX11780887.transcriptome.sorted.bam.stats",
                "alignment/star/sorted/samtools_stats/SRX11780888.genome.sorted.bam.flagstat",
                "alignment/star/sorted/samtools_stats/SRX11780888.genome.sorted.bam.idxstats",
                "alignment/star/sorted/samtools_stats/SRX11780888.genome.sorted.bam.stats",
                "alignment/star/sorted/samtools_stats/SRX11780888.transcriptome.sorted.bam.flagstat",
                "alignment/star/sorted/samtools_stats/SRX11780888.transcriptome.sorted.bam.idxstats",
                "alignment/star/sorted/samtools_stats/SRX11780888.transcriptome.sorted.bam.stats",
                "alignment/star/sorted/samtools_stats/SRX11780889.genome.sorted.bam.flagstat",
                "alignment/star/sorted/samtools_stats/SRX11780889.genome.sorted.bam.idxstats",
                "alignment/star/sorted/samtools_stats/SRX11780889.genome.sorted.bam.stats",
                "alignment/star/sorted/samtools_stats/SRX11780889.transcriptome.sorted.bam.flagstat",
                "alignment/star/sorted/samtools_stats/SRX11780889.transcriptome.sorted.bam.idxstats",
                "alignment/star/sorted/samtools_stats/SRX11780889.transcriptome.sorted.bam.stats",
                "alignment/star/sorted/samtools_stats/SRX11780890.genome.sorted.bam.flagstat",
                "alignment/star/sorted/samtools_stats/SRX11780890.genome.sorted.bam.idxstats",
                "alignment/star/sorted/samtools_stats/SRX11780890.genome.sorted.bam.stats",
                "alignment/star/sorted/samtools_stats/SRX11780890.transcriptome.sorted.bam.flagstat",
                "alignment/star/sorted/samtools_stats/SRX11780890.transcriptome.sorted.bam.idxstats",
                "alignment/star/sorted/samtools_stats/SRX11780890.transcriptome.sorted.bam.stats",
                "alignment/star/unmapped",
                "genome",
                "genome/bowtie2_rrna",
                "genome/index",
                "multiqc",
                "multiqc/star",
                "multiqc/star/multiqc_report.html",
                "multiqc/star/multiqc_report_data",
                "multiqc/star/multiqc_report_data/cutadapt_filtered_reads_plot.txt",
                "multiqc/star/multiqc_report_data/cutadapt_trimmed_sequences_plot_3_Counts.txt",
                "multiqc/star/multiqc_report_data/cutadapt_trimmed_sequences_plot_3_Obs_Exp.txt",
                "multiqc/star/multiqc_report_data/fastqc-1-status-check-heatmap.txt",
                "multiqc/star/multiqc_report_data/fastqc-1_overrepresented_sequences_plot.txt",
                "multiqc/star/multiqc_report_data/fastqc-1_per_base_n_content_plot.txt",
                "multiqc/star/multiqc_report_data/fastqc-1_per_base_sequence_quality_plot.txt",
                "multiqc/star/multiqc_report_data/fastqc-1_per_sequence_gc_content_plot_Counts.txt",
                "multiqc/star/multiqc_report_data/fastqc-1_per_sequence_gc_content_plot_Percentages.txt",
                "multiqc/star/multiqc_report_data/fastqc-1_per_sequence_quality_scores_plot.txt",
                "multiqc/star/multiqc_report_data/fastqc-1_sequence_counts_plot.txt",
                "multiqc/star/multiqc_report_data/fastqc-1_sequence_duplication_levels_plot.txt",
                "multiqc/star/multiqc_report_data/fastqc-1_top_overrepresented_sequences_table.txt",
                "multiqc/star/multiqc_report_data/fastqc-status-check-heatmap.txt",
                "multiqc/star/multiqc_report_data/fastqc_overrepresented_sequences_plot.txt",
                "multiqc/star/multiqc_report_data/fastqc_per_base_n_content_plot.txt",
                "multiqc/star/multiqc_report_data/fastqc_per_base_sequence_quality_plot.txt",
                "multiqc/star/multiqc_report_data/fastqc_per_sequence_gc_content_plot_Counts.txt",
                "multiqc/star/multiqc_report_data/fastqc_per_sequence_gc_content_plot_Percentages.txt",
                "multiqc/star/multiqc_report_data/fastqc_per_sequence_quality_scores_plot.txt",
                "multiqc/star/multiqc_report_data/fastqc_sequence_counts_plot.txt",
                "multiqc/star/multiqc_report_data/fastqc_sequence_duplication_levels_plot.txt",
                "multiqc/star/multiqc_report_data/fastqc_sequence_length_distribution_plot.txt",
                "multiqc/star/multiqc_report_data/fastqc_top_overrepresented_sequences_table.txt",
                "multiqc/star/multiqc_report_data/llms-full.txt",
                "multiqc/star/multiqc_report_data/multiqc.log",
                "multiqc/star/multiqc_report_data/multiqc.parquet",
                "multiqc/star/multiqc_report_data/multiqc_citations.txt",
                "multiqc/star/multiqc_report_data/multiqc_cutadapt.txt",
                "multiqc/star/multiqc_report_data/multiqc_data.json",
                "multiqc/star/multiqc_report_data/multiqc_fastqc.txt",
                "multiqc/star/multiqc_report_data/multiqc_fastqc_fastqc-1.txt",
                "multiqc/star/multiqc_report_data/multiqc_general_stats.txt",
                "multiqc/star/multiqc_report_data/multiqc_ribotish.txt",
                "multiqc/star/multiqc_report_data/multiqc_salmon.txt",
                "multiqc/star/multiqc_report_data/multiqc_salmon_salmon-1.txt",
                "multiqc/star/multiqc_report_data/multiqc_samtools_flagstat.txt",
                "multiqc/star/multiqc_report_data/multiqc_samtools_idxstats.txt",
                "multiqc/star/multiqc_report_data/multiqc_samtools_stats.txt",
                "multiqc/star/multiqc_report_data/multiqc_software_versions.txt",
                "multiqc/star/multiqc_report_data/multiqc_sources.txt",
                "multiqc/star/multiqc_report_data/multiqc_star.txt",
                "multiqc/star/multiqc_report_data/ribotish_frame_proportions.txt",
                "multiqc/star/multiqc_report_data/ribotish_read_length_line.txt",
                "multiqc/star/multiqc_report_data/salmon_plot.txt",
                "multiqc/star/multiqc_report_data/samtools-flagstat-pct-table.txt",
                "multiqc/star/multiqc_report_data/samtools-flagstat-table.txt",
                "multiqc/star/multiqc_report_data/samtools-idxstats-mapped-reads-plot_Normalised_Counts.txt",
                "multiqc/star/multiqc_report_data/samtools-idxstats-mapped-reads-plot_Observed_over_Expected_Counts.txt",
                "multiqc/star/multiqc_report_data/samtools-idxstats-mapped-reads-plot_Raw_Counts.txt",
                "multiqc/star/multiqc_report_data/samtools-stats-dp.txt",
                "multiqc/star/multiqc_report_data/samtools_alignment_plot.txt",
                "multiqc/star/multiqc_report_data/star_alignment_plot.txt",
                "multiqc/star/multiqc_report_data/star_summary_table.txt",
                "multiqc/star/multiqc_report_plots",
                "multiqc/star/multiqc_report_plots/pdf",
                "multiqc/star/multiqc_report_plots/pdf/cutadapt_filtered_reads_plot-cnt.pdf",
                "multiqc/star/multiqc_report_plots/pdf/cutadapt_filtered_reads_plot-pct.pdf",
                "multiqc/star/multiqc_report_plots/pdf/cutadapt_trimmed_sequences_plot_3_Counts.pdf",
                "multiqc/star/multiqc_report_plots/pdf/cutadapt_trimmed_sequences_plot_3_Obs_Exp.pdf",
                "multiqc/star/multiqc_report_plots/pdf/fastqc-1-status-check-heatmap.pdf",
                "multiqc/star/multiqc_report_plots/pdf/fastqc-1_overrepresented_sequences_plot.pdf",
                "multiqc/star/multiqc_report_plots/pdf/fastqc-1_per_base_n_content_plot.pdf",
                "multiqc/star/multiqc_report_plots/pdf/fastqc-1_per_base_sequence_quality_plot.pdf",
                "multiqc/star/multiqc_report_plots/pdf/fastqc-1_per_sequence_gc_content_plot_Counts.pdf",
                "multiqc/star/multiqc_report_plots/pdf/fastqc-1_per_sequence_gc_content_plot_Percentages.pdf",
                "multiqc/star/multiqc_report_plots/pdf/fastqc-1_per_sequence_quality_scores_plot.pdf",
                "multiqc/star/multiqc_report_plots/pdf/fastqc-1_sequence_counts_plot-cnt.pdf",
                "multiqc/star/multiqc_report_plots/pdf/fastqc-1_sequence_counts_plot-pct.pdf",
                "multiqc/star/multiqc_report_plots/pdf/fastqc-1_sequence_duplication_levels_plot.pdf",
                "multiqc/star/multiqc_report_plots/pdf/fastqc-1_top_overrepresented_sequences_table.pdf",
                "multiqc/star/multiqc_report_plots/pdf/fastqc-status-check-heatmap.pdf",
                "multiqc/star/multiqc_report_plots/pdf/fastqc_overrepresented_sequences_plot.pdf",
                "multiqc/star/multiqc_report_plots/pdf/fastqc_per_base_n_content_plot.pdf",
                "multiqc/star/multiqc_report_plots/pdf/fastqc_per_base_sequence_quality_plot.pdf",
                "multiqc/star/multiqc_report_plots/pdf/fastqc_per_sequence_gc_content_plot_Counts.pdf",
                "multiqc/star/multiqc_report_plots/pdf/fastqc_per_sequence_gc_content_plot_Percentages.pdf",
                "multiqc/star/multiqc_report_plots/pdf/fastqc_per_sequence_quality_scores_plot.pdf",
                "multiqc/star/multiqc_report_plots/pdf/fastqc_sequence_counts_plot-cnt.pdf",
                "multiqc/star/multiqc_report_plots/pdf/fastqc_sequence_counts_plot-pct.pdf",
                "multiqc/star/multiqc_report_plots/pdf/fastqc_sequence_duplication_levels_plot.pdf",
                "multiqc/star/multiqc_report_plots/pdf/fastqc_sequence_length_distribution_plot.pdf",
                "multiqc/star/multiqc_report_plots/pdf/fastqc_top_overrepresented_sequences_table.pdf",
                "multiqc/star/multiqc_report_plots/pdf/ribotish_frame_proportions.pdf",
                "multiqc/star/multiqc_report_plots/pdf/ribotish_read_length_line.pdf",
                "multiqc/star/multiqc_report_plots/pdf/salmon_plot.pdf",
                "multiqc/star/multiqc_report_plots/pdf/samtools-flagstat-pct-table.pdf",
                "multiqc/star/multiqc_report_plots/pdf/samtools-flagstat-table.pdf",
                "multiqc/star/multiqc_report_plots/pdf/samtools-idxstats-mapped-reads-plot_Normalised_Counts-cnt.pdf",
                "multiqc/star/multiqc_report_plots/pdf/samtools-idxstats-mapped-reads-plot_Normalised_Counts-log.pdf",
                "multiqc/star/multiqc_report_plots/pdf/samtools-idxstats-mapped-reads-plot_Observed_over_Expected_Counts-cnt.pdf",
                "multiqc/star/multiqc_report_plots/pdf/samtools-idxstats-mapped-reads-plot_Observed_over_Expected_Counts-log.pdf",
                "multiqc/star/multiqc_report_plots/pdf/samtools-idxstats-mapped-reads-plot_Raw_Counts-cnt.pdf",
                "multiqc/star/multiqc_report_plots/pdf/samtools-idxstats-mapped-reads-plot_Raw_Counts-log.pdf",
                "multiqc/star/multiqc_report_plots/pdf/samtools-stats-dp.pdf",
                "multiqc/star/multiqc_report_plots/pdf/samtools_alignment_plot-cnt.pdf",
                "multiqc/star/multiqc_report_plots/pdf/samtools_alignment_plot-pct.pdf",
                "multiqc/star/multiqc_report_plots/pdf/star_alignment_plot-cnt.pdf",
                "multiqc/star/multiqc_report_plots/pdf/star_alignment_plot-pct.pdf",
                "multiqc/star/multiqc_report_plots/pdf/star_summary_table.pdf",
                "multiqc/star/multiqc_report_plots/png",
                "multiqc/star/multiqc_report_plots/png/cutadapt_filtered_reads_plot-cnt.png",
                "multiqc/star/multiqc_report_plots/png/cutadapt_filtered_reads_plot-pct.png",
                "multiqc/star/multiqc_report_plots/png/cutadapt_trimmed_sequences_plot_3_Counts.png",
                "multiqc/star/multiqc_report_plots/png/cutadapt_trimmed_sequences_plot_3_Obs_Exp.png",
                "multiqc/star/multiqc_report_plots/png/fastqc-1-status-check-heatmap.png",
                "multiqc/star/multiqc_report_plots/png/fastqc-1_overrepresented_sequences_plot.png",
                "multiqc/star/multiqc_report_plots/png/fastqc-1_per_base_n_content_plot.png",
                "multiqc/star/multiqc_report_plots/png/fastqc-1_per_base_sequence_quality_plot.png",
                "multiqc/star/multiqc_report_plots/png/fastqc-1_per_sequence_gc_content_plot_Counts.png",
                "multiqc/star/multiqc_report_plots/png/fastqc-1_per_sequence_gc_content_plot_Percentages.png",
                "multiqc/star/multiqc_report_plots/png/fastqc-1_per_sequence_quality_scores_plot.png",
                "multiqc/star/multiqc_report_plots/png/fastqc-1_sequence_counts_plot-cnt.png",
                "multiqc/star/multiqc_report_plots/png/fastqc-1_sequence_counts_plot-pct.png",
                "multiqc/star/multiqc_report_plots/png/fastqc-1_sequence_duplication_levels_plot.png",
                "multiqc/star/multiqc_report_plots/png/fastqc-1_top_overrepresented_sequences_table.png",
                "multiqc/star/multiqc_report_plots/png/fastqc-status-check-heatmap.png",
                "multiqc/star/multiqc_report_plots/png/fastqc_overrepresented_sequences_plot.png",
                "multiqc/star/multiqc_report_plots/png/fastqc_per_base_n_content_plot.png",
                "multiqc/star/multiqc_report_plots/png/fastqc_per_base_sequence_quality_plot.png",
                "multiqc/star/multiqc_report_plots/png/fastqc_per_sequence_gc_content_plot_Counts.png",
                "multiqc/star/multiqc_report_plots/png/fastqc_per_sequence_gc_content_plot_Percentages.png",
                "multiqc/star/multiqc_report_plots/png/fastqc_per_sequence_quality_scores_plot.png",
                "multiqc/star/multiqc_report_plots/png/fastqc_sequence_counts_plot-cnt.png",
                "multiqc/star/multiqc_report_plots/png/fastqc_sequence_counts_plot-pct.png",
                "multiqc/star/multiqc_report_plots/png/fastqc_sequence_duplication_levels_plot.png",
                "multiqc/star/multiqc_report_plots/png/fastqc_sequence_length_distribution_plot.png",
                "multiqc/star/multiqc_report_plots/png/fastqc_top_overrepresented_sequences_table.png",
                "multiqc/star/multiqc_report_plots/png/ribotish_frame_proportions.png",
                "multiqc/star/multiqc_report_plots/png/ribotish_read_length_line.png",
                "multiqc/star/multiqc_report_plots/png/salmon_plot.png",
                "multiqc/star/multiqc_report_plots/png/samtools-flagstat-pct-table.png",
                "multiqc/star/multiqc_report_plots/png/samtools-flagstat-table.png",
                "multiqc/star/multiqc_report_plots/png/samtools-idxstats-mapped-reads-plot_Normalised_Counts-cnt.png",
                "multiqc/star/multiqc_report_plots/png/samtools-idxstats-mapped-reads-plot_Normalised_Counts-log.png",
                "multiqc/star/multiqc_report_plots/png/samtools-idxstats-mapped-reads-plot_Observed_over_Expected_Counts-cnt.png",
                "multiqc/star/multiqc_report_plots/png/samtools-idxstats-mapped-reads-plot_Observed_over_Expected_Counts-log.png",
                "multiqc/star/multiqc_report_plots/png/samtools-idxstats-mapped-reads-plot_Raw_Counts-cnt.png",
                "multiqc/star/multiqc_report_plots/png/samtools-idxstats-mapped-reads-plot_Raw_Counts-log.png",
                "multiqc/star/multiqc_report_plots/png/samtools-stats-dp.png",
                "multiqc/star/multiqc_report_plots/png/samtools_alignment_plot-cnt.png",
                "multiqc/star/multiqc_report_plots/png/samtools_alignment_plot-pct.png",
                "multiqc/star/multiqc_report_plots/png/star_alignment_plot-cnt.png",
                "multiqc/star/multiqc_report_plots/png/star_alignment_plot-pct.png",
                "multiqc/star/multiqc_report_plots/png/star_summary_table.png",
                "multiqc/star/multiqc_report_plots/svg",
                "multiqc/star/multiqc_report_plots/svg/cutadapt_filtered_reads_plot-cnt.svg",
                "multiqc/star/multiqc_report_plots/svg/cutadapt_filtered_reads_plot-pct.svg",
                "multiqc/star/multiqc_report_plots/svg/cutadapt_trimmed_sequences_plot_3_Counts.svg",
                "multiqc/star/multiqc_report_plots/svg/cutadapt_trimmed_sequences_plot_3_Obs_Exp.svg",
                "multiqc/star/multiqc_report_plots/svg/fastqc-1-status-check-heatmap.svg",
                "multiqc/star/multiqc_report_plots/svg/fastqc-1_overrepresented_sequences_plot.svg",
                "multiqc/star/multiqc_report_plots/svg/fastqc-1_per_base_n_content_plot.svg",
                "multiqc/star/multiqc_report_plots/svg/fastqc-1_per_base_sequence_quality_plot.svg",
                "multiqc/star/multiqc_report_plots/svg/fastqc-1_per_sequence_gc_content_plot_Counts.svg",
                "multiqc/star/multiqc_report_plots/svg/fastqc-1_per_sequence_gc_content_plot_Percentages.svg",
                "multiqc/star/multiqc_report_plots/svg/fastqc-1_per_sequence_quality_scores_plot.svg",
                "multiqc/star/multiqc_report_plots/svg/fastqc-1_sequence_counts_plot-cnt.svg",
                "multiqc/star/multiqc_report_plots/svg/fastqc-1_sequence_counts_plot-pct.svg",
                "multiqc/star/multiqc_report_plots/svg/fastqc-1_sequence_duplication_levels_plot.svg",
                "multiqc/star/multiqc_report_plots/svg/fastqc-1_top_overrepresented_sequences_table.svg",
                "multiqc/star/multiqc_report_plots/svg/fastqc-status-check-heatmap.svg",
                "multiqc/star/multiqc_report_plots/svg/fastqc_overrepresented_sequences_plot.svg",
                "multiqc/star/multiqc_report_plots/svg/fastqc_per_base_n_content_plot.svg",
                "multiqc/star/multiqc_report_plots/svg/fastqc_per_base_sequence_quality_plot.svg",
                "multiqc/star/multiqc_report_plots/svg/fastqc_per_sequence_gc_content_plot_Counts.svg",
                "multiqc/star/multiqc_report_plots/svg/fastqc_per_sequence_gc_content_plot_Percentages.svg",
                "multiqc/star/multiqc_report_plots/svg/fastqc_per_sequence_quality_scores_plot.svg",
                "multiqc/star/multiqc_report_plots/svg/fastqc_sequence_counts_plot-cnt.svg",
                "multiqc/star/multiqc_report_plots/svg/fastqc_sequence_counts_plot-pct.svg",
                "multiqc/star/multiqc_report_plots/svg/fastqc_sequence_duplication_levels_plot.svg",
                "multiqc/star/multiqc_report_plots/svg/fastqc_sequence_length_distribution_plot.svg",
                "multiqc/star/multiqc_report_plots/svg/fastqc_top_overrepresented_sequences_table.svg",
                "multiqc/star/multiqc_report_plots/svg/ribotish_frame_proportions.svg",
                "multiqc/star/multiqc_report_plots/svg/ribotish_read_length_line.svg",
                "multiqc/star/multiqc_report_plots/svg/salmon_plot.svg",
                "multiqc/star/multiqc_report_plots/svg/samtools-flagstat-pct-table.svg",
                "multiqc/star/multiqc_report_plots/svg/samtools-flagstat-table.svg",
                "multiqc/star/multiqc_report_plots/svg/samtools-idxstats-mapped-reads-plot_Normalised_Counts-cnt.svg",
                "multiqc/star/multiqc_report_plots/svg/samtools-idxstats-mapped-reads-plot_Normalised_Counts-log.svg",
                "multiqc/star/multiqc_report_plots/svg/samtools-idxstats-mapped-reads-plot_Observed_over_Expected_Counts-cnt.svg",
                "multiqc/star/multiqc_report_plots/svg/samtools-idxstats-mapped-reads-plot_Observed_over_Expected_Counts-log.svg",
                "multiqc/star/multiqc_report_plots/svg/samtools-idxstats-mapped-reads-plot_Raw_Counts-cnt.svg",
                "multiqc/star/multiqc_report_plots/svg/samtools-idxstats-mapped-reads-plot_Raw_Counts-log.svg",
                "multiqc/star/multiqc_report_plots/svg/samtools-stats-dp.svg",
                "multiqc/star/multiqc_report_plots/svg/samtools_alignment_plot-cnt.svg",
                "multiqc/star/multiqc_report_plots/svg/samtools_alignment_plot-pct.svg",
                "multiqc/star/multiqc_report_plots/svg/star_alignment_plot-cnt.svg",
                "multiqc/star/multiqc_report_plots/svg/star_alignment_plot-pct.svg",
                "multiqc/star/multiqc_report_plots/svg/star_summary_table.svg",
                "orf_predictions",
                "orf_predictions/ribotish",
                "orf_predictions/ribotish/SRX11780885_all.txt",
                "orf_predictions/ribotish/SRX11780885_pred.txt",
                "orf_predictions/ribotish/SRX11780885_transprofile.py",
                "orf_predictions/ribotish/SRX11780886_all.txt",
                "orf_predictions/ribotish/SRX11780886_pred.txt",
                "orf_predictions/ribotish/SRX11780886_transprofile.py",
                "orf_predictions/ribotish/SRX11780887_all.txt",
                "orf_predictions/ribotish/SRX11780887_pred.txt",
                "orf_predictions/ribotish/SRX11780887_transprofile.py",
                "orf_predictions/ribotish/SRX11780888_all.txt",
                "orf_predictions/ribotish/SRX11780888_pred.txt",
                "orf_predictions/ribotish/SRX11780888_transprofile.py",
                "orf_predictions/ribotish/SRX11780889_all.txt",
                "orf_predictions/ribotish/SRX11780889_pred.txt",
                "orf_predictions/ribotish/SRX11780889_transprofile.py",
                "orf_predictions/ribotish/SRX11780890_all.txt",
                "orf_predictions/ribotish/SRX11780890_pred.txt",
                "orf_predictions/ribotish/SRX11780890_transprofile.py",
                "orf_predictions/ribotish_all",
                "orf_predictions/ribotish_all/allsamples_all.txt",
                "orf_predictions/ribotish_all/allsamples_pred.txt",
                "orf_predictions/ribotish_all/allsamples_transprofile.py",
                "pipeline_info",
                "pipeline_info/nf_core_riboseq_software_mqc_versions.yml",
                "preprocessing",
                "preprocessing/bowtie2_rrna",
                "preprocessing/bowtie2_rrna/SRX11780879.bowtie2.log",
                "preprocessing/bowtie2_rrna/SRX11780880.bowtie2.log",
                "preprocessing/bowtie2_rrna/SRX11780881.bowtie2.log",
                "preprocessing/bowtie2_rrna/SRX11780882.bowtie2.log",
                "preprocessing/bowtie2_rrna/SRX11780883.bowtie2.log",
                "preprocessing/bowtie2_rrna/SRX11780884.bowtie2.log",
                "preprocessing/bowtie2_rrna/SRX11780885.bowtie2.log",
                "preprocessing/bowtie2_rrna/SRX11780886.bowtie2.log",
                "preprocessing/bowtie2_rrna/SRX11780887.bowtie2.log",
                "preprocessing/bowtie2_rrna/SRX11780888.bowtie2.log",
                "preprocessing/bowtie2_rrna/SRX11780889.bowtie2.log",
                "preprocessing/bowtie2_rrna/SRX11780890.bowtie2.log",
                "preprocessing/fastqc",
                "preprocessing/fastqc/SRX11780879_raw_1_fastqc.html",
                "preprocessing/fastqc/SRX11780879_raw_1_fastqc.zip",
                "preprocessing/fastqc/SRX11780879_raw_2_fastqc.html",
                "preprocessing/fastqc/SRX11780879_raw_2_fastqc.zip",
                "preprocessing/fastqc/SRX11780880_raw_1_fastqc.html",
                "preprocessing/fastqc/SRX11780880_raw_1_fastqc.zip",
                "preprocessing/fastqc/SRX11780880_raw_2_fastqc.html",
                "preprocessing/fastqc/SRX11780880_raw_2_fastqc.zip",
                "preprocessing/fastqc/SRX11780881_raw_1_fastqc.html",
                "preprocessing/fastqc/SRX11780881_raw_1_fastqc.zip",
                "preprocessing/fastqc/SRX11780881_raw_2_fastqc.html",
                "preprocessing/fastqc/SRX11780881_raw_2_fastqc.zip",
                "preprocessing/fastqc/SRX11780882_raw_1_fastqc.html",
                "preprocessing/fastqc/SRX11780882_raw_1_fastqc.zip",
                "preprocessing/fastqc/SRX11780882_raw_2_fastqc.html",
                "preprocessing/fastqc/SRX11780882_raw_2_fastqc.zip",
                "preprocessing/fastqc/SRX11780883_raw_1_fastqc.html",
                "preprocessing/fastqc/SRX11780883_raw_1_fastqc.zip",
                "preprocessing/fastqc/SRX11780883_raw_2_fastqc.html",
                "preprocessing/fastqc/SRX11780883_raw_2_fastqc.zip",
                "preprocessing/fastqc/SRX11780884_raw_1_fastqc.html",
                "preprocessing/fastqc/SRX11780884_raw_1_fastqc.zip",
                "preprocessing/fastqc/SRX11780884_raw_2_fastqc.html",
                "preprocessing/fastqc/SRX11780884_raw_2_fastqc.zip",
                "preprocessing/fastqc/SRX11780885_raw_fastqc.html",
                "preprocessing/fastqc/SRX11780885_raw_fastqc.zip",
                "preprocessing/fastqc/SRX11780886_raw_fastqc.html",
                "preprocessing/fastqc/SRX11780886_raw_fastqc.zip",
                "preprocessing/fastqc/SRX11780887_raw_fastqc.html",
                "preprocessing/fastqc/SRX11780887_raw_fastqc.zip",
                "preprocessing/fastqc/SRX11780888_raw_fastqc.html",
                "preprocessing/fastqc/SRX11780888_raw_fastqc.zip",
                "preprocessing/fastqc/SRX11780889_raw_fastqc.html",
                "preprocessing/fastqc/SRX11780889_raw_fastqc.zip",
                "preprocessing/fastqc/SRX11780890_raw_fastqc.html",
                "preprocessing/fastqc/SRX11780890_raw_fastqc.zip",
                "preprocessing/fq_lint",
                "preprocessing/fq_lint/raw",
                "preprocessing/fq_lint/raw/SRX11780879.fq_lint.txt",
                "preprocessing/fq_lint/raw/SRX11780880.fq_lint.txt",
                "preprocessing/fq_lint/raw/SRX11780881.fq_lint.txt",
                "preprocessing/fq_lint/raw/SRX11780882.fq_lint.txt",
                "preprocessing/fq_lint/raw/SRX11780883.fq_lint.txt",
                "preprocessing/fq_lint/raw/SRX11780884.fq_lint.txt",
                "preprocessing/fq_lint/raw/SRX11780885.fq_lint.txt",
                "preprocessing/fq_lint/raw/SRX11780886.fq_lint.txt",
                "preprocessing/fq_lint/raw/SRX11780887.fq_lint.txt",
                "preprocessing/fq_lint/raw/SRX11780888.fq_lint.txt",
                "preprocessing/fq_lint/raw/SRX11780889.fq_lint.txt",
                "preprocessing/fq_lint/raw/SRX11780890.fq_lint.txt",
                "preprocessing/fq_lint/rrna_removal",
                "preprocessing/fq_lint/rrna_removal/SRX11780879.fq_lint.txt",
                "preprocessing/fq_lint/rrna_removal/SRX11780880.fq_lint.txt",
                "preprocessing/fq_lint/rrna_removal/SRX11780881.fq_lint.txt",
                "preprocessing/fq_lint/rrna_removal/SRX11780882.fq_lint.txt",
                "preprocessing/fq_lint/rrna_removal/SRX11780883.fq_lint.txt",
                "preprocessing/fq_lint/rrna_removal/SRX11780884.fq_lint.txt",
                "preprocessing/fq_lint/rrna_removal/SRX11780885.fq_lint.txt",
                "preprocessing/fq_lint/rrna_removal/SRX11780886.fq_lint.txt",
                "preprocessing/fq_lint/rrna_removal/SRX11780887.fq_lint.txt",
                "preprocessing/fq_lint/rrna_removal/SRX11780888.fq_lint.txt",
                "preprocessing/fq_lint/rrna_removal/SRX11780889.fq_lint.txt",
                "preprocessing/fq_lint/rrna_removal/SRX11780890.fq_lint.txt",
                "preprocessing/fq_lint/trimmed",
                "preprocessing/fq_lint/trimmed/SRX11780879.fq_lint.txt",
                "preprocessing/fq_lint/trimmed/SRX11780880.fq_lint.txt",
                "preprocessing/fq_lint/trimmed/SRX11780881.fq_lint.txt",
                "preprocessing/fq_lint/trimmed/SRX11780882.fq_lint.txt",
                "preprocessing/fq_lint/trimmed/SRX11780883.fq_lint.txt",
                "preprocessing/fq_lint/trimmed/SRX11780884.fq_lint.txt",
                "preprocessing/fq_lint/trimmed/SRX11780885.fq_lint.txt",
                "preprocessing/fq_lint/trimmed/SRX11780886.fq_lint.txt",
                "preprocessing/fq_lint/trimmed/SRX11780887.fq_lint.txt",
                "preprocessing/fq_lint/trimmed/SRX11780888.fq_lint.txt",
                "preprocessing/fq_lint/trimmed/SRX11780889.fq_lint.txt",
                "preprocessing/fq_lint/trimmed/SRX11780890.fq_lint.txt",
                "preprocessing/trimgalore",
                "preprocessing/trimgalore/SRX11780879_1.fastq.gz_trimming_report.txt",
                "preprocessing/trimgalore/SRX11780879_2.fastq.gz_trimming_report.txt",
                "preprocessing/trimgalore/SRX11780880_1.fastq.gz_trimming_report.txt",
                "preprocessing/trimgalore/SRX11780880_2.fastq.gz_trimming_report.txt",
                "preprocessing/trimgalore/SRX11780881_1.fastq.gz_trimming_report.txt",
                "preprocessing/trimgalore/SRX11780881_2.fastq.gz_trimming_report.txt",
                "preprocessing/trimgalore/SRX11780882_1.fastq.gz_trimming_report.txt",
                "preprocessing/trimgalore/SRX11780882_2.fastq.gz_trimming_report.txt",
                "preprocessing/trimgalore/SRX11780883_1.fastq.gz_trimming_report.txt",
                "preprocessing/trimgalore/SRX11780883_2.fastq.gz_trimming_report.txt",
                "preprocessing/trimgalore/SRX11780884_1.fastq.gz_trimming_report.txt",
                "preprocessing/trimgalore/SRX11780884_2.fastq.gz_trimming_report.txt",
                "preprocessing/trimgalore/SRX11780885.fastq.gz_trimming_report.txt",
                "preprocessing/trimgalore/SRX11780886.fastq.gz_trimming_report.txt",
                "preprocessing/trimgalore/SRX11780887.fastq.gz_trimming_report.txt",
                "preprocessing/trimgalore/SRX11780888.fastq.gz_trimming_report.txt",
                "preprocessing/trimgalore/SRX11780889.fastq.gz_trimming_report.txt",
                "preprocessing/trimgalore/SRX11780890.fastq.gz_trimming_report.txt",
                "preprocessing/trimgalore/fastqc",
                "preprocessing/trimgalore/fastqc/SRX11780879_1_val_1_fastqc.html",
                "preprocessing/trimgalore/fastqc/SRX11780879_1_val_1_fastqc.zip",
                "preprocessing/trimgalore/fastqc/SRX11780879_2_val_2_fastqc.html",
                "preprocessing/trimgalore/fastqc/SRX11780879_2_val_2_fastqc.zip",
                "preprocessing/trimgalore/fastqc/SRX11780880_1_val_1_fastqc.html",
                "preprocessing/trimgalore/fastqc/SRX11780880_1_val_1_fastqc.zip",
                "preprocessing/trimgalore/fastqc/SRX11780880_2_val_2_fastqc.html",
                "preprocessing/trimgalore/fastqc/SRX11780880_2_val_2_fastqc.zip",
                "preprocessing/trimgalore/fastqc/SRX11780881_1_val_1_fastqc.html",
                "preprocessing/trimgalore/fastqc/SRX11780881_1_val_1_fastqc.zip",
                "preprocessing/trimgalore/fastqc/SRX11780881_2_val_2_fastqc.html",
                "preprocessing/trimgalore/fastqc/SRX11780881_2_val_2_fastqc.zip",
                "preprocessing/trimgalore/fastqc/SRX11780882_1_val_1_fastqc.html",
                "preprocessing/trimgalore/fastqc/SRX11780882_1_val_1_fastqc.zip",
                "preprocessing/trimgalore/fastqc/SRX11780882_2_val_2_fastqc.html",
                "preprocessing/trimgalore/fastqc/SRX11780882_2_val_2_fastqc.zip",
                "preprocessing/trimgalore/fastqc/SRX11780883_1_val_1_fastqc.html",
                "preprocessing/trimgalore/fastqc/SRX11780883_1_val_1_fastqc.zip",
                "preprocessing/trimgalore/fastqc/SRX11780883_2_val_2_fastqc.html",
                "preprocessing/trimgalore/fastqc/SRX11780883_2_val_2_fastqc.zip",
                "preprocessing/trimgalore/fastqc/SRX11780884_1_val_1_fastqc.html",
                "preprocessing/trimgalore/fastqc/SRX11780884_1_val_1_fastqc.zip",
                "preprocessing/trimgalore/fastqc/SRX11780884_2_val_2_fastqc.html",
                "preprocessing/trimgalore/fastqc/SRX11780884_2_val_2_fastqc.zip",
                "preprocessing/trimgalore/fastqc/SRX11780885_trimmed_fastqc.html",
                "preprocessing/trimgalore/fastqc/SRX11780885_trimmed_fastqc.zip",
                "preprocessing/trimgalore/fastqc/SRX11780886_trimmed_fastqc.html",
                "preprocessing/trimgalore/fastqc/SRX11780886_trimmed_fastqc.zip",
                "preprocessing/trimgalore/fastqc/SRX11780887_trimmed_fastqc.html",
                "preprocessing/trimgalore/fastqc/SRX11780887_trimmed_fastqc.zip",
                "preprocessing/trimgalore/fastqc/SRX11780888_trimmed_fastqc.html",
                "preprocessing/trimgalore/fastqc/SRX11780888_trimmed_fastqc.zip",
                "preprocessing/trimgalore/fastqc/SRX11780889_trimmed_fastqc.html",
                "preprocessing/trimgalore/fastqc/SRX11780889_trimmed_fastqc.zip",
                "preprocessing/trimgalore/fastqc/SRX11780890_trimmed_fastqc.html",
                "preprocessing/trimgalore/fastqc/SRX11780890_trimmed_fastqc.zip",
                "quantification",
                "quantification/salmon",
                "quantification/salmon/SRX11780879",
                "quantification/salmon/SRX11780879/aux_info",
                "quantification/salmon/SRX11780879/aux_info/ambig_info.tsv",
                "quantification/salmon/SRX11780879/aux_info/expected_bias.gz",
                "quantification/salmon/SRX11780879/aux_info/fld.gz",
                "quantification/salmon/SRX11780879/aux_info/meta_info.json",
                "quantification/salmon/SRX11780879/aux_info/observed_bias.gz",
                "quantification/salmon/SRX11780879/aux_info/observed_bias_3p.gz",
                "quantification/salmon/SRX11780879/cmd_info.json",
                "quantification/salmon/SRX11780879/libParams",
                "quantification/salmon/SRX11780879/libParams/flenDist.txt",
                "quantification/salmon/SRX11780879/logs",
                "quantification/salmon/SRX11780879/logs/salmon_quant.log",
                "quantification/salmon/SRX11780879/quant.genes.sf",
                "quantification/salmon/SRX11780879/quant.sf",
                "quantification/salmon/SRX11780880",
                "quantification/salmon/SRX11780880/aux_info",
                "quantification/salmon/SRX11780880/aux_info/ambig_info.tsv",
                "quantification/salmon/SRX11780880/aux_info/expected_bias.gz",
                "quantification/salmon/SRX11780880/aux_info/fld.gz",
                "quantification/salmon/SRX11780880/aux_info/meta_info.json",
                "quantification/salmon/SRX11780880/aux_info/observed_bias.gz",
                "quantification/salmon/SRX11780880/aux_info/observed_bias_3p.gz",
                "quantification/salmon/SRX11780880/cmd_info.json",
                "quantification/salmon/SRX11780880/libParams",
                "quantification/salmon/SRX11780880/libParams/flenDist.txt",
                "quantification/salmon/SRX11780880/logs",
                "quantification/salmon/SRX11780880/logs/salmon_quant.log",
                "quantification/salmon/SRX11780880/quant.genes.sf",
                "quantification/salmon/SRX11780880/quant.sf",
                "quantification/salmon/SRX11780881",
                "quantification/salmon/SRX11780881/aux_info",
                "quantification/salmon/SRX11780881/aux_info/ambig_info.tsv",
                "quantification/salmon/SRX11780881/aux_info/expected_bias.gz",
                "quantification/salmon/SRX11780881/aux_info/fld.gz",
                "quantification/salmon/SRX11780881/aux_info/meta_info.json",
                "quantification/salmon/SRX11780881/aux_info/observed_bias.gz",
                "quantification/salmon/SRX11780881/aux_info/observed_bias_3p.gz",
                "quantification/salmon/SRX11780881/cmd_info.json",
                "quantification/salmon/SRX11780881/libParams",
                "quantification/salmon/SRX11780881/libParams/flenDist.txt",
                "quantification/salmon/SRX11780881/logs",
                "quantification/salmon/SRX11780881/logs/salmon_quant.log",
                "quantification/salmon/SRX11780881/quant.genes.sf",
                "quantification/salmon/SRX11780881/quant.sf",
                "quantification/salmon/SRX11780882",
                "quantification/salmon/SRX11780882/aux_info",
                "quantification/salmon/SRX11780882/aux_info/ambig_info.tsv",
                "quantification/salmon/SRX11780882/aux_info/expected_bias.gz",
                "quantification/salmon/SRX11780882/aux_info/fld.gz",
                "quantification/salmon/SRX11780882/aux_info/meta_info.json",
                "quantification/salmon/SRX11780882/aux_info/observed_bias.gz",
                "quantification/salmon/SRX11780882/aux_info/observed_bias_3p.gz",
                "quantification/salmon/SRX11780882/cmd_info.json",
                "quantification/salmon/SRX11780882/libParams",
                "quantification/salmon/SRX11780882/libParams/flenDist.txt",
                "quantification/salmon/SRX11780882/logs",
                "quantification/salmon/SRX11780882/logs/salmon_quant.log",
                "quantification/salmon/SRX11780882/quant.genes.sf",
                "quantification/salmon/SRX11780882/quant.sf",
                "quantification/salmon/SRX11780883",
                "quantification/salmon/SRX11780883/aux_info",
                "quantification/salmon/SRX11780883/aux_info/ambig_info.tsv",
                "quantification/salmon/SRX11780883/aux_info/expected_bias.gz",
                "quantification/salmon/SRX11780883/aux_info/fld.gz",
                "quantification/salmon/SRX11780883/aux_info/meta_info.json",
                "quantification/salmon/SRX11780883/aux_info/observed_bias.gz",
                "quantification/salmon/SRX11780883/aux_info/observed_bias_3p.gz",
                "quantification/salmon/SRX11780883/cmd_info.json",
                "quantification/salmon/SRX11780883/libParams",
                "quantification/salmon/SRX11780883/libParams/flenDist.txt",
                "quantification/salmon/SRX11780883/logs",
                "quantification/salmon/SRX11780883/logs/salmon_quant.log",
                "quantification/salmon/SRX11780883/quant.genes.sf",
                "quantification/salmon/SRX11780883/quant.sf",
                "quantification/salmon/SRX11780884",
                "quantification/salmon/SRX11780884/aux_info",
                "quantification/salmon/SRX11780884/aux_info/ambig_info.tsv",
                "quantification/salmon/SRX11780884/aux_info/expected_bias.gz",
                "quantification/salmon/SRX11780884/aux_info/fld.gz",
                "quantification/salmon/SRX11780884/aux_info/meta_info.json",
                "quantification/salmon/SRX11780884/aux_info/observed_bias.gz",
                "quantification/salmon/SRX11780884/aux_info/observed_bias_3p.gz",
                "quantification/salmon/SRX11780884/cmd_info.json",
                "quantification/salmon/SRX11780884/libParams",
                "quantification/salmon/SRX11780884/libParams/flenDist.txt",
                "quantification/salmon/SRX11780884/logs",
                "quantification/salmon/SRX11780884/logs/salmon_quant.log",
                "quantification/salmon/SRX11780884/quant.genes.sf",
                "quantification/salmon/SRX11780884/quant.sf",
                "quantification/salmon/SRX11780885",
                "quantification/salmon/SRX11780885/aux_info",
                "quantification/salmon/SRX11780885/aux_info/ambig_info.tsv",
                "quantification/salmon/SRX11780885/aux_info/expected_bias.gz",
                "quantification/salmon/SRX11780885/aux_info/fld.gz",
                "quantification/salmon/SRX11780885/aux_info/meta_info.json",
                "quantification/salmon/SRX11780885/aux_info/observed_bias.gz",
                "quantification/salmon/SRX11780885/aux_info/observed_bias_3p.gz",
                "quantification/salmon/SRX11780885/cmd_info.json",
                "quantification/salmon/SRX11780885/libParams",
                "quantification/salmon/SRX11780885/libParams/flenDist.txt",
                "quantification/salmon/SRX11780885/logs",
                "quantification/salmon/SRX11780885/logs/salmon_quant.log",
                "quantification/salmon/SRX11780885/quant.genes.sf",
                "quantification/salmon/SRX11780885/quant.sf",
                "quantification/salmon/SRX11780886",
                "quantification/salmon/SRX11780886/aux_info",
                "quantification/salmon/SRX11780886/aux_info/ambig_info.tsv",
                "quantification/salmon/SRX11780886/aux_info/expected_bias.gz",
                "quantification/salmon/SRX11780886/aux_info/fld.gz",
                "quantification/salmon/SRX11780886/aux_info/meta_info.json",
                "quantification/salmon/SRX11780886/aux_info/observed_bias.gz",
                "quantification/salmon/SRX11780886/aux_info/observed_bias_3p.gz",
                "quantification/salmon/SRX11780886/cmd_info.json",
                "quantification/salmon/SRX11780886/libParams",
                "quantification/salmon/SRX11780886/libParams/flenDist.txt",
                "quantification/salmon/SRX11780886/logs",
                "quantification/salmon/SRX11780886/logs/salmon_quant.log",
                "quantification/salmon/SRX11780886/quant.genes.sf",
                "quantification/salmon/SRX11780886/quant.sf",
                "quantification/salmon/SRX11780887",
                "quantification/salmon/SRX11780887/aux_info",
                "quantification/salmon/SRX11780887/aux_info/ambig_info.tsv",
                "quantification/salmon/SRX11780887/aux_info/expected_bias.gz",
                "quantification/salmon/SRX11780887/aux_info/fld.gz",
                "quantification/salmon/SRX11780887/aux_info/meta_info.json",
                "quantification/salmon/SRX11780887/aux_info/observed_bias.gz",
                "quantification/salmon/SRX11780887/aux_info/observed_bias_3p.gz",
                "quantification/salmon/SRX11780887/cmd_info.json",
                "quantification/salmon/SRX11780887/libParams",
                "quantification/salmon/SRX11780887/libParams/flenDist.txt",
                "quantification/salmon/SRX11780887/logs",
                "quantification/salmon/SRX11780887/logs/salmon_quant.log",
                "quantification/salmon/SRX11780887/quant.genes.sf",
                "quantification/salmon/SRX11780887/quant.sf",
                "quantification/salmon/SRX11780888",
                "quantification/salmon/SRX11780888/aux_info",
                "quantification/salmon/SRX11780888/aux_info/ambig_info.tsv",
                "quantification/salmon/SRX11780888/aux_info/expected_bias.gz",
                "quantification/salmon/SRX11780888/aux_info/fld.gz",
                "quantification/salmon/SRX11780888/aux_info/meta_info.json",
                "quantification/salmon/SRX11780888/aux_info/observed_bias.gz",
                "quantification/salmon/SRX11780888/aux_info/observed_bias_3p.gz",
                "quantification/salmon/SRX11780888/cmd_info.json",
                "quantification/salmon/SRX11780888/libParams",
                "quantification/salmon/SRX11780888/libParams/flenDist.txt",
                "quantification/salmon/SRX11780888/logs",
                "quantification/salmon/SRX11780888/logs/salmon_quant.log",
                "quantification/salmon/SRX11780888/quant.genes.sf",
                "quantification/salmon/SRX11780888/quant.sf",
                "quantification/salmon/SRX11780889",
                "quantification/salmon/SRX11780889/aux_info",
                "quantification/salmon/SRX11780889/aux_info/ambig_info.tsv",
                "quantification/salmon/SRX11780889/aux_info/expected_bias.gz",
                "quantification/salmon/SRX11780889/aux_info/fld.gz",
                "quantification/salmon/SRX11780889/aux_info/meta_info.json",
                "quantification/salmon/SRX11780889/aux_info/observed_bias.gz",
                "quantification/salmon/SRX11780889/aux_info/observed_bias_3p.gz",
                "quantification/salmon/SRX11780889/cmd_info.json",
                "quantification/salmon/SRX11780889/libParams",
                "quantification/salmon/SRX11780889/libParams/flenDist.txt",
                "quantification/salmon/SRX11780889/logs",
                "quantification/salmon/SRX11780889/logs/salmon_quant.log",
                "quantification/salmon/SRX11780889/quant.genes.sf",
                "quantification/salmon/SRX11780889/quant.sf",
                "quantification/salmon/SRX11780890",
                "quantification/salmon/SRX11780890/aux_info",
                "quantification/salmon/SRX11780890/aux_info/ambig_info.tsv",
                "quantification/salmon/SRX11780890/aux_info/expected_bias.gz",
                "quantification/salmon/SRX11780890/aux_info/fld.gz",
                "quantification/salmon/SRX11780890/aux_info/meta_info.json",
                "quantification/salmon/SRX11780890/aux_info/observed_bias.gz",
                "quantification/salmon/SRX11780890/aux_info/observed_bias_3p.gz",
                "quantification/salmon/SRX11780890/cmd_info.json",
                "quantification/salmon/SRX11780890/libParams",
                "quantification/salmon/SRX11780890/libParams/flenDist.txt",
                "quantification/salmon/SRX11780890/logs",
                "quantification/salmon/SRX11780890/logs/salmon_quant.log",
                "quantification/salmon/SRX11780890/quant.genes.sf",
                "quantification/salmon/SRX11780890/quant.sf",
                "quantification/salmon/salmon.merged.gene_counts.R_sessionInfo.log",
                "quantification/salmon/salmon.merged.gene_counts.SummarizedExperiment.rds",
                "quantification/salmon/salmon.merged.gene_counts.tsv",
                "quantification/salmon/salmon.merged.gene_counts_length_scaled.tsv",
                "quantification/salmon/salmon.merged.gene_counts_scaled.tsv",
                "quantification/salmon/salmon.merged.gene_lengths.tsv",
                "quantification/salmon/salmon.merged.gene_tpm.tsv",
                "quantification/salmon/salmon.merged.transcript_counts.R_sessionInfo.log",
                "quantification/salmon/salmon.merged.transcript_counts.SummarizedExperiment.rds",
                "quantification/salmon/salmon.merged.transcript_counts.tsv",
                "quantification/salmon/salmon.merged.transcript_lengths.tsv",
                "quantification/salmon/salmon.merged.transcript_tpm.tsv",
                "quantification/tx2gene.tsv",
                "riboseq_qc",
                "riboseq_qc/ribotish",
                "riboseq_qc/ribotish/SRX11780885.para.py",
                "riboseq_qc/ribotish/SRX11780885_qual.pdf",
                "riboseq_qc/ribotish/SRX11780885_qual.txt",
                "riboseq_qc/ribotish/SRX11780886.para.py",
                "riboseq_qc/ribotish/SRX11780886_qual.pdf",
                "riboseq_qc/ribotish/SRX11780886_qual.txt",
                "riboseq_qc/ribotish/SRX11780887.para.py",
                "riboseq_qc/ribotish/SRX11780887_qual.pdf",
                "riboseq_qc/ribotish/SRX11780887_qual.txt",
                "riboseq_qc/ribotish/SRX11780888.para.py",
                "riboseq_qc/ribotish/SRX11780888_qual.pdf",
                "riboseq_qc/ribotish/SRX11780888_qual.txt",
                "riboseq_qc/ribotish/SRX11780889.para.py",
                "riboseq_qc/ribotish/SRX11780889_qual.pdf",
                "riboseq_qc/ribotish/SRX11780889_qual.txt",
                "riboseq_qc/ribotish/SRX11780890.para.py",
                "riboseq_qc/ribotish/SRX11780890_qual.pdf",
                "riboseq_qc/ribotish/SRX11780890_qual.txt",
                "ribowaltz",
                "ribowaltz/SRX11780885.best_offset.txt",
                "ribowaltz/SRX11780885.cds_coverage_psite.tsv.gz",
                "ribowaltz/SRX11780885.cds_plus42nt_minus27nt_coverage_psite.tsv.gz",
                "ribowaltz/SRX11780885.codon_coverage_psite.tsv.gz",
                "ribowaltz/SRX11780885.codon_coverage_rpf.tsv.gz",
                "ribowaltz/SRX11780885.psite.tsv.gz",
                "ribowaltz/SRX11780885.psite_offset.tsv.gz",
                "ribowaltz/SRX11780886.best_offset.txt",
                "ribowaltz/SRX11780886.cds_coverage_psite.tsv.gz",
                "ribowaltz/SRX11780886.cds_plus42nt_minus27nt_coverage_psite.tsv.gz",
                "ribowaltz/SRX11780886.codon_coverage_psite.tsv.gz",
                "ribowaltz/SRX11780886.codon_coverage_rpf.tsv.gz",
                "ribowaltz/SRX11780886.psite.tsv.gz",
                "ribowaltz/SRX11780886.psite_offset.tsv.gz",
                "ribowaltz/SRX11780887.best_offset.txt",
                "ribowaltz/SRX11780887.cds_coverage_psite.tsv.gz",
                "ribowaltz/SRX11780887.cds_plus42nt_minus27nt_coverage_psite.tsv.gz",
                "ribowaltz/SRX11780887.codon_coverage_psite.tsv.gz",
                "ribowaltz/SRX11780887.codon_coverage_rpf.tsv.gz",
                "ribowaltz/SRX11780887.psite.tsv.gz",
                "ribowaltz/SRX11780887.psite_offset.tsv.gz",
                "ribowaltz/SRX11780888.best_offset.txt",
                "ribowaltz/SRX11780888.cds_coverage_psite.tsv.gz",
                "ribowaltz/SRX11780888.cds_plus42nt_minus27nt_coverage_psite.tsv.gz",
                "ribowaltz/SRX11780888.codon_coverage_psite.tsv.gz",
                "ribowaltz/SRX11780888.codon_coverage_rpf.tsv.gz",
                "ribowaltz/SRX11780888.psite.tsv.gz",
                "ribowaltz/SRX11780888.psite_offset.tsv.gz",
                "ribowaltz/SRX11780889.best_offset.txt",
                "ribowaltz/SRX11780889.cds_coverage_psite.tsv.gz",
                "ribowaltz/SRX11780889.cds_plus42nt_minus27nt_coverage_psite.tsv.gz",
                "ribowaltz/SRX11780889.codon_coverage_psite.tsv.gz",
                "ribowaltz/SRX11780889.codon_coverage_rpf.tsv.gz",
                "ribowaltz/SRX11780889.psite.tsv.gz",
                "ribowaltz/SRX11780889.psite_offset.tsv.gz",
                "ribowaltz/SRX11780890.best_offset.txt",
                "ribowaltz/SRX11780890.cds_coverage_psite.tsv.gz",
                "ribowaltz/SRX11780890.cds_plus42nt_minus27nt_coverage_psite.tsv.gz",
                "ribowaltz/SRX11780890.codon_coverage_psite.tsv.gz",
                "ribowaltz/SRX11780890.codon_coverage_rpf.tsv.gz",
                "ribowaltz/SRX11780890.psite.tsv.gz",
                "ribowaltz/SRX11780890.psite_offset.tsv.gz",
                "ribowaltz/offset_plot",
                "ribowaltz/offset_plot/SRX11780885",
                "ribowaltz/offset_plot/SRX11780885/22.pdf",
                "ribowaltz/offset_plot/SRX11780885/23.pdf",
                "ribowaltz/offset_plot/SRX11780885/24.pdf",
                "ribowaltz/offset_plot/SRX11780885/25.pdf",
                "ribowaltz/offset_plot/SRX11780885/26.pdf",
                "ribowaltz/offset_plot/SRX11780885/27.pdf",
                "ribowaltz/offset_plot/SRX11780885/28.pdf",
                "ribowaltz/offset_plot/SRX11780885/29.pdf",
                "ribowaltz/offset_plot/SRX11780885/30.pdf",
                "ribowaltz/offset_plot/SRX11780885/31.pdf",
                "ribowaltz/offset_plot/SRX11780885/32.pdf",
                "ribowaltz/offset_plot/SRX11780885/33.pdf",
                "ribowaltz/offset_plot/SRX11780885/34.pdf",
                "ribowaltz/offset_plot/SRX11780886",
                "ribowaltz/offset_plot/SRX11780886/20.pdf",
                "ribowaltz/offset_plot/SRX11780886/21.pdf",
                "ribowaltz/offset_plot/SRX11780886/22.pdf",
                "ribowaltz/offset_plot/SRX11780886/23.pdf",
                "ribowaltz/offset_plot/SRX11780886/24.pdf",
                "ribowaltz/offset_plot/SRX11780886/25.pdf",
                "ribowaltz/offset_plot/SRX11780886/26.pdf",
                "ribowaltz/offset_plot/SRX11780886/27.pdf",
                "ribowaltz/offset_plot/SRX11780886/28.pdf",
                "ribowaltz/offset_plot/SRX11780886/29.pdf",
                "ribowaltz/offset_plot/SRX11780886/30.pdf",
                "ribowaltz/offset_plot/SRX11780886/31.pdf",
                "ribowaltz/offset_plot/SRX11780886/32.pdf",
                "ribowaltz/offset_plot/SRX11780886/33.pdf",
                "ribowaltz/offset_plot/SRX11780887",
                "ribowaltz/offset_plot/SRX11780887/20.pdf",
                "ribowaltz/offset_plot/SRX11780887/21.pdf",
                "ribowaltz/offset_plot/SRX11780887/22.pdf",
                "ribowaltz/offset_plot/SRX11780887/23.pdf",
                "ribowaltz/offset_plot/SRX11780887/24.pdf",
                "ribowaltz/offset_plot/SRX11780887/25.pdf",
                "ribowaltz/offset_plot/SRX11780887/26.pdf",
                "ribowaltz/offset_plot/SRX11780887/27.pdf",
                "ribowaltz/offset_plot/SRX11780887/28.pdf",
                "ribowaltz/offset_plot/SRX11780887/29.pdf",
                "ribowaltz/offset_plot/SRX11780887/30.pdf",
                "ribowaltz/offset_plot/SRX11780887/31.pdf",
                "ribowaltz/offset_plot/SRX11780887/32.pdf",
                "ribowaltz/offset_plot/SRX11780887/33.pdf",
                "ribowaltz/offset_plot/SRX11780887/34.pdf",
                "ribowaltz/offset_plot/SRX11780887/35.pdf",
                "ribowaltz/offset_plot/SRX11780887/36.pdf",
                "ribowaltz/offset_plot/SRX11780887/37.pdf",
                "ribowaltz/offset_plot/SRX11780887/38.pdf",
                "ribowaltz/offset_plot/SRX11780887/39.pdf",
                "ribowaltz/offset_plot/SRX11780887/40.pdf",
                "ribowaltz/offset_plot/SRX11780887/41.pdf",
                "ribowaltz/offset_plot/SRX11780888",
                "ribowaltz/offset_plot/SRX11780888/21.pdf",
                "ribowaltz/offset_plot/SRX11780888/22.pdf",
                "ribowaltz/offset_plot/SRX11780888/23.pdf",
                "ribowaltz/offset_plot/SRX11780888/24.pdf",
                "ribowaltz/offset_plot/SRX11780888/25.pdf",
                "ribowaltz/offset_plot/SRX11780888/26.pdf",
                "ribowaltz/offset_plot/SRX11780888/27.pdf",
                "ribowaltz/offset_plot/SRX11780888/28.pdf",
                "ribowaltz/offset_plot/SRX11780888/29.pdf",
                "ribowaltz/offset_plot/SRX11780888/30.pdf",
                "ribowaltz/offset_plot/SRX11780889",
                "ribowaltz/offset_plot/SRX11780889/22.pdf",
                "ribowaltz/offset_plot/SRX11780889/23.pdf",
                "ribowaltz/offset_plot/SRX11780889/24.pdf",
                "ribowaltz/offset_plot/SRX11780889/25.pdf",
                "ribowaltz/offset_plot/SRX11780889/26.pdf",
                "ribowaltz/offset_plot/SRX11780889/27.pdf",
                "ribowaltz/offset_plot/SRX11780889/28.pdf",
                "ribowaltz/offset_plot/SRX11780889/29.pdf",
                "ribowaltz/offset_plot/SRX11780889/30.pdf",
                "ribowaltz/offset_plot/SRX11780889/31.pdf",
                "ribowaltz/offset_plot/SRX11780889/32.pdf",
                "ribowaltz/offset_plot/SRX11780890",
                "ribowaltz/offset_plot/SRX11780890/21.pdf",
                "ribowaltz/offset_plot/SRX11780890/22.pdf",
                "ribowaltz/offset_plot/SRX11780890/23.pdf",
                "ribowaltz/offset_plot/SRX11780890/24.pdf",
                "ribowaltz/offset_plot/SRX11780890/25.pdf",
                "ribowaltz/offset_plot/SRX11780890/26.pdf",
                "ribowaltz/offset_plot/SRX11780890/27.pdf",
                "ribowaltz/offset_plot/SRX11780890/28.pdf",
                "ribowaltz/offset_plot/SRX11780890/29.pdf",
                "ribowaltz/offset_plot/SRX11780890/30.pdf",
                "ribowaltz/offset_plot/SRX11780890/31.pdf",
                "ribowaltz/offset_plot/SRX11780890/32.pdf",
                "ribowaltz/offset_plot/SRX11780890/33.pdf",
                "ribowaltz/ribowaltz_qc",
                "ribowaltz/ribowaltz_qc/SRX11780885.codon_usage.pdf",
                "ribowaltz/ribowaltz_qc/SRX11780885.ends_heatmap.pdf",
                "ribowaltz/ribowaltz_qc/SRX11780885.frames.pdf",
                "ribowaltz/ribowaltz_qc/SRX11780885.frames_stratified.pdf",
                "ribowaltz/ribowaltz_qc/SRX11780885.length_bins_for_psite.pdf",
                "ribowaltz/ribowaltz_qc/SRX11780885.length_distribution.pdf",
                "ribowaltz/ribowaltz_qc/SRX11780885.metaprofile_psite.pdf",
                "ribowaltz/ribowaltz_qc/SRX11780885.psite_region.pdf",
                "ribowaltz/ribowaltz_qc/SRX11780886.codon_usage.pdf",
                "ribowaltz/ribowaltz_qc/SRX11780886.ends_heatmap.pdf",
                "ribowaltz/ribowaltz_qc/SRX11780886.frames.pdf",
                "ribowaltz/ribowaltz_qc/SRX11780886.frames_stratified.pdf",
                "ribowaltz/ribowaltz_qc/SRX11780886.length_bins_for_psite.pdf",
                "ribowaltz/ribowaltz_qc/SRX11780886.length_distribution.pdf",
                "ribowaltz/ribowaltz_qc/SRX11780886.metaprofile_psite.pdf",
                "ribowaltz/ribowaltz_qc/SRX11780886.psite_region.pdf",
                "ribowaltz/ribowaltz_qc/SRX11780887.codon_usage.pdf",
                "ribowaltz/ribowaltz_qc/SRX11780887.ends_heatmap.pdf",
                "ribowaltz/ribowaltz_qc/SRX11780887.frames.pdf",
                "ribowaltz/ribowaltz_qc/SRX11780887.frames_stratified.pdf",
                "ribowaltz/ribowaltz_qc/SRX11780887.length_bins_for_psite.pdf",
                "ribowaltz/ribowaltz_qc/SRX11780887.length_distribution.pdf",
                "ribowaltz/ribowaltz_qc/SRX11780887.metaprofile_psite.pdf",
                "ribowaltz/ribowaltz_qc/SRX11780887.psite_region.pdf",
                "ribowaltz/ribowaltz_qc/SRX11780888.codon_usage.pdf",
                "ribowaltz/ribowaltz_qc/SRX11780888.ends_heatmap.pdf",
                "ribowaltz/ribowaltz_qc/SRX11780888.frames.pdf",
                "ribowaltz/ribowaltz_qc/SRX11780888.frames_stratified.pdf",
                "ribowaltz/ribowaltz_qc/SRX11780888.length_bins_for_psite.pdf",
                "ribowaltz/ribowaltz_qc/SRX11780888.length_distribution.pdf",
                "ribowaltz/ribowaltz_qc/SRX11780888.metaprofile_psite.pdf",
                "ribowaltz/ribowaltz_qc/SRX11780888.psite_region.pdf",
                "ribowaltz/ribowaltz_qc/SRX11780889.codon_usage.pdf",
                "ribowaltz/ribowaltz_qc/SRX11780889.ends_heatmap.pdf",
                "ribowaltz/ribowaltz_qc/SRX11780889.frames.pdf",
                "ribowaltz/ribowaltz_qc/SRX11780889.frames_stratified.pdf",
                "ribowaltz/ribowaltz_qc/SRX11780889.length_bins_for_psite.pdf",
                "ribowaltz/ribowaltz_qc/SRX11780889.length_distribution.pdf",
                "ribowaltz/ribowaltz_qc/SRX11780889.metaprofile_psite.pdf",
                "ribowaltz/ribowaltz_qc/SRX11780889.psite_region.pdf",
                "ribowaltz/ribowaltz_qc/SRX11780890.codon_usage.pdf",
                "ribowaltz/ribowaltz_qc/SRX11780890.ends_heatmap.pdf",
                "ribowaltz/ribowaltz_qc/SRX11780890.frames.pdf",
                "ribowaltz/ribowaltz_qc/SRX11780890.frames_stratified.pdf",
                "ribowaltz/ribowaltz_qc/SRX11780890.length_bins_for_psite.pdf",
                "ribowaltz/ribowaltz_qc/SRX11780890.length_distribution.pdf",
                "ribowaltz/ribowaltz_qc/SRX11780890.metaprofile_psite.pdf",
                "ribowaltz/ribowaltz_qc/SRX11780890.psite_region.pdf",
                "translational_efficiency",
                "translational_efficiency/deltate",
                "translational_efficiency/deltate/treated_vs_control.DESeqDataSet.rds",
                "translational_efficiency/deltate/treated_vs_control.R_sessionInfo.log",
                "translational_efficiency/deltate/treated_vs_control.buffering.deltate.genes.tsv",
                "translational_efficiency/deltate/treated_vs_control.dtegs.deltate.genes.tsv",
                "translational_efficiency/deltate/treated_vs_control.fold_change.png",
                "translational_efficiency/deltate/treated_vs_control.heatmap.png",
                "translational_efficiency/deltate/treated_vs_control.heatmap_annotations.tsv",
                "translational_efficiency/deltate/treated_vs_control.heatmap_zscores.tsv",
                "translational_efficiency/deltate/treated_vs_control.intensified.deltate.genes.tsv",
                "translational_efficiency/deltate/treated_vs_control.interaction_p_distribution.png",
                "translational_efficiency/deltate/treated_vs_control.mRNA_abundance.deltate.genes.tsv",
                "translational_efficiency/deltate/treated_vs_control.pca_ribo.png",
                "translational_efficiency/deltate/treated_vs_control.pca_ribo.tsv",
                "translational_efficiency/deltate/treated_vs_control.pca_rna.png",
                "translational_efficiency/deltate/treated_vs_control.pca_rna.tsv",
                "translational_efficiency/deltate/treated_vs_control.total_mRNA.deltate.results.tsv",
                "translational_efficiency/deltate/treated_vs_control.translated_mRNA.deltate.results.tsv",
                "translational_efficiency/deltate/treated_vs_control.translation.deltate.genes.tsv",
                "translational_efficiency/deltate/treated_vs_control.translation.deltate.results.tsv"
            ],
            [
                "SRX11780879.SJ.out.tab:md5,5ecdd17b4e5cb1717d027aacd6d43b34",
                "SRX11780880.SJ.out.tab:md5,c32296ce38d46ece7e41ab0a738b6e4d",
                "SRX11780881.SJ.out.tab:md5,644879077cccd2d487fdb390dafb106c",
                "SRX11780882.SJ.out.tab:md5,0696e6cb98a9cae812e2e892ba66e142",
                "SRX11780883.SJ.out.tab:md5,dd61e10c7890b311926bdd780e84bd8d",
                "SRX11780884.SJ.out.tab:md5,84c5d56e14b9cacdf99b569ced93ca5d",
                "SRX11780885.SJ.out.tab:md5,d82f2a7b61f316daa135b9579ed5940a",
                "SRX11780886.SJ.out.tab:md5,ab84e0e7962f29dfd83e3fc0f2483950",
                "SRX11780887.SJ.out.tab:md5,23c2574fd7f296fc76ace3eea3a64f3c",
                "SRX11780888.SJ.out.tab:md5,c2760a67f8088eefaad8a02563042c93",
                "SRX11780889.SJ.out.tab:md5,03dad0ce6ec47122c178ece8e8d20d5b",
                "SRX11780890.SJ.out.tab:md5,ea0f27eb1a8e4e8985cbe3e419492640",
                "SRX11780879.genome.sorted.bam.flagstat:md5,c72d711cb12ba12c7f943189d789dd93",
                "SRX11780879.genome.sorted.bam.idxstats:md5,b197e2d4d2a668825245e2ddd8adfa4e",
                "SRX11780879.transcriptome.sorted.bam.flagstat:md5,5cdb97d81784b812d63d0d493e5beb13",
                "SRX11780879.transcriptome.sorted.bam.idxstats:md5,8bd3103b6e2f7a2efa9daa9a4d5d77a4",
                "SRX11780880.genome.sorted.bam.flagstat:md5,e82c1f5d2cc12004a01d124484651289",
                "SRX11780880.genome.sorted.bam.idxstats:md5,5caaae07f59dd3a58551533a525a2b7d",
                "SRX11780880.transcriptome.sorted.bam.flagstat:md5,a6b50e542172f6af77f58386a4b5f9a6",
                "SRX11780880.transcriptome.sorted.bam.idxstats:md5,c8865198a33d6c1dfc5ae8535648cd43",
                "SRX11780881.genome.sorted.bam.flagstat:md5,ef2a63a7f45cec79ac82374091cec002",
                "SRX11780881.genome.sorted.bam.idxstats:md5,1f85e05a5ee2c4424140d0b527db7ac7",
                "SRX11780881.transcriptome.sorted.bam.flagstat:md5,57b72bbd627fb0a569ce16567c90944d",
                "SRX11780881.transcriptome.sorted.bam.idxstats:md5,d859ec18562a575093e15b337bbbd044",
                "SRX11780882.genome.sorted.bam.flagstat:md5,dd8b9aacc7d20117f9e21de266686ed6",
                "SRX11780882.genome.sorted.bam.idxstats:md5,909463a5a4fd51a109a4354654f27554",
                "SRX11780882.transcriptome.sorted.bam.flagstat:md5,15e8d0aaa179d3792a94f5232184aaf5",
                "SRX11780882.transcriptome.sorted.bam.idxstats:md5,9c57dab41fac6f444033856919aeb06f",
                "SRX11780883.genome.sorted.bam.flagstat:md5,281f27c7975b04d4ddbe5f70b5d12a28",
                "SRX11780883.genome.sorted.bam.idxstats:md5,dc8bf77b154955c8c5d8d28165e34589",
                "SRX11780883.transcriptome.sorted.bam.flagstat:md5,da201cbc53688e201e2beab72de43ffc",
                "SRX11780883.transcriptome.sorted.bam.idxstats:md5,5cc71ea0a060262a83fe7d973cfeb4a6",
                "SRX11780884.genome.sorted.bam.flagstat:md5,1623db8126a923e51398fd732227dce2",
                "SRX11780884.genome.sorted.bam.idxstats:md5,e1d5037430958cd90d7e820c87451b4e",
                "SRX11780884.transcriptome.sorted.bam.flagstat:md5,ffe4ff4dae83a511a2975502569a63b6",
                "SRX11780884.transcriptome.sorted.bam.idxstats:md5,9df47f7edf4d3fad0e806141b3e5cc9c",
                "SRX11780885.genome.sorted.bam.flagstat:md5,34638ddd9be261fba8555e2146189cc5",
                "SRX11780885.genome.sorted.bam.idxstats:md5,1db6b625308a27cf5f746f1662aacad3",
                "SRX11780885.transcriptome.sorted.bam.flagstat:md5,d894fcee92515d64ff0004dc79ebd5e5",
                "SRX11780885.transcriptome.sorted.bam.idxstats:md5,9fba3a8f65b6f92b5d9bf2fbcd3e9a80",
                "SRX11780886.genome.sorted.bam.flagstat:md5,cdecfa6a1a5461393edb19b8a5535532",
                "SRX11780886.genome.sorted.bam.idxstats:md5,10764cca5c2306fdaaaae4a1e76d9e36",
                "SRX11780886.transcriptome.sorted.bam.flagstat:md5,78bb92e89451525ffae95e3bdb42d54e",
                "SRX11780886.transcriptome.sorted.bam.idxstats:md5,ac831ebf1c3f1c59d93287c6b5be31c5",
                "SRX11780887.genome.sorted.bam.flagstat:md5,46c07011888f2728e924fe87d71424aa",
                "SRX11780887.genome.sorted.bam.idxstats:md5,3ad0b738ae1af37373f93ef6c5446547",
                "SRX11780887.transcriptome.sorted.bam.flagstat:md5,17032f84bc15bf4730341928b01c9565",
                "SRX11780887.transcriptome.sorted.bam.idxstats:md5,fbaaa5e92a5e3ba76339875aea57e1df",
                "SRX11780888.genome.sorted.bam.flagstat:md5,84dc1eab6af9598f28e69749ed8db0c5",
                "SRX11780888.genome.sorted.bam.idxstats:md5,cdacf5472a83a0a384889c32dfb26f9e",
                "SRX11780888.transcriptome.sorted.bam.flagstat:md5,371f3d372bdc4aa0886c948b0e75c01e",
                "SRX11780888.transcriptome.sorted.bam.idxstats:md5,e40e04b01e2282d102ec3b49db97c938",
                "SRX11780889.genome.sorted.bam.flagstat:md5,dacdf6b27f2a8af49c19c81280381d36",
                "SRX11780889.genome.sorted.bam.idxstats:md5,df83c201a0b519f4f5643df80845778d",
                "SRX11780889.transcriptome.sorted.bam.flagstat:md5,cc01c2f40b7aabb3bf647c267a3f1482",
                "SRX11780889.transcriptome.sorted.bam.idxstats:md5,9f038e15f5f2a6ce1e68ddcae9654d98",
                "SRX11780890.genome.sorted.bam.flagstat:md5,062bbe3b1f44152e6c9cf564e4d404bb",
                "SRX11780890.genome.sorted.bam.idxstats:md5,3a0b29a35c233c8a44da429c0c1c4051",
                "SRX11780890.transcriptome.sorted.bam.flagstat:md5,87173978a2990cd5da861ad20b0b6982",
                "SRX11780890.transcriptome.sorted.bam.idxstats:md5,ae7f1daff6764bbc167742d19c99d587",
                "cutadapt_filtered_reads_plot.txt:md5,ff95c965185e62ff5914a5c60e7a268f",
                "cutadapt_trimmed_sequences_plot_3_Counts.txt:md5,319e9bb90c170c4b0207d644926bf69a",
                "cutadapt_trimmed_sequences_plot_3_Obs_Exp.txt:md5,6ed5bbd0961572352d1614cc1f25f29d",
                "fastqc-1-status-check-heatmap.txt:md5,a0e26481ceebf69ed7540a8e103526aa",
                "fastqc-1_overrepresented_sequences_plot.txt:md5,955f7e738937929fc26aba2de54ca404",
                "fastqc-1_per_base_n_content_plot.txt:md5,fa8a68d48b6776dc76645fa412d06490",
                "fastqc-1_per_base_sequence_quality_plot.txt:md5,f98b44d67d52434ea97e243cefe3e080",
                "fastqc-1_per_sequence_gc_content_plot_Counts.txt:md5,9a973946f1692516940ab3f5efea44ce",
                "fastqc-1_per_sequence_gc_content_plot_Percentages.txt:md5,3b4c25caf665d95a61ae8dd5e9bae84a",
                "fastqc-1_per_sequence_quality_scores_plot.txt:md5,c5366f0520a574d6749ef03e9e748aa2",
                "fastqc-1_sequence_counts_plot.txt:md5,07490905b4b62f87d92c26f792eef7a0",
                "fastqc-1_sequence_duplication_levels_plot.txt:md5,8f7b7d1921ed8b6302196876dd36a3f5",
                "fastqc-status-check-heatmap.txt:md5,a0e26481ceebf69ed7540a8e103526aa",
                "fastqc_overrepresented_sequences_plot.txt:md5,ba7c244b0a7cd7f591b8493f2927ea7d",
                "fastqc_per_base_n_content_plot.txt:md5,ec70b184c102884d089ebcca0cac7216",
                "fastqc_per_base_sequence_quality_plot.txt:md5,c8af81414843457b45cd1dfe83c49433",
                "fastqc_per_sequence_gc_content_plot_Counts.txt:md5,47955155853de1e04ca812820b8fee8c",
                "fastqc_per_sequence_gc_content_plot_Percentages.txt:md5,0e78eba9f1b8f63f5388c7078c41b302",
                "fastqc_per_sequence_quality_scores_plot.txt:md5,609c48f48499de206085509d4dd29b8a",
                "fastqc_sequence_counts_plot.txt:md5,cbb44b6eb726b00e041237476214b275",
                "fastqc_sequence_duplication_levels_plot.txt:md5,77d6e3d36b8c93f25e2d4cdbadd018d3",
                "fastqc_sequence_length_distribution_plot.txt:md5,d3f33f3eda7927b061fc3cdec99e8f4e",
                "multiqc_citations.txt:md5,cb121dd7b5ba8c16d98f04c2c4cceb46",
                "multiqc_cutadapt.txt:md5,e6031ab468a23c95b6989a6ce9e081f5",
                "multiqc_fastqc.txt:md5,435f987c78b50ab1dfe18640246f580b",
                "multiqc_fastqc_fastqc-1.txt:md5,c8ce8940114de9321e6de124b6cb4c18",
                "multiqc_ribotish.txt:md5,21546543970095b3bcc6ab20ac0425e7",
                "multiqc_samtools_flagstat.txt:md5,9fc0f9e799ae50c4b353b70aa1748b43",
                "multiqc_samtools_idxstats.txt:md5,acc2f751f8006c65cac9f52e5d408a2b",
                "multiqc_samtools_stats.txt:md5,086c61cbb732ee1ea68bbd10760dd33f",
                "multiqc_star.txt:md5,029d1969581112883d82a5eab5fa7cff",
                "ribotish_frame_proportions.txt:md5,2e46e5db2f71033a594d87a6e24c1e70",
                "ribotish_read_length_line.txt:md5,514f4653673462464d74330df9dfd46d",
                "samtools-flagstat-pct-table.txt:md5,06d9a397dd852e009160ab5b9e4302fb",
                "samtools-flagstat-table.txt:md5,cc66a587a9d071342334724993be7045",
                "samtools-idxstats-mapped-reads-plot_Normalised_Counts.txt:md5,8db9ec219d229213fc054c147ea6c48d",
                "samtools-idxstats-mapped-reads-plot_Observed_over_Expected_Counts.txt:md5,8db9ec219d229213fc054c147ea6c48d",
                "samtools-idxstats-mapped-reads-plot_Raw_Counts.txt:md5,41b65dd91f7c5c766b7a88cc7b250b49",
                "samtools-stats-dp.txt:md5,0a95ba8492a448faa8ff9965069fec1f",
                "samtools_alignment_plot.txt:md5,cccb8c1e2a5f40345d86b905700e492f",
                "star_alignment_plot.txt:md5,7979af9d40975eead0497fc8390d88fd",
                "star_summary_table.txt:md5,dcae19822c1b41d9258af767ed723959",
                "SRX11780885_all.txt:md5,3fa23521053d110288ad69453c49920f",
                "SRX11780885_pred.txt:md5,9931923309fc2c518f374225fd287448",
                "SRX11780885_transprofile.py:md5,a5056727040a5fa0342be231fea287f9",
                "SRX11780886_all.txt:md5,7be8efe7dd8f12edec40fd8ca69f77c4",
                "SRX11780886_pred.txt:md5,a74ec6f7603afcb94692416d9ab5f399",
                "SRX11780886_transprofile.py:md5,f9b3ac82b91565d08e58353eb159d8c5",
                "SRX11780887_all.txt:md5,b06c6ab1c41373c0b8a000893a51eb20",
                "SRX11780887_pred.txt:md5,86813277afcdbde15e8f8fb9a07a535f",
                "SRX11780887_transprofile.py:md5,ce46b13d566e11c72cfb44a430274fe4",
                "SRX11780888_all.txt:md5,74588938b1dd11d04002de5dd7f3daee",
                "SRX11780888_pred.txt:md5,74588938b1dd11d04002de5dd7f3daee",
                "SRX11780888_transprofile.py:md5,a17c78f915977e628ba431cc2c96a453",
                "SRX11780889_all.txt:md5,c5fb17e22ab4499d6c9dc365479a2ec8",
                "SRX11780889_pred.txt:md5,c5fb17e22ab4499d6c9dc365479a2ec8",
                "SRX11780889_transprofile.py:md5,7c225d4e4dfb51cb4c33e99e7ec2b651",
                "SRX11780890_all.txt:md5,0501a247b91bb842affb856da4092c47",
                "SRX11780890_pred.txt:md5,0501a247b91bb842affb856da4092c47",
                "SRX11780890_transprofile.py:md5,a747c7f9a31df12091bd8bd83b54c658",
                "allsamples_all.txt:md5,fcdb19d5389596185db2ebce2663cd94",
                "allsamples_pred.txt:md5,fcdb19d5389596185db2ebce2663cd94",
                "allsamples_transprofile.py:md5,51abc67be45f2a68677a551c887ff930",
                "SRX11780879.bowtie2.log:md5,44dd58926df16decd27314e7c42ba3b9",
                "SRX11780880.bowtie2.log:md5,69100acbfbda03335ba3ac7cbffdb16f",
                "SRX11780881.bowtie2.log:md5,99b022d64a54c14bacb95d633554e613",
                "SRX11780882.bowtie2.log:md5,44dd58926df16decd27314e7c42ba3b9",
                "SRX11780883.bowtie2.log:md5,c471af9f8040d969ed98309f6e348979",
                "SRX11780884.bowtie2.log:md5,44dd58926df16decd27314e7c42ba3b9",
                "SRX11780885.bowtie2.log:md5,69929c31d33e85444c86416ef0ea9f4b",
                "SRX11780886.bowtie2.log:md5,0c3bb94cbf2cce199eb1570e922b61b3",
                "SRX11780887.bowtie2.log:md5,a6008f5b638afe26448d7e6f221ebd68",
                "SRX11780888.bowtie2.log:md5,f299b3257e083e125718d1b61bc5d07a",
                "SRX11780889.bowtie2.log:md5,57c85c382c57184efb74779ff817382a",
                "SRX11780890.bowtie2.log:md5,ed7ff247afc948959b6c6e34f7da882e",
                "expected_bias.gz:md5,3407f87245d0003e0ffbfdf6d8c04f20",
                "observed_bias.gz:md5,92bcd0592d22a6a58d0360fc76103e56",
                "observed_bias_3p.gz:md5,92bcd0592d22a6a58d0360fc76103e56",
                "cmd_info.json:md5,5834ecfd45441b6db2bde251a042e7c9",
                "expected_bias.gz:md5,3407f87245d0003e0ffbfdf6d8c04f20",
                "observed_bias.gz:md5,92bcd0592d22a6a58d0360fc76103e56",
                "observed_bias_3p.gz:md5,92bcd0592d22a6a58d0360fc76103e56",
                "cmd_info.json:md5,c020c498b4b49942521c7e4403fbb5f4",
                "expected_bias.gz:md5,3407f87245d0003e0ffbfdf6d8c04f20",
                "observed_bias.gz:md5,92bcd0592d22a6a58d0360fc76103e56",
                "observed_bias_3p.gz:md5,92bcd0592d22a6a58d0360fc76103e56",
                "cmd_info.json:md5,2aeeff40d2c5127e3881cade0c505553",
                "expected_bias.gz:md5,3407f87245d0003e0ffbfdf6d8c04f20",
                "observed_bias.gz:md5,92bcd0592d22a6a58d0360fc76103e56",
                "observed_bias_3p.gz:md5,92bcd0592d22a6a58d0360fc76103e56",
                "cmd_info.json:md5,f4fd39bb236fcfd3584b6616b025e560",
                "expected_bias.gz:md5,3407f87245d0003e0ffbfdf6d8c04f20",
                "observed_bias.gz:md5,92bcd0592d22a6a58d0360fc76103e56",
                "observed_bias_3p.gz:md5,92bcd0592d22a6a58d0360fc76103e56",
                "cmd_info.json:md5,f6929c47dd44eafb279855047c542f11",
                "expected_bias.gz:md5,3407f87245d0003e0ffbfdf6d8c04f20",
                "observed_bias.gz:md5,92bcd0592d22a6a58d0360fc76103e56",
                "observed_bias_3p.gz:md5,92bcd0592d22a6a58d0360fc76103e56",
                "cmd_info.json:md5,9424d0ddf77916d7ee92f51e972fdac1",
                "expected_bias.gz:md5,3407f87245d0003e0ffbfdf6d8c04f20",
                "observed_bias.gz:md5,92bcd0592d22a6a58d0360fc76103e56",
                "observed_bias_3p.gz:md5,92bcd0592d22a6a58d0360fc76103e56",
                "cmd_info.json:md5,2494bac733aff9a59434c33512f6ef3b",
                "expected_bias.gz:md5,3407f87245d0003e0ffbfdf6d8c04f20",
                "observed_bias.gz:md5,92bcd0592d22a6a58d0360fc76103e56",
                "observed_bias_3p.gz:md5,92bcd0592d22a6a58d0360fc76103e56",
                "cmd_info.json:md5,90cbcea3f0d21d4bf6131bc90d4cfb48",
                "expected_bias.gz:md5,3407f87245d0003e0ffbfdf6d8c04f20",
                "observed_bias.gz:md5,92bcd0592d22a6a58d0360fc76103e56",
                "observed_bias_3p.gz:md5,92bcd0592d22a6a58d0360fc76103e56",
                "cmd_info.json:md5,ab6b4aadd3c2f908bd26f735a940fe54",
                "expected_bias.gz:md5,3407f87245d0003e0ffbfdf6d8c04f20",
                "observed_bias.gz:md5,92bcd0592d22a6a58d0360fc76103e56",
                "observed_bias_3p.gz:md5,92bcd0592d22a6a58d0360fc76103e56",
                "cmd_info.json:md5,8284353e59f322ddceafb7b7e8e94f65",
                "expected_bias.gz:md5,3407f87245d0003e0ffbfdf6d8c04f20",
                "observed_bias.gz:md5,92bcd0592d22a6a58d0360fc76103e56",
                "observed_bias_3p.gz:md5,92bcd0592d22a6a58d0360fc76103e56",
                "cmd_info.json:md5,9bb452c7dbdd35e9033de1964e4bb711",
                "expected_bias.gz:md5,3407f87245d0003e0ffbfdf6d8c04f20",
                "observed_bias.gz:md5,92bcd0592d22a6a58d0360fc76103e56",
                "observed_bias_3p.gz:md5,92bcd0592d22a6a58d0360fc76103e56",
                "cmd_info.json:md5,8d5ca24864151d35a76f3c70cd14210e",
                "salmon.merged.gene_counts.R_sessionInfo.log:md5,f477425bc8f6d07a9b47d4aaf953f3ce",
                "salmon.merged.transcript_counts.R_sessionInfo.log:md5,f477425bc8f6d07a9b47d4aaf953f3ce",
                "tx2gene.tsv:md5,ca8bc3fbff91c83c6545743011e589d7",
                "SRX11780885.para.py:md5,eafd8adc28a00e3a1cd5d42e3b648cac",
                "SRX11780885_qual.txt:md5,9aa8806905671583715f423bff141cbd",
                "SRX11780886.para.py:md5,14b1693f16209134253436e2346201fe",
                "SRX11780886_qual.txt:md5,531ef97df7bc9932d86e04caa71649bc",
                "SRX11780887.para.py:md5,eafd8adc28a00e3a1cd5d42e3b648cac",
                "SRX11780887_qual.txt:md5,0ec2b657898486a56c10cd6568977708",
                "SRX11780888.para.py:md5,98e9611ca1a2a3f7b360589d01a577d3",
                "SRX11780888_qual.txt:md5,0a964e16bda3da3c89730fa64d7f4b79",
                "SRX11780889.para.py:md5,61738f3e93a6fc2e6f7b6d201f6a59ba",
                "SRX11780889_qual.txt:md5,4c567c2c47eb52bf81e514a39eb5a695",
                "SRX11780890.para.py:md5,5f1696c5bf20116fa63363917e131284",
                "SRX11780890_qual.txt:md5,0f761538ecafb2718bd781c6e1fb7dc1",
                "SRX11780885.best_offset.txt:md5,1e6611858fd98bf4384cb121afb6707c",
                "SRX11780885.cds_coverage_psite.tsv.gz:md5,f9d49b4c82a8b3e5b521441e9df4cc86",
                "SRX11780885.cds_plus42nt_minus27nt_coverage_psite.tsv.gz:md5,87c80db54f46aac956f46a3ae09b23bc",
                "SRX11780885.codon_coverage_psite.tsv.gz:md5,8a759875e7dbbf39d3720f732713678a",
                "SRX11780885.codon_coverage_rpf.tsv.gz:md5,afbf801cb1ba85f404978098e572901d",
                "SRX11780885.psite.tsv.gz:md5,8276459cd5f05ae92510e9c983f643db",
                "SRX11780885.psite_offset.tsv.gz:md5,2ef8627be1603928b16f5fb561ac47b6",
                "SRX11780886.best_offset.txt:md5,787599a080c37b7d6eda470c13cc2563",
                "SRX11780886.cds_coverage_psite.tsv.gz:md5,3f9a35c6f34c0db4754e8a1662faa0b5",
                "SRX11780886.cds_plus42nt_minus27nt_coverage_psite.tsv.gz:md5,9b15a2401a9f0e42c060526f85596d8b",
                "SRX11780886.codon_coverage_psite.tsv.gz:md5,7aec8c79793692acd49c7858bce2b579",
                "SRX11780886.codon_coverage_rpf.tsv.gz:md5,3e50a00b6520665c165e4c3fce19e5f1",
                "SRX11780886.psite.tsv.gz:md5,d5776b81cdd2af8504fc3db2041da515",
                "SRX11780886.psite_offset.tsv.gz:md5,583bea05a8cacd96adec469132c968f5",
                "SRX11780887.best_offset.txt:md5,827cbf2c4231dd868dc6f93f8b6e83b0",
                "SRX11780887.cds_coverage_psite.tsv.gz:md5,d7f669652ce332ab4ebcb742a72dfcf2",
                "SRX11780887.cds_plus42nt_minus27nt_coverage_psite.tsv.gz:md5,4fdbeb658fd750c97873f0a2d64ec3ef",
                "SRX11780887.codon_coverage_psite.tsv.gz:md5,770a832bc98809a2c6ee4250dab64731",
                "SRX11780887.codon_coverage_rpf.tsv.gz:md5,56e1fad3c99f046eddb6fba8d8788ce9",
                "SRX11780887.psite.tsv.gz:md5,bec9bc165cd21e17fc03a86cb87005c5",
                "SRX11780887.psite_offset.tsv.gz:md5,14eebe2a609db07671c22ba4486e8d99",
                "SRX11780888.best_offset.txt:md5,df1bd7c66c950c943d200199d072f808",
                "SRX11780888.cds_coverage_psite.tsv.gz:md5,90e082f11c75a08d17bbd3eba354b6c1",
                "SRX11780888.cds_plus42nt_minus27nt_coverage_psite.tsv.gz:md5,26fb1fddeb9db9f4b46e027537af491b",
                "SRX11780888.codon_coverage_psite.tsv.gz:md5,1053bfe91da54816c224a897ac7226d2",
                "SRX11780888.codon_coverage_rpf.tsv.gz:md5,bbd3e94215437a9d89bf61a3bfd5d49f",
                "SRX11780888.psite.tsv.gz:md5,1e91a44a68e1918506962648d56a9192",
                "SRX11780888.psite_offset.tsv.gz:md5,b52ce5b4cd9a95231d02fc5fed83af70",
                "SRX11780889.best_offset.txt:md5,d01cc2839b5415179f8f02b1fe583698",
                "SRX11780889.cds_coverage_psite.tsv.gz:md5,e4f51321acf53ea0610e89fe1f718759",
                "SRX11780889.cds_plus42nt_minus27nt_coverage_psite.tsv.gz:md5,62d1ad2c5d06dcc2f5e4b38037bac919",
                "SRX11780889.codon_coverage_psite.tsv.gz:md5,41ff3b1b94ed30b310bf62d110c1b671",
                "SRX11780889.codon_coverage_rpf.tsv.gz:md5,0365460ff32f54ef97582566cd41803a",
                "SRX11780889.psite.tsv.gz:md5,df4d090347750c96c3b331dab0f582a9",
                "SRX11780889.psite_offset.tsv.gz:md5,e73bb4cd13df6f92efdbaa7dcf380784",
                "SRX11780890.best_offset.txt:md5,93ce9d385b8261eea0e90611cb1fa968",
                "SRX11780890.cds_coverage_psite.tsv.gz:md5,ed927c97e107476fc1b86b6af1a10e27",
                "SRX11780890.cds_plus42nt_minus27nt_coverage_psite.tsv.gz:md5,e51b52241818e27eb6f194af36dfc15a",
                "SRX11780890.codon_coverage_psite.tsv.gz:md5,948e954e45f3f4beb19b0aa1adc384b2",
                "SRX11780890.codon_coverage_rpf.tsv.gz:md5,fc28b1c4b672c3f94111a27392a0fa9c",
                "SRX11780890.psite.tsv.gz:md5,ad3e7a4abdba33a47bfe369cd7f2a725",
                "SRX11780890.psite_offset.tsv.gz:md5,4c640cbe8c24465fa1758951af308534",
                "treated_vs_control.R_sessionInfo.log:md5,9388c2a7f77dfde471cd9b67687070e4"
            ]
        ],
        "meta": {
            "nf-test": "0.9.3",
            "nextflow": "25.10.2"
        },
        "timestamp": "2025-12-19T11:36:50.884336906"
    }
}