{
    "Single-end UMI Ribo-seq with paired-end non-UMI RNA-seq": {
        "content": [
            {
                "AGAT_SPKEEPLONGESTISOFORM": {
                    "agat": "1.6.1"
                },
                "CUSTOM_GTFFILTER": {
                    "python": "3.9.5"
                },
                "CUSTOM_TX2GENE": {
                    "python": "3.10.4"
                },
                "FASTQC": {
                    "fastqc": "0.12.1"
                },
                "GFFREAD_CANONICAL": {
                    "gffread": "0.12.7"
                },
                "GUNZIP_FASTA": {
                    "gunzip": 1.13
                },
                "MAKE_TRANSCRIPTS_FASTA": {
                    "rsem": "1.3.1",
                    "star": "2.7.10a"
                },
                "SALMON_QUANT": {
                    "salmon": "1.10.3"
                },
                "SAMTOOLS_FAIDX": {
                    "samtools": "1.23.1"
                },
                "SAMTOOLS_FLAGSTAT": {
                    "samtools": "1.23.1"
                },
                "SAMTOOLS_IDXSTATS": {
                    "samtools": "1.23.1"
                },
                "SAMTOOLS_INDEX": {
                    "samtools": "1.23.1"
                },
                "SAMTOOLS_INDEX_PRIMARY": {
                    "samtools": "1.23.1"
                },
                "SAMTOOLS_SORT": {
                    "samtools": "1.23.1"
                },
                "SAMTOOLS_STATS": {
                    "samtools": "1.23.1"
                },
                "SAMTOOLS_VIEW_PRIMARY": {
                    "samtools": "1.23.1"
                },
                "SE_GENE_UNIFIED": {
                    "bioconductor-summarizedexperiment": "1.32.0"
                },
                "SE_TRANSCRIPT_UNIFIED": {
                    "bioconductor-summarizedexperiment": "1.32.0"
                },
                "STAR_ALIGN": {
                    "gawk": "5.1.0",
                    "samtools": 1.21,
                    "star": "2.7.11b"
                },
                "STAR_GENOMEGENERATE": {
                    "gawk": "5.1.0",
                    "samtools": 1.21,
                    "star": "2.7.11b"
                },
                "TXIMETA_TXIMPORT": {
                    "bioconductor-tximeta": "1.20.1"
                },
                "UMITOOLS_DEDUP": {
                    "umitools": "1.1.6"
                },
                "UMITOOLS_EXTRACT": {
                    "umitools": "1.1.6"
                },
                "Workflow": {
                    "nf-core/riboseq": "v1.3.0dev"
                }
            },
            [
                "alignment",
                "alignment/star",
                "alignment/star/deduplicated",
                "alignment/star/deduplicated/SRX11780885.transcriptome.sorted.bam",
                "alignment/star/deduplicated/SRX11780885.transcriptome.sorted.bam.bai",
                "alignment/star/deduplicated/SRX11780885.umi_dedup.genome.sorted.bam",
                "alignment/star/deduplicated/SRX11780885.umi_dedup.genome.sorted.bam.bai",
                "alignment/star/deduplicated/SRX11780885.umi_dedup.transcriptome.namesorted.bam",
                "alignment/star/deduplicated/SRX11780885.umi_dedup.transcriptome.sorted.bam",
                "alignment/star/deduplicated/SRX11780885.umi_dedup.transcriptome.sorted.bam.bai",
                "alignment/star/deduplicated/log",
                "alignment/star/deduplicated/log/SRX11780885.umi_dedup.genome.sorted.log",
                "alignment/star/deduplicated/log/SRX11780885.umi_dedup.transcriptome.sorted.log",
                "alignment/star/deduplicated/samtools_stats",
                "alignment/star/deduplicated/samtools_stats/SRX11780885.transcriptome.sorted.bam.flagstat",
                "alignment/star/deduplicated/samtools_stats/SRX11780885.transcriptome.sorted.bam.idxstats",
                "alignment/star/deduplicated/samtools_stats/SRX11780885.transcriptome.sorted.bam.stats",
                "alignment/star/deduplicated/samtools_stats/SRX11780885.umi_dedup.sorted.bam.flagstat",
                "alignment/star/deduplicated/samtools_stats/SRX11780885.umi_dedup.sorted.bam.idxstats",
                "alignment/star/deduplicated/samtools_stats/SRX11780885.umi_dedup.sorted.bam.stats",
                "alignment/star/deduplicated/samtools_stats/SRX11780885.umi_dedup.transcriptome.sorted.bam.flagstat",
                "alignment/star/deduplicated/samtools_stats/SRX11780885.umi_dedup.transcriptome.sorted.bam.idxstats",
                "alignment/star/deduplicated/samtools_stats/SRX11780885.umi_dedup.transcriptome.sorted.bam.stats",
                "alignment/star/log",
                "alignment/star/log/SRX11780879.Log.final.out",
                "alignment/star/log/SRX11780879.Log.out",
                "alignment/star/log/SRX11780879.Log.progress.out",
                "alignment/star/log/SRX11780879.SJ.out.tab",
                "alignment/star/log/SRX11780885.Log.final.out",
                "alignment/star/log/SRX11780885.Log.out",
                "alignment/star/log/SRX11780885.Log.progress.out",
                "alignment/star/log/SRX11780885.SJ.out.tab",
                "alignment/star/original",
                "alignment/star/original/SRX11780879.Aligned.out.bam",
                "alignment/star/original/SRX11780879.Aligned.toTranscriptome.out.bam",
                "alignment/star/original/SRX11780885.Aligned.out.bam",
                "alignment/star/original/SRX11780885.Aligned.toTranscriptome.out.bam",
                "alignment/star/sorted",
                "alignment/star/sorted/SRX11780879.genome.sorted.bam",
                "alignment/star/sorted/SRX11780879.genome.sorted.bam.bai",
                "alignment/star/sorted/SRX11780879.transcriptome.sorted.bam",
                "alignment/star/sorted/SRX11780879.transcriptome.sorted.bam.bai",
                "alignment/star/sorted/SRX11780885.genome.sorted.bam",
                "alignment/star/sorted/SRX11780885.genome.sorted.bam.bai",
                "alignment/star/sorted/SRX11780885.transcriptome.sorted.bam",
                "alignment/star/sorted/SRX11780885.transcriptome.sorted.bam.bai",
                "alignment/star/sorted/samtools_stats",
                "alignment/star/sorted/samtools_stats/SRX11780879.genome.sorted.bam.flagstat",
                "alignment/star/sorted/samtools_stats/SRX11780879.genome.sorted.bam.idxstats",
                "alignment/star/sorted/samtools_stats/SRX11780879.genome.sorted.bam.stats",
                "alignment/star/sorted/samtools_stats/SRX11780879.transcriptome.sorted.bam.flagstat",
                "alignment/star/sorted/samtools_stats/SRX11780879.transcriptome.sorted.bam.idxstats",
                "alignment/star/sorted/samtools_stats/SRX11780879.transcriptome.sorted.bam.stats",
                "alignment/star/sorted/samtools_stats/SRX11780885.genome.sorted.bam.flagstat",
                "alignment/star/sorted/samtools_stats/SRX11780885.genome.sorted.bam.idxstats",
                "alignment/star/sorted/samtools_stats/SRX11780885.genome.sorted.bam.stats",
                "alignment/star/sorted/samtools_stats/SRX11780885.transcriptome.sorted.bam.flagstat",
                "alignment/star/sorted/samtools_stats/SRX11780885.transcriptome.sorted.bam.idxstats",
                "alignment/star/sorted/samtools_stats/SRX11780885.transcriptome.sorted.bam.stats",
                "alignment/star/unmapped",
                "genome",
                "genome/index",
                "multiqc",
                "multiqc/star",
                "multiqc/star/multiqc_report.html",
                "multiqc/star/multiqc_report_data",
                "multiqc/star/multiqc_report_data/fastqc-status-check-heatmap.txt",
                "multiqc/star/multiqc_report_data/fastqc_adapter_content_plot.txt",
                "multiqc/star/multiqc_report_data/fastqc_overrepresented_sequences_plot.txt",
                "multiqc/star/multiqc_report_data/fastqc_per_base_n_content_plot.txt",
                "multiqc/star/multiqc_report_data/fastqc_per_base_sequence_quality_plot.txt",
                "multiqc/star/multiqc_report_data/fastqc_per_sequence_gc_content_plot_Counts.txt",
                "multiqc/star/multiqc_report_data/fastqc_per_sequence_gc_content_plot_Percentages.txt",
                "multiqc/star/multiqc_report_data/fastqc_per_sequence_quality_scores_plot.txt",
                "multiqc/star/multiqc_report_data/fastqc_sequence_counts_plot.txt",
                "multiqc/star/multiqc_report_data/fastqc_sequence_duplication_levels_plot.txt",
                "multiqc/star/multiqc_report_data/fastqc_sequence_length_distribution_plot.txt",
                "multiqc/star/multiqc_report_data/fastqc_top_overrepresented_sequences_table.txt",
                "multiqc/star/multiqc_report_data/llms-full.txt",
                "multiqc/star/multiqc_report_data/multiqc.log",
                "multiqc/star/multiqc_report_data/multiqc.parquet",
                "multiqc/star/multiqc_report_data/multiqc_citations.txt",
                "multiqc/star/multiqc_report_data/multiqc_data.json",
                "multiqc/star/multiqc_report_data/multiqc_fastqc.txt",
                "multiqc/star/multiqc_report_data/multiqc_general_stats.txt",
                "multiqc/star/multiqc_report_data/multiqc_salmon.txt",
                "multiqc/star/multiqc_report_data/multiqc_samtools_flagstat.txt",
                "multiqc/star/multiqc_report_data/multiqc_samtools_idxstats.txt",
                "multiqc/star/multiqc_report_data/multiqc_samtools_stats.txt",
                "multiqc/star/multiqc_report_data/multiqc_software_versions.txt",
                "multiqc/star/multiqc_report_data/multiqc_sources.txt",
                "multiqc/star/multiqc_report_data/multiqc_star.txt",
                "multiqc/star/multiqc_report_data/multiqc_umitools_dedup.txt",
                "multiqc/star/multiqc_report_data/multiqc_umitools_extract.txt",
                "multiqc/star/multiqc_report_data/salmon_plot.txt",
                "multiqc/star/multiqc_report_data/samtools-flagstat-pct-table.txt",
                "multiqc/star/multiqc_report_data/samtools-flagstat-table.txt",
                "multiqc/star/multiqc_report_data/samtools-idxstats-mapped-reads-plot_Normalised_Counts.txt",
                "multiqc/star/multiqc_report_data/samtools-idxstats-mapped-reads-plot_Observed_over_Expected_Counts.txt",
                "multiqc/star/multiqc_report_data/samtools-idxstats-mapped-reads-plot_Raw_Counts.txt",
                "multiqc/star/multiqc_report_data/samtools-stats-dp.txt",
                "multiqc/star/multiqc_report_data/samtools_alignment_plot.txt",
                "multiqc/star/multiqc_report_data/samtools_insert_size.txt",
                "multiqc/star/multiqc_report_data/star_alignment_plot.txt",
                "multiqc/star/multiqc_report_data/star_summary_table.txt",
                "multiqc/star/multiqc_report_data/umitools_deduplication_barplot.txt",
                "multiqc/star/multiqc_report_data/umitools_extract_barplot_success.txt",
                "multiqc/star/multiqc_report_data/umitools_stats_violin.txt",
                "multiqc/star/multiqc_report_plots",
                "multiqc/star/multiqc_report_plots/pdf",
                "multiqc/star/multiqc_report_plots/pdf/fastqc-status-check-heatmap.pdf",
                "multiqc/star/multiqc_report_plots/pdf/fastqc_adapter_content_plot.pdf",
                "multiqc/star/multiqc_report_plots/pdf/fastqc_overrepresented_sequences_plot.pdf",
                "multiqc/star/multiqc_report_plots/pdf/fastqc_per_base_n_content_plot.pdf",
                "multiqc/star/multiqc_report_plots/pdf/fastqc_per_base_sequence_quality_plot.pdf",
                "multiqc/star/multiqc_report_plots/pdf/fastqc_per_sequence_gc_content_plot_Counts.pdf",
                "multiqc/star/multiqc_report_plots/pdf/fastqc_per_sequence_gc_content_plot_Percentages.pdf",
                "multiqc/star/multiqc_report_plots/pdf/fastqc_per_sequence_quality_scores_plot.pdf",
                "multiqc/star/multiqc_report_plots/pdf/fastqc_sequence_counts_plot-cnt.pdf",
                "multiqc/star/multiqc_report_plots/pdf/fastqc_sequence_counts_plot-pct.pdf",
                "multiqc/star/multiqc_report_plots/pdf/fastqc_sequence_duplication_levels_plot.pdf",
                "multiqc/star/multiqc_report_plots/pdf/fastqc_sequence_length_distribution_plot.pdf",
                "multiqc/star/multiqc_report_plots/pdf/fastqc_top_overrepresented_sequences_table.pdf",
                "multiqc/star/multiqc_report_plots/pdf/salmon_plot.pdf",
                "multiqc/star/multiqc_report_plots/pdf/samtools-flagstat-pct-table.pdf",
                "multiqc/star/multiqc_report_plots/pdf/samtools-flagstat-table.pdf",
                "multiqc/star/multiqc_report_plots/pdf/samtools-idxstats-mapped-reads-plot_Normalised_Counts-cnt.pdf",
                "multiqc/star/multiqc_report_plots/pdf/samtools-idxstats-mapped-reads-plot_Normalised_Counts-log.pdf",
                "multiqc/star/multiqc_report_plots/pdf/samtools-idxstats-mapped-reads-plot_Observed_over_Expected_Counts-cnt.pdf",
                "multiqc/star/multiqc_report_plots/pdf/samtools-idxstats-mapped-reads-plot_Observed_over_Expected_Counts-log.pdf",
                "multiqc/star/multiqc_report_plots/pdf/samtools-idxstats-mapped-reads-plot_Raw_Counts-cnt.pdf",
                "multiqc/star/multiqc_report_plots/pdf/samtools-idxstats-mapped-reads-plot_Raw_Counts-log.pdf",
                "multiqc/star/multiqc_report_plots/pdf/samtools-stats-dp.pdf",
                "multiqc/star/multiqc_report_plots/pdf/samtools_alignment_plot-cnt.pdf",
                "multiqc/star/multiqc_report_plots/pdf/samtools_alignment_plot-pct.pdf",
                "multiqc/star/multiqc_report_plots/pdf/samtools_insert_size.pdf",
                "multiqc/star/multiqc_report_plots/pdf/star_alignment_plot-cnt.pdf",
                "multiqc/star/multiqc_report_plots/pdf/star_alignment_plot-pct.pdf",
                "multiqc/star/multiqc_report_plots/pdf/star_summary_table.pdf",
                "multiqc/star/multiqc_report_plots/pdf/umitools_deduplication_barplot-cnt.pdf",
                "multiqc/star/multiqc_report_plots/pdf/umitools_deduplication_barplot-pct.pdf",
                "multiqc/star/multiqc_report_plots/pdf/umitools_extract_barplot_success-cnt.pdf",
                "multiqc/star/multiqc_report_plots/pdf/umitools_extract_barplot_success-pct.pdf",
                "multiqc/star/multiqc_report_plots/pdf/umitools_stats_violin.pdf",
                "multiqc/star/multiqc_report_plots/png",
                "multiqc/star/multiqc_report_plots/png/fastqc-status-check-heatmap.png",
                "multiqc/star/multiqc_report_plots/png/fastqc_adapter_content_plot.png",
                "multiqc/star/multiqc_report_plots/png/fastqc_overrepresented_sequences_plot.png",
                "multiqc/star/multiqc_report_plots/png/fastqc_per_base_n_content_plot.png",
                "multiqc/star/multiqc_report_plots/png/fastqc_per_base_sequence_quality_plot.png",
                "multiqc/star/multiqc_report_plots/png/fastqc_per_sequence_gc_content_plot_Counts.png",
                "multiqc/star/multiqc_report_plots/png/fastqc_per_sequence_gc_content_plot_Percentages.png",
                "multiqc/star/multiqc_report_plots/png/fastqc_per_sequence_quality_scores_plot.png",
                "multiqc/star/multiqc_report_plots/png/fastqc_sequence_counts_plot-cnt.png",
                "multiqc/star/multiqc_report_plots/png/fastqc_sequence_counts_plot-pct.png",
                "multiqc/star/multiqc_report_plots/png/fastqc_sequence_duplication_levels_plot.png",
                "multiqc/star/multiqc_report_plots/png/fastqc_sequence_length_distribution_plot.png",
                "multiqc/star/multiqc_report_plots/png/fastqc_top_overrepresented_sequences_table.png",
                "multiqc/star/multiqc_report_plots/png/salmon_plot.png",
                "multiqc/star/multiqc_report_plots/png/samtools-flagstat-pct-table.png",
                "multiqc/star/multiqc_report_plots/png/samtools-flagstat-table.png",
                "multiqc/star/multiqc_report_plots/png/samtools-idxstats-mapped-reads-plot_Normalised_Counts-cnt.png",
                "multiqc/star/multiqc_report_plots/png/samtools-idxstats-mapped-reads-plot_Normalised_Counts-log.png",
                "multiqc/star/multiqc_report_plots/png/samtools-idxstats-mapped-reads-plot_Observed_over_Expected_Counts-cnt.png",
                "multiqc/star/multiqc_report_plots/png/samtools-idxstats-mapped-reads-plot_Observed_over_Expected_Counts-log.png",
                "multiqc/star/multiqc_report_plots/png/samtools-idxstats-mapped-reads-plot_Raw_Counts-cnt.png",
                "multiqc/star/multiqc_report_plots/png/samtools-idxstats-mapped-reads-plot_Raw_Counts-log.png",
                "multiqc/star/multiqc_report_plots/png/samtools-stats-dp.png",
                "multiqc/star/multiqc_report_plots/png/samtools_alignment_plot-cnt.png",
                "multiqc/star/multiqc_report_plots/png/samtools_alignment_plot-pct.png",
                "multiqc/star/multiqc_report_plots/png/samtools_insert_size.png",
                "multiqc/star/multiqc_report_plots/png/star_alignment_plot-cnt.png",
                "multiqc/star/multiqc_report_plots/png/star_alignment_plot-pct.png",
                "multiqc/star/multiqc_report_plots/png/star_summary_table.png",
                "multiqc/star/multiqc_report_plots/png/umitools_deduplication_barplot-cnt.png",
                "multiqc/star/multiqc_report_plots/png/umitools_deduplication_barplot-pct.png",
                "multiqc/star/multiqc_report_plots/png/umitools_extract_barplot_success-cnt.png",
                "multiqc/star/multiqc_report_plots/png/umitools_extract_barplot_success-pct.png",
                "multiqc/star/multiqc_report_plots/png/umitools_stats_violin.png",
                "multiqc/star/multiqc_report_plots/svg",
                "multiqc/star/multiqc_report_plots/svg/fastqc-status-check-heatmap.svg",
                "multiqc/star/multiqc_report_plots/svg/fastqc_adapter_content_plot.svg",
                "multiqc/star/multiqc_report_plots/svg/fastqc_overrepresented_sequences_plot.svg",
                "multiqc/star/multiqc_report_plots/svg/fastqc_per_base_n_content_plot.svg",
                "multiqc/star/multiqc_report_plots/svg/fastqc_per_base_sequence_quality_plot.svg",
                "multiqc/star/multiqc_report_plots/svg/fastqc_per_sequence_gc_content_plot_Counts.svg",
                "multiqc/star/multiqc_report_plots/svg/fastqc_per_sequence_gc_content_plot_Percentages.svg",
                "multiqc/star/multiqc_report_plots/svg/fastqc_per_sequence_quality_scores_plot.svg",
                "multiqc/star/multiqc_report_plots/svg/fastqc_sequence_counts_plot-cnt.svg",
                "multiqc/star/multiqc_report_plots/svg/fastqc_sequence_counts_plot-pct.svg",
                "multiqc/star/multiqc_report_plots/svg/fastqc_sequence_duplication_levels_plot.svg",
                "multiqc/star/multiqc_report_plots/svg/fastqc_sequence_length_distribution_plot.svg",
                "multiqc/star/multiqc_report_plots/svg/fastqc_top_overrepresented_sequences_table.svg",
                "multiqc/star/multiqc_report_plots/svg/salmon_plot.svg",
                "multiqc/star/multiqc_report_plots/svg/samtools-flagstat-pct-table.svg",
                "multiqc/star/multiqc_report_plots/svg/samtools-flagstat-table.svg",
                "multiqc/star/multiqc_report_plots/svg/samtools-idxstats-mapped-reads-plot_Normalised_Counts-cnt.svg",
                "multiqc/star/multiqc_report_plots/svg/samtools-idxstats-mapped-reads-plot_Normalised_Counts-log.svg",
                "multiqc/star/multiqc_report_plots/svg/samtools-idxstats-mapped-reads-plot_Observed_over_Expected_Counts-cnt.svg",
                "multiqc/star/multiqc_report_plots/svg/samtools-idxstats-mapped-reads-plot_Observed_over_Expected_Counts-log.svg",
                "multiqc/star/multiqc_report_plots/svg/samtools-idxstats-mapped-reads-plot_Raw_Counts-cnt.svg",
                "multiqc/star/multiqc_report_plots/svg/samtools-idxstats-mapped-reads-plot_Raw_Counts-log.svg",
                "multiqc/star/multiqc_report_plots/svg/samtools-stats-dp.svg",
                "multiqc/star/multiqc_report_plots/svg/samtools_alignment_plot-cnt.svg",
                "multiqc/star/multiqc_report_plots/svg/samtools_alignment_plot-pct.svg",
                "multiqc/star/multiqc_report_plots/svg/samtools_insert_size.svg",
                "multiqc/star/multiqc_report_plots/svg/star_alignment_plot-cnt.svg",
                "multiqc/star/multiqc_report_plots/svg/star_alignment_plot-pct.svg",
                "multiqc/star/multiqc_report_plots/svg/star_summary_table.svg",
                "multiqc/star/multiqc_report_plots/svg/umitools_deduplication_barplot-cnt.svg",
                "multiqc/star/multiqc_report_plots/svg/umitools_deduplication_barplot-pct.svg",
                "multiqc/star/multiqc_report_plots/svg/umitools_extract_barplot_success-cnt.svg",
                "multiqc/star/multiqc_report_plots/svg/umitools_extract_barplot_success-pct.svg",
                "multiqc/star/multiqc_report_plots/svg/umitools_stats_violin.svg",
                "pipeline_info",
                "pipeline_info/nf_core_riboseq_software_mqc_versions.yml",
                "preprocessing",
                "preprocessing/fastqc",
                "preprocessing/fastqc/SRX11780879_raw_1_fastqc.html",
                "preprocessing/fastqc/SRX11780879_raw_1_fastqc.zip",
                "preprocessing/fastqc/SRX11780879_raw_2_fastqc.html",
                "preprocessing/fastqc/SRX11780879_raw_2_fastqc.zip",
                "preprocessing/fastqc/SRX11780885_raw_fastqc.html",
                "preprocessing/fastqc/SRX11780885_raw_fastqc.zip",
                "preprocessing/umitools",
                "preprocessing/umitools/SRX11780885.umi_extract.fastq.gz",
                "preprocessing/umitools/SRX11780885.umi_extract.log",
                "quantification",
                "quantification/salmon",
                "quantification/salmon/SRX11780879",
                "quantification/salmon/SRX11780879/aux_info",
                "quantification/salmon/SRX11780879/aux_info/ambig_info.tsv",
                "quantification/salmon/SRX11780879/aux_info/expected_bias.gz",
                "quantification/salmon/SRX11780879/aux_info/fld.gz",
                "quantification/salmon/SRX11780879/aux_info/meta_info.json",
                "quantification/salmon/SRX11780879/aux_info/observed_bias.gz",
                "quantification/salmon/SRX11780879/aux_info/observed_bias_3p.gz",
                "quantification/salmon/SRX11780879/cmd_info.json",
                "quantification/salmon/SRX11780879/libParams",
                "quantification/salmon/SRX11780879/libParams/flenDist.txt",
                "quantification/salmon/SRX11780879/logs",
                "quantification/salmon/SRX11780879/logs/salmon_quant.log",
                "quantification/salmon/SRX11780879/quant.genes.sf",
                "quantification/salmon/SRX11780879/quant.sf",
                "quantification/salmon/SRX11780885",
                "quantification/salmon/SRX11780885/aux_info",
                "quantification/salmon/SRX11780885/aux_info/ambig_info.tsv",
                "quantification/salmon/SRX11780885/aux_info/expected_bias.gz",
                "quantification/salmon/SRX11780885/aux_info/fld.gz",
                "quantification/salmon/SRX11780885/aux_info/meta_info.json",
                "quantification/salmon/SRX11780885/aux_info/observed_bias.gz",
                "quantification/salmon/SRX11780885/aux_info/observed_bias_3p.gz",
                "quantification/salmon/SRX11780885/cmd_info.json",
                "quantification/salmon/SRX11780885/libParams",
                "quantification/salmon/SRX11780885/libParams/flenDist.txt",
                "quantification/salmon/SRX11780885/logs",
                "quantification/salmon/SRX11780885/logs/salmon_quant.log",
                "quantification/salmon/SRX11780885/quant.genes.sf",
                "quantification/salmon/SRX11780885/quant.sf",
                "quantification/salmon/salmon.merged.gene_counts.R_sessionInfo.log",
                "quantification/salmon/salmon.merged.gene_counts.SummarizedExperiment.rds",
                "quantification/salmon/salmon.merged.gene_counts.tsv",
                "quantification/salmon/salmon.merged.gene_counts_length_scaled.tsv",
                "quantification/salmon/salmon.merged.gene_counts_scaled.tsv",
                "quantification/salmon/salmon.merged.gene_lengths.tsv",
                "quantification/salmon/salmon.merged.gene_tpm.tsv",
                "quantification/salmon/salmon.merged.transcript_counts.R_sessionInfo.log",
                "quantification/salmon/salmon.merged.transcript_counts.SummarizedExperiment.rds",
                "quantification/salmon/salmon.merged.transcript_counts.tsv",
                "quantification/salmon/salmon.merged.transcript_lengths.tsv",
                "quantification/salmon/salmon.merged.transcript_tpm.tsv",
                "quantification/salmon/salmon.merged.tx2gene_augmented.tsv",
                "quantification/tx2gene.tsv"
            ],
            [
                "SRX11780885.transcriptome.sorted.bam.flagstat:md5,1c1cc127b39606ec15ac8daec0b35f1e",
                "SRX11780885.transcriptome.sorted.bam.idxstats:md5,2d3de8607dbbf5150c3cfc4a20707f1d",
                "SRX11780885.umi_dedup.sorted.bam.flagstat:md5,a7871289e2d7ac68b7b69576f8e1a276",
                "SRX11780885.umi_dedup.sorted.bam.idxstats:md5,ea57a48890740bfdfe232bde1a10a3a2",
                "SRX11780885.umi_dedup.transcriptome.sorted.bam.flagstat:md5,3b7ae6f3213973f1184bcfbecea0c8ed",
                "SRX11780885.umi_dedup.transcriptome.sorted.bam.idxstats:md5,4eb1ad53d9de0223b6a2e12459f9e3f9",
                "SRX11780879.SJ.out.tab:md5,d358778099fbf43bb672e0ca5f751444",
                "SRX11780885.SJ.out.tab:md5,1fe2762e7903b3e31b9572c34ea1c35f",
                "SRX11780879.genome.sorted.bam.flagstat:md5,46b7832cfd8a31a8b723e2085e1795d0",
                "SRX11780879.genome.sorted.bam.idxstats:md5,56e95c431c7a0250b270ebf040cd67aa",
                "SRX11780879.transcriptome.sorted.bam.flagstat:md5,eb97f081019ca22926d95e98e3e36483",
                "SRX11780879.transcriptome.sorted.bam.idxstats:md5,47b0a7b1afa269f5dfc9ca948362fd75",
                "SRX11780885.genome.sorted.bam.flagstat:md5,66e83cff39aca3b15624a64c31722f0b",
                "SRX11780885.genome.sorted.bam.idxstats:md5,ee555a29e94ee6239d871708dee72931",
                "SRX11780885.transcriptome.sorted.bam.flagstat:md5,1c1cc127b39606ec15ac8daec0b35f1e",
                "SRX11780885.transcriptome.sorted.bam.idxstats:md5,2d3de8607dbbf5150c3cfc4a20707f1d",
                "fastqc-status-check-heatmap.txt:md5,3064091de4289156bf513ba583d7f888",
                "fastqc_adapter_content_plot.txt:md5,14490423fd447a0ad18ddf5550827738",
                "fastqc_overrepresented_sequences_plot.txt:md5,79854923998c980317d9cacfa9aeba5e",
                "fastqc_per_base_n_content_plot.txt:md5,cd9d816ba635f5def4b973f1b1859f29",
                "fastqc_per_base_sequence_quality_plot.txt:md5,8b58b441283b94b9dffb05c10c531db9",
                "fastqc_per_sequence_gc_content_plot_Counts.txt:md5,b3463bf63fb1726cf3f88ad4bb4e3ed3",
                "fastqc_per_sequence_gc_content_plot_Percentages.txt:md5,73da8264e5b68fbee371a1b651d4f55c",
                "fastqc_per_sequence_quality_scores_plot.txt:md5,8ded6adfd8a27023b92cf64fe8dbb6b4",
                "fastqc_sequence_counts_plot.txt:md5,0b582e25bfcd5f6097540dbf5afc27fb",
                "fastqc_sequence_length_distribution_plot.txt:md5,aadb96388fba2387cbe85bee33afa520",
                "multiqc_citations.txt:md5,a3ca9383f79d4aed38d9b7e7cb5ea353",
                "multiqc_fastqc.txt:md5,4df74bb164c259f33ccd64c20e0ad35b",
                "multiqc_samtools_flagstat.txt:md5,5a7842a70ddf9187fed6a915ad81cfd8",
                "multiqc_samtools_idxstats.txt:md5,5237b8d85f6734b706530f91b7994e3c",
                "multiqc_star.txt:md5,8b971eb70f2c733fc5b4cd3d95af673e",
                "multiqc_umitools_dedup.txt:md5,eb4d20e6702be3a5a1cb10a2d31b1639",
                "multiqc_umitools_extract.txt:md5,01eca952b70286ccfcfe0ac1685e202b",
                "samtools-flagstat-pct-table.txt:md5,5b44ff2dfbe36cca438bf7a008d2291b",
                "samtools-flagstat-table.txt:md5,76639277525b73ab67f0d73cf5cc5f84",
                "samtools-idxstats-mapped-reads-plot_Normalised_Counts.txt:md5,21075aa6ae24f3f551a6bbcb7e6259b8",
                "samtools-idxstats-mapped-reads-plot_Observed_over_Expected_Counts.txt:md5,21075aa6ae24f3f551a6bbcb7e6259b8",
                "samtools-idxstats-mapped-reads-plot_Raw_Counts.txt:md5,ac340ce52399bc65bc4d6f16feb61e95",
                "samtools_insert_size.txt:md5,0745b2e9f8b17650ba0f06b10240b556",
                "star_alignment_plot.txt:md5,eeea24fb2342201ad4b92f353457cb27",
                "star_summary_table.txt:md5,b6c7e70f88a7c9f013907f79bdc3c897",
                "umitools_deduplication_barplot.txt:md5,a08476b39daa5ee859b90f2a8c11e850",
                "umitools_extract_barplot_success.txt:md5,692a7b78d65d7afa4616c55b95f58589",
                "umitools_stats_violin.txt:md5,9bd51f972c74e39593145f65169d95a4",
                "SRX11780885.umi_extract.fastq.gz:md5,8989c2b0476b1f4038cc8e1274f10de6",
                "expected_bias.gz:md5,3407f87245d0003e0ffbfdf6d8c04f20",
                "observed_bias.gz:md5,92bcd0592d22a6a58d0360fc76103e56",
                "observed_bias_3p.gz:md5,92bcd0592d22a6a58d0360fc76103e56",
                "cmd_info.json:md5,29bf147af2c944cefdf53557ec8de52d",
                "expected_bias.gz:md5,3407f87245d0003e0ffbfdf6d8c04f20",
                "observed_bias.gz:md5,92bcd0592d22a6a58d0360fc76103e56",
                "observed_bias_3p.gz:md5,92bcd0592d22a6a58d0360fc76103e56",
                "cmd_info.json:md5,3ed50b643b81d5ef9a66d7708e61b1b9",
                "salmon.merged.tx2gene_augmented.tsv:md5,8e24d7465a1f835b49ba06e012443f9a",
                "tx2gene.tsv:md5,ca8bc3fbff91c83c6545743011e589d7"
            ]
        ],
        "timestamp": "2026-08-04T17:55:36.638544162",
        "meta": {
            "nf-test": "0.9.5",
            "nextflow": "25.10.4"
        }
    }
}
