{
    "-profile test --run_price true": {
        "content": [
            {
                "GTF_FILTER": {
                    "python": "3.9.5"
                },
                "Workflow": {
                    "nf-core/riboseq": "v1.3.0dev"
                }
            },
            [
                "pipeline_info",
                "pipeline_info/nf_core_riboseq_software_mqc_versions.yml"
            ],
            [
                
            ]
        ],
        "meta": {
            "nf-test": "0.9.3",
            "nextflow": "25.10.4"
        },
        "timestamp": "2026-05-16T21:21:51.066324"
    }
}