{
    "-profile test --ribo_removal_tool ribodetector": {
        "content": [
            {
                "ANOTA2SEQ_ANOTA2SEQRUN": {
                    "bioconductor-anota2seq": "1.24.0"
                },
                "CUSTOM_GETCHROMSIZES": {
                    "getchromsizes": 1.21
                },
                "CUSTOM_TX2GENE": {
                    "python": "3.10.4"
                },
                "FQ_LINT": {
                    "fq": "0.12.0 (2024-07-08)"
                },
                "FQ_SUBSAMPLE": {
                    "fq": "0.12.0 (2024-07-08)"
                },
                "GTF_FILTER": {
                    "python": "3.9.5"
                },
                "GUNZIP_FASTA": {
                    "gunzip": 1.13
                },
                "MAKE_TRANSCRIPTS_FASTA": {
                    "rsem": "1.3.1",
                    "star": "2.7.10a"
                },
                "RIBOTISH_PREDICT_ALL": {
                    "ribotish": "0.2.7"
                },
                "RIBOTISH_PREDICT_INDIVIDUAL": {
                    "ribotish": "0.2.7"
                },
                "RIBOTISH_QUALITY_RIBOSEQ": {
                    "ribotish": "0.2.7"
                },
                "RIBOWALTZ": {
                    "bioconductor-genomicfeatures": "1.54.1",
                    "bioconductor-ribowaltz": 2.0,
                    "r-base": "4.3.2",
                    "r-dplyr": "1.1.4"
                },
                "SALMON_INDEX": {
                    "salmon": "1.10.3"
                },
                "SALMON_QUANT": {
                    "salmon": "1.10.3"
                },
                "SAMTOOLS_FLAGSTAT": {
                    "samtools": 1.21
                },
                "SAMTOOLS_IDXSTATS": {
                    "samtools": 1.21
                },
                "SAMTOOLS_INDEX": {
                    "samtools": 1.21
                },
                "SAMTOOLS_SORT": {
                    "samtools": 1.21
                },
                "SAMTOOLS_STATS": {
                    "samtools": 1.21
                },
                "SEQKIT_STATS": {
                    "seqkit": "2.9.0"
                },
                "SE_GENE_UNIFIED": {
                    "bioconductor-summarizedexperiment": "1.32.0"
                },
                "SE_TRANSCRIPT_UNIFIED": {
                    "bioconductor-summarizedexperiment": "1.32.0"
                },
                "STAR_ALIGN": {
                    "gawk": "5.1.0",
                    "samtools": 1.21,
                    "star": "2.7.11b"
                },
                "STAR_GENOMEGENERATE": {
                    "gawk": "5.1.0",
                    "samtools": 1.21,
                    "star": "2.7.11b"
                },
                "TRIMGALORE": {
                    "cutadapt": 4.9,
                    "pigz": 2.8,
                    "trimgalore": "0.6.10"
                },
                "TXIMETA_TXIMPORT": {
                    "bioconductor-tximeta": "1.20.1"
                },
                "Workflow": {
                    "nf-core/riboseq": "v1.2.0"
                }
            },
            [
                "alignment",
                "alignment/star",
                "alignment/star/log",
                "alignment/star/log/SRX11780879.Log.final.out",
                "alignment/star/log/SRX11780879.Log.out",
                "alignment/star/log/SRX11780879.Log.progress.out",
                "alignment/star/log/SRX11780879.SJ.out.tab",
                "alignment/star/log/SRX11780880.Log.final.out",
                "alignment/star/log/SRX11780880.Log.out",
                "alignment/star/log/SRX11780880.Log.progress.out",
                "alignment/star/log/SRX11780880.SJ.out.tab",
                "alignment/star/log/SRX11780881.Log.final.out",
                "alignment/star/log/SRX11780881.Log.out",
                "alignment/star/log/SRX11780881.Log.progress.out",
                "alignment/star/log/SRX11780881.SJ.out.tab",
                "alignment/star/log/SRX11780882.Log.final.out",
                "alignment/star/log/SRX11780882.Log.out",
                "alignment/star/log/SRX11780882.Log.progress.out",
                "alignment/star/log/SRX11780882.SJ.out.tab",
                "alignment/star/log/SRX11780883.Log.final.out",
                "alignment/star/log/SRX11780883.Log.out",
                "alignment/star/log/SRX11780883.Log.progress.out",
                "alignment/star/log/SRX11780883.SJ.out.tab",
                "alignment/star/log/SRX11780884.Log.final.out",
                "alignment/star/log/SRX11780884.Log.out",
                "alignment/star/log/SRX11780884.Log.progress.out",
                "alignment/star/log/SRX11780884.SJ.out.tab",
                "alignment/star/log/SRX11780885.Log.final.out",
                "alignment/star/log/SRX11780885.Log.out",
                "alignment/star/log/SRX11780885.Log.progress.out",
                "alignment/star/log/SRX11780885.SJ.out.tab",
                "alignment/star/log/SRX11780886.Log.final.out",
                "alignment/star/log/SRX11780886.Log.out",
                "alignment/star/log/SRX11780886.Log.progress.out",
                "alignment/star/log/SRX11780886.SJ.out.tab",
                "alignment/star/log/SRX11780887.Log.final.out",
                "alignment/star/log/SRX11780887.Log.out",
                "alignment/star/log/SRX11780887.Log.progress.out",
                "alignment/star/log/SRX11780887.SJ.out.tab",
                "alignment/star/log/SRX11780888.Log.final.out",
                "alignment/star/log/SRX11780888.Log.out",
                "alignment/star/log/SRX11780888.Log.progress.out",
                "alignment/star/log/SRX11780888.SJ.out.tab",
                "alignment/star/log/SRX11780889.Log.final.out",
                "alignment/star/log/SRX11780889.Log.out",
                "alignment/star/log/SRX11780889.Log.progress.out",
                "alignment/star/log/SRX11780889.SJ.out.tab",
                "alignment/star/log/SRX11780890.Log.final.out",
                "alignment/star/log/SRX11780890.Log.out",
                "alignment/star/log/SRX11780890.Log.progress.out",
                "alignment/star/log/SRX11780890.SJ.out.tab",
                "alignment/star/original",
                "alignment/star/original/SRX11780879.Aligned.out.bam",
                "alignment/star/original/SRX11780879.Aligned.toTranscriptome.out.bam",
                "alignment/star/original/SRX11780880.Aligned.out.bam",
                "alignment/star/original/SRX11780880.Aligned.toTranscriptome.out.bam",
                "alignment/star/original/SRX11780881.Aligned.out.bam",
                "alignment/star/original/SRX11780881.Aligned.toTranscriptome.out.bam",
                "alignment/star/original/SRX11780882.Aligned.out.bam",
                "alignment/star/original/SRX11780882.Aligned.toTranscriptome.out.bam",
                "alignment/star/original/SRX11780883.Aligned.out.bam",
                "alignment/star/original/SRX11780883.Aligned.toTranscriptome.out.bam",
                "alignment/star/original/SRX11780884.Aligned.out.bam",
                "alignment/star/original/SRX11780884.Aligned.toTranscriptome.out.bam",
                "alignment/star/original/SRX11780885.Aligned.out.bam",
                "alignment/star/original/SRX11780885.Aligned.toTranscriptome.out.bam",
                "alignment/star/original/SRX11780886.Aligned.out.bam",
                "alignment/star/original/SRX11780886.Aligned.toTranscriptome.out.bam",
                "alignment/star/original/SRX11780887.Aligned.out.bam",
                "alignment/star/original/SRX11780887.Aligned.toTranscriptome.out.bam",
                "alignment/star/original/SRX11780888.Aligned.out.bam",
                "alignment/star/original/SRX11780888.Aligned.toTranscriptome.out.bam",
                "alignment/star/original/SRX11780889.Aligned.out.bam",
                "alignment/star/original/SRX11780889.Aligned.toTranscriptome.out.bam",
                "alignment/star/original/SRX11780890.Aligned.out.bam",
                "alignment/star/original/SRX11780890.Aligned.toTranscriptome.out.bam",
                "alignment/star/sorted",
                "alignment/star/sorted/SRX11780879.genome.sorted.bam",
                "alignment/star/sorted/SRX11780879.genome.sorted.bam.bai",
                "alignment/star/sorted/SRX11780879.transcriptome.sorted.bam",
                "alignment/star/sorted/SRX11780879.transcriptome.sorted.bam.bai",
                "alignment/star/sorted/SRX11780880.genome.sorted.bam",
                "alignment/star/sorted/SRX11780880.genome.sorted.bam.bai",
                "alignment/star/sorted/SRX11780880.transcriptome.sorted.bam",
                "alignment/star/sorted/SRX11780880.transcriptome.sorted.bam.bai",
                "alignment/star/sorted/SRX11780881.genome.sorted.bam",
                "alignment/star/sorted/SRX11780881.genome.sorted.bam.bai",
                "alignment/star/sorted/SRX11780881.transcriptome.sorted.bam",
                "alignment/star/sorted/SRX11780881.transcriptome.sorted.bam.bai",
                "alignment/star/sorted/SRX11780882.genome.sorted.bam",
                "alignment/star/sorted/SRX11780882.genome.sorted.bam.bai",
                "alignment/star/sorted/SRX11780882.transcriptome.sorted.bam",
                "alignment/star/sorted/SRX11780882.transcriptome.sorted.bam.bai",
                "alignment/star/sorted/SRX11780883.genome.sorted.bam",
                "alignment/star/sorted/SRX11780883.genome.sorted.bam.bai",
                "alignment/star/sorted/SRX11780883.transcriptome.sorted.bam",
                "alignment/star/sorted/SRX11780883.transcriptome.sorted.bam.bai",
                "alignment/star/sorted/SRX11780884.genome.sorted.bam",
                "alignment/star/sorted/SRX11780884.genome.sorted.bam.bai",
                "alignment/star/sorted/SRX11780884.transcriptome.sorted.bam",
                "alignment/star/sorted/SRX11780884.transcriptome.sorted.bam.bai",
                "alignment/star/sorted/SRX11780885.genome.sorted.bam",
                "alignment/star/sorted/SRX11780885.genome.sorted.bam.bai",
                "alignment/star/sorted/SRX11780885.transcriptome.sorted.bam",
                "alignment/star/sorted/SRX11780885.transcriptome.sorted.bam.bai",
                "alignment/star/sorted/SRX11780886.genome.sorted.bam",
                "alignment/star/sorted/SRX11780886.genome.sorted.bam.bai",
                "alignment/star/sorted/SRX11780886.transcriptome.sorted.bam",
                "alignment/star/sorted/SRX11780886.transcriptome.sorted.bam.bai",
                "alignment/star/sorted/SRX11780887.genome.sorted.bam",
                "alignment/star/sorted/SRX11780887.genome.sorted.bam.bai",
                "alignment/star/sorted/SRX11780887.transcriptome.sorted.bam",
                "alignment/star/sorted/SRX11780887.transcriptome.sorted.bam.bai",
                "alignment/star/sorted/SRX11780888.genome.sorted.bam",
                "alignment/star/sorted/SRX11780888.genome.sorted.bam.bai",
                "alignment/star/sorted/SRX11780888.transcriptome.sorted.bam",
                "alignment/star/sorted/SRX11780888.transcriptome.sorted.bam.bai",
                "alignment/star/sorted/SRX11780889.genome.sorted.bam",
                "alignment/star/sorted/SRX11780889.genome.sorted.bam.bai",
                "alignment/star/sorted/SRX11780889.transcriptome.sorted.bam",
                "alignment/star/sorted/SRX11780889.transcriptome.sorted.bam.bai",
                "alignment/star/sorted/SRX11780890.genome.sorted.bam",
                "alignment/star/sorted/SRX11780890.genome.sorted.bam.bai",
                "alignment/star/sorted/SRX11780890.transcriptome.sorted.bam",
                "alignment/star/sorted/SRX11780890.transcriptome.sorted.bam.bai",
                "alignment/star/sorted/samtools_stats",
                "alignment/star/sorted/samtools_stats/SRX11780879.genome.sorted.bam.flagstat",
                "alignment/star/sorted/samtools_stats/SRX11780879.genome.sorted.bam.idxstats",
                "alignment/star/sorted/samtools_stats/SRX11780879.genome.sorted.bam.stats",
                "alignment/star/sorted/samtools_stats/SRX11780879.transcriptome.sorted.bam.flagstat",
                "alignment/star/sorted/samtools_stats/SRX11780879.transcriptome.sorted.bam.idxstats",
                "alignment/star/sorted/samtools_stats/SRX11780879.transcriptome.sorted.bam.stats",
                "alignment/star/sorted/samtools_stats/SRX11780880.genome.sorted.bam.flagstat",
                "alignment/star/sorted/samtools_stats/SRX11780880.genome.sorted.bam.idxstats",
                "alignment/star/sorted/samtools_stats/SRX11780880.genome.sorted.bam.stats",
                "alignment/star/sorted/samtools_stats/SRX11780880.transcriptome.sorted.bam.flagstat",
                "alignment/star/sorted/samtools_stats/SRX11780880.transcriptome.sorted.bam.idxstats",
                "alignment/star/sorted/samtools_stats/SRX11780880.transcriptome.sorted.bam.stats",
                "alignment/star/sorted/samtools_stats/SRX11780881.genome.sorted.bam.flagstat",
                "alignment/star/sorted/samtools_stats/SRX11780881.genome.sorted.bam.idxstats",
                "alignment/star/sorted/samtools_stats/SRX11780881.genome.sorted.bam.stats",
                "alignment/star/sorted/samtools_stats/SRX11780881.transcriptome.sorted.bam.flagstat",
                "alignment/star/sorted/samtools_stats/SRX11780881.transcriptome.sorted.bam.idxstats",
                "alignment/star/sorted/samtools_stats/SRX11780881.transcriptome.sorted.bam.stats",
                "alignment/star/sorted/samtools_stats/SRX11780882.genome.sorted.bam.flagstat",
                "alignment/star/sorted/samtools_stats/SRX11780882.genome.sorted.bam.idxstats",
                "alignment/star/sorted/samtools_stats/SRX11780882.genome.sorted.bam.stats",
                "alignment/star/sorted/samtools_stats/SRX11780882.transcriptome.sorted.bam.flagstat",
                "alignment/star/sorted/samtools_stats/SRX11780882.transcriptome.sorted.bam.idxstats",
                "alignment/star/sorted/samtools_stats/SRX11780882.transcriptome.sorted.bam.stats",
                "alignment/star/sorted/samtools_stats/SRX11780883.genome.sorted.bam.flagstat",
                "alignment/star/sorted/samtools_stats/SRX11780883.genome.sorted.bam.idxstats",
                "alignment/star/sorted/samtools_stats/SRX11780883.genome.sorted.bam.stats",
                "alignment/star/sorted/samtools_stats/SRX11780883.transcriptome.sorted.bam.flagstat",
                "alignment/star/sorted/samtools_stats/SRX11780883.transcriptome.sorted.bam.idxstats",
                "alignment/star/sorted/samtools_stats/SRX11780883.transcriptome.sorted.bam.stats",
                "alignment/star/sorted/samtools_stats/SRX11780884.genome.sorted.bam.flagstat",
                "alignment/star/sorted/samtools_stats/SRX11780884.genome.sorted.bam.idxstats",
                "alignment/star/sorted/samtools_stats/SRX11780884.genome.sorted.bam.stats",
                "alignment/star/sorted/samtools_stats/SRX11780884.transcriptome.sorted.bam.flagstat",
                "alignment/star/sorted/samtools_stats/SRX11780884.transcriptome.sorted.bam.idxstats",
                "alignment/star/sorted/samtools_stats/SRX11780884.transcriptome.sorted.bam.stats",
                "alignment/star/sorted/samtools_stats/SRX11780885.genome.sorted.bam.flagstat",
                "alignment/star/sorted/samtools_stats/SRX11780885.genome.sorted.bam.idxstats",
                "alignment/star/sorted/samtools_stats/SRX11780885.genome.sorted.bam.stats",
                "alignment/star/sorted/samtools_stats/SRX11780885.transcriptome.sorted.bam.flagstat",
                "alignment/star/sorted/samtools_stats/SRX11780885.transcriptome.sorted.bam.idxstats",
                "alignment/star/sorted/samtools_stats/SRX11780885.transcriptome.sorted.bam.stats",
                "alignment/star/sorted/samtools_stats/SRX11780886.genome.sorted.bam.flagstat",
                "alignment/star/sorted/samtools_stats/SRX11780886.genome.sorted.bam.idxstats",
                "alignment/star/sorted/samtools_stats/SRX11780886.genome.sorted.bam.stats",
                "alignment/star/sorted/samtools_stats/SRX11780886.transcriptome.sorted.bam.flagstat",
                "alignment/star/sorted/samtools_stats/SRX11780886.transcriptome.sorted.bam.idxstats",
                "alignment/star/sorted/samtools_stats/SRX11780886.transcriptome.sorted.bam.stats",
                "alignment/star/sorted/samtools_stats/SRX11780887.genome.sorted.bam.flagstat",
                "alignment/star/sorted/samtools_stats/SRX11780887.genome.sorted.bam.idxstats",
                "alignment/star/sorted/samtools_stats/SRX11780887.genome.sorted.bam.stats",
                "alignment/star/sorted/samtools_stats/SRX11780887.transcriptome.sorted.bam.flagstat",
                "alignment/star/sorted/samtools_stats/SRX11780887.transcriptome.sorted.bam.idxstats",
                "alignment/star/sorted/samtools_stats/SRX11780887.transcriptome.sorted.bam.stats",
                "alignment/star/sorted/samtools_stats/SRX11780888.genome.sorted.bam.flagstat",
                "alignment/star/sorted/samtools_stats/SRX11780888.genome.sorted.bam.idxstats",
                "alignment/star/sorted/samtools_stats/SRX11780888.genome.sorted.bam.stats",
                "alignment/star/sorted/samtools_stats/SRX11780888.transcriptome.sorted.bam.flagstat",
                "alignment/star/sorted/samtools_stats/SRX11780888.transcriptome.sorted.bam.idxstats",
                "alignment/star/sorted/samtools_stats/SRX11780888.transcriptome.sorted.bam.stats",
                "alignment/star/sorted/samtools_stats/SRX11780889.genome.sorted.bam.flagstat",
                "alignment/star/sorted/samtools_stats/SRX11780889.genome.sorted.bam.idxstats",
                "alignment/star/sorted/samtools_stats/SRX11780889.genome.sorted.bam.stats",
                "alignment/star/sorted/samtools_stats/SRX11780889.transcriptome.sorted.bam.flagstat",
                "alignment/star/sorted/samtools_stats/SRX11780889.transcriptome.sorted.bam.idxstats",
                "alignment/star/sorted/samtools_stats/SRX11780889.transcriptome.sorted.bam.stats",
                "alignment/star/sorted/samtools_stats/SRX11780890.genome.sorted.bam.flagstat",
                "alignment/star/sorted/samtools_stats/SRX11780890.genome.sorted.bam.idxstats",
                "alignment/star/sorted/samtools_stats/SRX11780890.genome.sorted.bam.stats",
                "alignment/star/sorted/samtools_stats/SRX11780890.transcriptome.sorted.bam.flagstat",
                "alignment/star/sorted/samtools_stats/SRX11780890.transcriptome.sorted.bam.idxstats",
                "alignment/star/sorted/samtools_stats/SRX11780890.transcriptome.sorted.bam.stats",
                "alignment/star/unmapped",
                "genome",
                "genome/index",
                "multiqc",
                "multiqc/star",
                "multiqc/star/multiqc_report.html",
                "multiqc/star/multiqc_report_data",
                "multiqc/star/multiqc_report_data/cutadapt_filtered_reads_plot.txt",
                "multiqc/star/multiqc_report_data/cutadapt_trimmed_sequences_plot_3_Counts.txt",
                "multiqc/star/multiqc_report_data/cutadapt_trimmed_sequences_plot_3_Obs_Exp.txt",
                "multiqc/star/multiqc_report_data/fastqc-1-status-check-heatmap.txt",
                "multiqc/star/multiqc_report_data/fastqc-1_overrepresented_sequences_plot.txt",
                "multiqc/star/multiqc_report_data/fastqc-1_per_base_n_content_plot.txt",
                "multiqc/star/multiqc_report_data/fastqc-1_per_base_sequence_quality_plot.txt",
                "multiqc/star/multiqc_report_data/fastqc-1_per_sequence_gc_content_plot_Counts.txt",
                "multiqc/star/multiqc_report_data/fastqc-1_per_sequence_gc_content_plot_Percentages.txt",
                "multiqc/star/multiqc_report_data/fastqc-1_per_sequence_quality_scores_plot.txt",
                "multiqc/star/multiqc_report_data/fastqc-1_sequence_counts_plot.txt",
                "multiqc/star/multiqc_report_data/fastqc-1_sequence_duplication_levels_plot.txt",
                "multiqc/star/multiqc_report_data/fastqc-1_top_overrepresented_sequences_table.txt",
                "multiqc/star/multiqc_report_data/fastqc-status-check-heatmap.txt",
                "multiqc/star/multiqc_report_data/fastqc_overrepresented_sequences_plot.txt",
                "multiqc/star/multiqc_report_data/fastqc_per_base_n_content_plot.txt",
                "multiqc/star/multiqc_report_data/fastqc_per_base_sequence_quality_plot.txt",
                "multiqc/star/multiqc_report_data/fastqc_per_sequence_gc_content_plot_Counts.txt",
                "multiqc/star/multiqc_report_data/fastqc_per_sequence_gc_content_plot_Percentages.txt",
                "multiqc/star/multiqc_report_data/fastqc_per_sequence_quality_scores_plot.txt",
                "multiqc/star/multiqc_report_data/fastqc_sequence_counts_plot.txt",
                "multiqc/star/multiqc_report_data/fastqc_sequence_duplication_levels_plot.txt",
                "multiqc/star/multiqc_report_data/fastqc_sequence_length_distribution_plot.txt",
                "multiqc/star/multiqc_report_data/fastqc_top_overrepresented_sequences_table.txt",
                "multiqc/star/multiqc_report_data/llms-full.txt",
                "multiqc/star/multiqc_report_data/multiqc.log",
                "multiqc/star/multiqc_report_data/multiqc.parquet",
                "multiqc/star/multiqc_report_data/multiqc_citations.txt",
                "multiqc/star/multiqc_report_data/multiqc_cutadapt.txt",
                "multiqc/star/multiqc_report_data/multiqc_data.json",
                "multiqc/star/multiqc_report_data/multiqc_fastqc.txt",
                "multiqc/star/multiqc_report_data/multiqc_fastqc_fastqc-1.txt",
                "multiqc/star/multiqc_report_data/multiqc_general_stats.txt",
                "multiqc/star/multiqc_report_data/multiqc_samtools_flagstat.txt",
                "multiqc/star/multiqc_report_data/multiqc_samtools_idxstats.txt",
                "multiqc/star/multiqc_report_data/multiqc_samtools_stats.txt",
                "multiqc/star/multiqc_report_data/multiqc_software_versions.txt",
                "multiqc/star/multiqc_report_data/multiqc_sources.txt",
                "multiqc/star/multiqc_report_data/multiqc_star.txt",
                "multiqc/star/multiqc_report_data/samtools-flagstat-pct-table.txt",
                "multiqc/star/multiqc_report_data/samtools-flagstat-table.txt",
                "multiqc/star/multiqc_report_data/samtools-idxstats-mapped-reads-plot_Normalised_Counts.txt",
                "multiqc/star/multiqc_report_data/samtools-idxstats-mapped-reads-plot_Observed_over_Expected_Counts.txt",
                "multiqc/star/multiqc_report_data/samtools-idxstats-mapped-reads-plot_Raw_Counts.txt",
                "multiqc/star/multiqc_report_data/samtools-stats-dp.txt",
                "multiqc/star/multiqc_report_data/samtools_alignment_plot.txt",
                "multiqc/star/multiqc_report_data/star_alignment_plot.txt",
                "multiqc/star/multiqc_report_data/star_summary_table.txt",
                "multiqc/star/multiqc_report_plots",
                "multiqc/star/multiqc_report_plots/pdf",
                "multiqc/star/multiqc_report_plots/pdf/cutadapt_filtered_reads_plot-cnt.pdf",
                "multiqc/star/multiqc_report_plots/pdf/cutadapt_filtered_reads_plot-pct.pdf",
                "multiqc/star/multiqc_report_plots/pdf/cutadapt_trimmed_sequences_plot_3_Counts.pdf",
                "multiqc/star/multiqc_report_plots/pdf/cutadapt_trimmed_sequences_plot_3_Obs_Exp.pdf",
                "multiqc/star/multiqc_report_plots/pdf/fastqc-1_overrepresented_sequences_plot.pdf",
                "multiqc/star/multiqc_report_plots/pdf/fastqc-1_per_base_n_content_plot.pdf",
                "multiqc/star/multiqc_report_plots/pdf/fastqc-1_per_base_sequence_quality_plot.pdf",
                "multiqc/star/multiqc_report_plots/pdf/fastqc-1_per_sequence_gc_content_plot_Counts.pdf",
                "multiqc/star/multiqc_report_plots/pdf/fastqc-1_per_sequence_gc_content_plot_Percentages.pdf",
                "multiqc/star/multiqc_report_plots/pdf/fastqc-1_per_sequence_quality_scores_plot.pdf",
                "multiqc/star/multiqc_report_plots/pdf/fastqc-1_sequence_counts_plot-cnt.pdf",
                "multiqc/star/multiqc_report_plots/pdf/fastqc-1_sequence_counts_plot-pct.pdf",
                "multiqc/star/multiqc_report_plots/pdf/fastqc-1_sequence_duplication_levels_plot.pdf",
                "multiqc/star/multiqc_report_plots/pdf/fastqc-1_top_overrepresented_sequences_table.pdf",
                "multiqc/star/multiqc_report_plots/pdf/fastqc_overrepresented_sequences_plot.pdf",
                "multiqc/star/multiqc_report_plots/pdf/fastqc_per_base_n_content_plot.pdf",
                "multiqc/star/multiqc_report_plots/pdf/fastqc_per_base_sequence_quality_plot.pdf",
                "multiqc/star/multiqc_report_plots/pdf/fastqc_per_sequence_gc_content_plot_Counts.pdf",
                "multiqc/star/multiqc_report_plots/pdf/fastqc_per_sequence_gc_content_plot_Percentages.pdf",
                "multiqc/star/multiqc_report_plots/pdf/fastqc_per_sequence_quality_scores_plot.pdf",
                "multiqc/star/multiqc_report_plots/pdf/fastqc_sequence_counts_plot-cnt.pdf",
                "multiqc/star/multiqc_report_plots/pdf/fastqc_sequence_counts_plot-pct.pdf",
                "multiqc/star/multiqc_report_plots/pdf/fastqc_sequence_duplication_levels_plot.pdf",
                "multiqc/star/multiqc_report_plots/pdf/fastqc_sequence_length_distribution_plot.pdf",
                "multiqc/star/multiqc_report_plots/pdf/fastqc_top_overrepresented_sequences_table.pdf",
                "multiqc/star/multiqc_report_plots/pdf/samtools-flagstat-pct-table.pdf",
                "multiqc/star/multiqc_report_plots/pdf/samtools-flagstat-table.pdf",
                "multiqc/star/multiqc_report_plots/pdf/samtools-idxstats-mapped-reads-plot_Normalised_Counts-cnt.pdf",
                "multiqc/star/multiqc_report_plots/pdf/samtools-idxstats-mapped-reads-plot_Normalised_Counts-log.pdf",
                "multiqc/star/multiqc_report_plots/pdf/samtools-idxstats-mapped-reads-plot_Observed_over_Expected_Counts-cnt.pdf",
                "multiqc/star/multiqc_report_plots/pdf/samtools-idxstats-mapped-reads-plot_Observed_over_Expected_Counts-log.pdf",
                "multiqc/star/multiqc_report_plots/pdf/samtools-idxstats-mapped-reads-plot_Raw_Counts-cnt.pdf",
                "multiqc/star/multiqc_report_plots/pdf/samtools-idxstats-mapped-reads-plot_Raw_Counts-log.pdf",
                "multiqc/star/multiqc_report_plots/pdf/samtools-stats-dp.pdf",
                "multiqc/star/multiqc_report_plots/pdf/samtools_alignment_plot-cnt.pdf",
                "multiqc/star/multiqc_report_plots/pdf/samtools_alignment_plot-pct.pdf",
                "multiqc/star/multiqc_report_plots/pdf/star_alignment_plot-cnt.pdf",
                "multiqc/star/multiqc_report_plots/pdf/star_alignment_plot-pct.pdf",
                "multiqc/star/multiqc_report_plots/pdf/star_summary_table.pdf",
                "multiqc/star/multiqc_report_plots/png",
                "multiqc/star/multiqc_report_plots/png/cutadapt_filtered_reads_plot-cnt.png",
                "multiqc/star/multiqc_report_plots/png/cutadapt_filtered_reads_plot-pct.png",
                "multiqc/star/multiqc_report_plots/png/cutadapt_trimmed_sequences_plot_3_Counts.png",
                "multiqc/star/multiqc_report_plots/png/cutadapt_trimmed_sequences_plot_3_Obs_Exp.png",
                "multiqc/star/multiqc_report_plots/png/fastqc-1_overrepresented_sequences_plot.png",
                "multiqc/star/multiqc_report_plots/png/fastqc-1_per_base_n_content_plot.png",
                "multiqc/star/multiqc_report_plots/png/fastqc-1_per_base_sequence_quality_plot.png",
                "multiqc/star/multiqc_report_plots/png/fastqc-1_per_sequence_gc_content_plot_Counts.png",
                "multiqc/star/multiqc_report_plots/png/fastqc-1_per_sequence_gc_content_plot_Percentages.png",
                "multiqc/star/multiqc_report_plots/png/fastqc-1_per_sequence_quality_scores_plot.png",
                "multiqc/star/multiqc_report_plots/png/fastqc-1_sequence_counts_plot-cnt.png",
                "multiqc/star/multiqc_report_plots/png/fastqc-1_sequence_counts_plot-pct.png",
                "multiqc/star/multiqc_report_plots/png/fastqc-1_sequence_duplication_levels_plot.png",
                "multiqc/star/multiqc_report_plots/png/fastqc-1_top_overrepresented_sequences_table.png",
                "multiqc/star/multiqc_report_plots/png/fastqc_overrepresented_sequences_plot.png",
                "multiqc/star/multiqc_report_plots/png/fastqc_per_base_n_content_plot.png",
                "multiqc/star/multiqc_report_plots/png/fastqc_per_base_sequence_quality_plot.png",
                "multiqc/star/multiqc_report_plots/png/fastqc_per_sequence_gc_content_plot_Counts.png",
                "multiqc/star/multiqc_report_plots/png/fastqc_per_sequence_gc_content_plot_Percentages.png",
                "multiqc/star/multiqc_report_plots/png/fastqc_per_sequence_quality_scores_plot.png",
                "multiqc/star/multiqc_report_plots/png/fastqc_sequence_counts_plot-cnt.png",
                "multiqc/star/multiqc_report_plots/png/fastqc_sequence_counts_plot-pct.png",
                "multiqc/star/multiqc_report_plots/png/fastqc_sequence_duplication_levels_plot.png",
                "multiqc/star/multiqc_report_plots/png/fastqc_sequence_length_distribution_plot.png",
                "multiqc/star/multiqc_report_plots/png/fastqc_top_overrepresented_sequences_table.png",
                "multiqc/star/multiqc_report_plots/png/samtools-flagstat-pct-table.png",
                "multiqc/star/multiqc_report_plots/png/samtools-flagstat-table.png",
                "multiqc/star/multiqc_report_plots/png/samtools-idxstats-mapped-reads-plot_Normalised_Counts-cnt.png",
                "multiqc/star/multiqc_report_plots/png/samtools-idxstats-mapped-reads-plot_Normalised_Counts-log.png",
                "multiqc/star/multiqc_report_plots/png/samtools-idxstats-mapped-reads-plot_Observed_over_Expected_Counts-cnt.png",
                "multiqc/star/multiqc_report_plots/png/samtools-idxstats-mapped-reads-plot_Observed_over_Expected_Counts-log.png",
                "multiqc/star/multiqc_report_plots/png/samtools-idxstats-mapped-reads-plot_Raw_Counts-cnt.png",
                "multiqc/star/multiqc_report_plots/png/samtools-idxstats-mapped-reads-plot_Raw_Counts-log.png",
                "multiqc/star/multiqc_report_plots/png/samtools-stats-dp.png",
                "multiqc/star/multiqc_report_plots/png/samtools_alignment_plot-cnt.png",
                "multiqc/star/multiqc_report_plots/png/samtools_alignment_plot-pct.png",
                "multiqc/star/multiqc_report_plots/png/star_alignment_plot-cnt.png",
                "multiqc/star/multiqc_report_plots/png/star_alignment_plot-pct.png",
                "multiqc/star/multiqc_report_plots/png/star_summary_table.png",
                "multiqc/star/multiqc_report_plots/svg",
                "multiqc/star/multiqc_report_plots/svg/cutadapt_filtered_reads_plot-cnt.svg",
                "multiqc/star/multiqc_report_plots/svg/cutadapt_filtered_reads_plot-pct.svg",
                "multiqc/star/multiqc_report_plots/svg/cutadapt_trimmed_sequences_plot_3_Counts.svg",
                "multiqc/star/multiqc_report_plots/svg/cutadapt_trimmed_sequences_plot_3_Obs_Exp.svg",
                "multiqc/star/multiqc_report_plots/svg/fastqc-1_overrepresented_sequences_plot.svg",
                "multiqc/star/multiqc_report_plots/svg/fastqc-1_per_base_n_content_plot.svg",
                "multiqc/star/multiqc_report_plots/svg/fastqc-1_per_base_sequence_quality_plot.svg",
                "multiqc/star/multiqc_report_plots/svg/fastqc-1_per_sequence_gc_content_plot_Counts.svg",
                "multiqc/star/multiqc_report_plots/svg/fastqc-1_per_sequence_gc_content_plot_Percentages.svg",
                "multiqc/star/multiqc_report_plots/svg/fastqc-1_per_sequence_quality_scores_plot.svg",
                "multiqc/star/multiqc_report_plots/svg/fastqc-1_sequence_counts_plot-cnt.svg",
                "multiqc/star/multiqc_report_plots/svg/fastqc-1_sequence_counts_plot-pct.svg",
                "multiqc/star/multiqc_report_plots/svg/fastqc-1_sequence_duplication_levels_plot.svg",
                "multiqc/star/multiqc_report_plots/svg/fastqc-1_top_overrepresented_sequences_table.svg",
                "multiqc/star/multiqc_report_plots/svg/fastqc_overrepresented_sequences_plot.svg",
                "multiqc/star/multiqc_report_plots/svg/fastqc_per_base_n_content_plot.svg",
                "multiqc/star/multiqc_report_plots/svg/fastqc_per_base_sequence_quality_plot.svg",
                "multiqc/star/multiqc_report_plots/svg/fastqc_per_sequence_gc_content_plot_Counts.svg",
                "multiqc/star/multiqc_report_plots/svg/fastqc_per_sequence_gc_content_plot_Percentages.svg",
                "multiqc/star/multiqc_report_plots/svg/fastqc_per_sequence_quality_scores_plot.svg",
                "multiqc/star/multiqc_report_plots/svg/fastqc_sequence_counts_plot-cnt.svg",
                "multiqc/star/multiqc_report_plots/svg/fastqc_sequence_counts_plot-pct.svg",
                "multiqc/star/multiqc_report_plots/svg/fastqc_sequence_duplication_levels_plot.svg",
                "multiqc/star/multiqc_report_plots/svg/fastqc_sequence_length_distribution_plot.svg",
                "multiqc/star/multiqc_report_plots/svg/fastqc_top_overrepresented_sequences_table.svg",
                "multiqc/star/multiqc_report_plots/svg/samtools-flagstat-pct-table.svg",
                "multiqc/star/multiqc_report_plots/svg/samtools-flagstat-table.svg",
                "multiqc/star/multiqc_report_plots/svg/samtools-idxstats-mapped-reads-plot_Normalised_Counts-cnt.svg",
                "multiqc/star/multiqc_report_plots/svg/samtools-idxstats-mapped-reads-plot_Normalised_Counts-log.svg",
                "multiqc/star/multiqc_report_plots/svg/samtools-idxstats-mapped-reads-plot_Observed_over_Expected_Counts-cnt.svg",
                "multiqc/star/multiqc_report_plots/svg/samtools-idxstats-mapped-reads-plot_Observed_over_Expected_Counts-log.svg",
                "multiqc/star/multiqc_report_plots/svg/samtools-idxstats-mapped-reads-plot_Raw_Counts-cnt.svg",
                "multiqc/star/multiqc_report_plots/svg/samtools-idxstats-mapped-reads-plot_Raw_Counts-log.svg",
                "multiqc/star/multiqc_report_plots/svg/samtools-stats-dp.svg",
                "multiqc/star/multiqc_report_plots/svg/samtools_alignment_plot-cnt.svg",
                "multiqc/star/multiqc_report_plots/svg/samtools_alignment_plot-pct.svg",
                "multiqc/star/multiqc_report_plots/svg/star_alignment_plot-cnt.svg",
                "multiqc/star/multiqc_report_plots/svg/star_alignment_plot-pct.svg",
                "multiqc/star/multiqc_report_plots/svg/star_summary_table.svg",
                "orf_predictions",
                "orf_predictions/ribotish",
                "orf_predictions/ribotish/SRX11780885_all.txt",
                "orf_predictions/ribotish/SRX11780885_pred.txt",
                "orf_predictions/ribotish/SRX11780885_transprofile.py",
                "orf_predictions/ribotish/SRX11780886_all.txt",
                "orf_predictions/ribotish/SRX11780886_pred.txt",
                "orf_predictions/ribotish/SRX11780886_transprofile.py",
                "orf_predictions/ribotish/SRX11780887_all.txt",
                "orf_predictions/ribotish/SRX11780887_pred.txt",
                "orf_predictions/ribotish/SRX11780887_transprofile.py",
                "orf_predictions/ribotish/SRX11780888_all.txt",
                "orf_predictions/ribotish/SRX11780888_pred.txt",
                "orf_predictions/ribotish/SRX11780888_transprofile.py",
                "orf_predictions/ribotish/SRX11780889_all.txt",
                "orf_predictions/ribotish/SRX11780889_pred.txt",
                "orf_predictions/ribotish/SRX11780889_transprofile.py",
                "orf_predictions/ribotish/SRX11780890_all.txt",
                "orf_predictions/ribotish/SRX11780890_pred.txt",
                "orf_predictions/ribotish/SRX11780890_transprofile.py",
                "orf_predictions/ribotish_all",
                "orf_predictions/ribotish_all/allsamples_all.txt",
                "orf_predictions/ribotish_all/allsamples_pred.txt",
                "orf_predictions/ribotish_all/allsamples_transprofile.py",
                "pipeline_info",
                "pipeline_info/nf_core_riboseq_software_mqc_versions.yml",
                "preprocessing",
                "preprocessing/fastqc",
                "preprocessing/fastqc/SRX11780879_raw_1_fastqc.html",
                "preprocessing/fastqc/SRX11780879_raw_1_fastqc.zip",
                "preprocessing/fastqc/SRX11780879_raw_2_fastqc.html",
                "preprocessing/fastqc/SRX11780879_raw_2_fastqc.zip",
                "preprocessing/fastqc/SRX11780880_raw_1_fastqc.html",
                "preprocessing/fastqc/SRX11780880_raw_1_fastqc.zip",
                "preprocessing/fastqc/SRX11780880_raw_2_fastqc.html",
                "preprocessing/fastqc/SRX11780880_raw_2_fastqc.zip",
                "preprocessing/fastqc/SRX11780881_raw_1_fastqc.html",
                "preprocessing/fastqc/SRX11780881_raw_1_fastqc.zip",
                "preprocessing/fastqc/SRX11780881_raw_2_fastqc.html",
                "preprocessing/fastqc/SRX11780881_raw_2_fastqc.zip",
                "preprocessing/fastqc/SRX11780882_raw_1_fastqc.html",
                "preprocessing/fastqc/SRX11780882_raw_1_fastqc.zip",
                "preprocessing/fastqc/SRX11780882_raw_2_fastqc.html",
                "preprocessing/fastqc/SRX11780882_raw_2_fastqc.zip",
                "preprocessing/fastqc/SRX11780883_raw_1_fastqc.html",
                "preprocessing/fastqc/SRX11780883_raw_1_fastqc.zip",
                "preprocessing/fastqc/SRX11780883_raw_2_fastqc.html",
                "preprocessing/fastqc/SRX11780883_raw_2_fastqc.zip",
                "preprocessing/fastqc/SRX11780884_raw_1_fastqc.html",
                "preprocessing/fastqc/SRX11780884_raw_1_fastqc.zip",
                "preprocessing/fastqc/SRX11780884_raw_2_fastqc.html",
                "preprocessing/fastqc/SRX11780884_raw_2_fastqc.zip",
                "preprocessing/fastqc/SRX11780885_raw_fastqc.html",
                "preprocessing/fastqc/SRX11780885_raw_fastqc.zip",
                "preprocessing/fastqc/SRX11780886_raw_fastqc.html",
                "preprocessing/fastqc/SRX11780886_raw_fastqc.zip",
                "preprocessing/fastqc/SRX11780887_raw_fastqc.html",
                "preprocessing/fastqc/SRX11780887_raw_fastqc.zip",
                "preprocessing/fastqc/SRX11780888_raw_fastqc.html",
                "preprocessing/fastqc/SRX11780888_raw_fastqc.zip",
                "preprocessing/fastqc/SRX11780889_raw_fastqc.html",
                "preprocessing/fastqc/SRX11780889_raw_fastqc.zip",
                "preprocessing/fastqc/SRX11780890_raw_fastqc.html",
                "preprocessing/fastqc/SRX11780890_raw_fastqc.zip",
                "preprocessing/fq_lint",
                "preprocessing/fq_lint/raw",
                "preprocessing/fq_lint/raw/SRX11780879.fq_lint.txt",
                "preprocessing/fq_lint/raw/SRX11780880.fq_lint.txt",
                "preprocessing/fq_lint/raw/SRX11780881.fq_lint.txt",
                "preprocessing/fq_lint/raw/SRX11780882.fq_lint.txt",
                "preprocessing/fq_lint/raw/SRX11780883.fq_lint.txt",
                "preprocessing/fq_lint/raw/SRX11780884.fq_lint.txt",
                "preprocessing/fq_lint/raw/SRX11780885.fq_lint.txt",
                "preprocessing/fq_lint/raw/SRX11780886.fq_lint.txt",
                "preprocessing/fq_lint/raw/SRX11780887.fq_lint.txt",
                "preprocessing/fq_lint/raw/SRX11780888.fq_lint.txt",
                "preprocessing/fq_lint/raw/SRX11780889.fq_lint.txt",
                "preprocessing/fq_lint/raw/SRX11780890.fq_lint.txt",
                "preprocessing/fq_lint/rrna_removal",
                "preprocessing/fq_lint/rrna_removal/SRX11780879.fq_lint.txt",
                "preprocessing/fq_lint/rrna_removal/SRX11780880.fq_lint.txt",
                "preprocessing/fq_lint/rrna_removal/SRX11780881.fq_lint.txt",
                "preprocessing/fq_lint/rrna_removal/SRX11780882.fq_lint.txt",
                "preprocessing/fq_lint/rrna_removal/SRX11780883.fq_lint.txt",
                "preprocessing/fq_lint/rrna_removal/SRX11780884.fq_lint.txt",
                "preprocessing/fq_lint/rrna_removal/SRX11780885.fq_lint.txt",
                "preprocessing/fq_lint/rrna_removal/SRX11780886.fq_lint.txt",
                "preprocessing/fq_lint/rrna_removal/SRX11780887.fq_lint.txt",
                "preprocessing/fq_lint/rrna_removal/SRX11780888.fq_lint.txt",
                "preprocessing/fq_lint/rrna_removal/SRX11780889.fq_lint.txt",
                "preprocessing/fq_lint/rrna_removal/SRX11780890.fq_lint.txt",
                "preprocessing/fq_lint/trimmed",
                "preprocessing/fq_lint/trimmed/SRX11780879.fq_lint.txt",
                "preprocessing/fq_lint/trimmed/SRX11780880.fq_lint.txt",
                "preprocessing/fq_lint/trimmed/SRX11780881.fq_lint.txt",
                "preprocessing/fq_lint/trimmed/SRX11780882.fq_lint.txt",
                "preprocessing/fq_lint/trimmed/SRX11780883.fq_lint.txt",
                "preprocessing/fq_lint/trimmed/SRX11780884.fq_lint.txt",
                "preprocessing/fq_lint/trimmed/SRX11780885.fq_lint.txt",
                "preprocessing/fq_lint/trimmed/SRX11780886.fq_lint.txt",
                "preprocessing/fq_lint/trimmed/SRX11780887.fq_lint.txt",
                "preprocessing/fq_lint/trimmed/SRX11780888.fq_lint.txt",
                "preprocessing/fq_lint/trimmed/SRX11780889.fq_lint.txt",
                "preprocessing/fq_lint/trimmed/SRX11780890.fq_lint.txt",
                "preprocessing/ribodetector",
                "preprocessing/ribodetector/SRX11780879.log",
                "preprocessing/ribodetector/SRX11780880.log",
                "preprocessing/ribodetector/SRX11780881.log",
                "preprocessing/ribodetector/SRX11780882.log",
                "preprocessing/ribodetector/SRX11780883.log",
                "preprocessing/ribodetector/SRX11780884.log",
                "preprocessing/ribodetector/SRX11780885.log",
                "preprocessing/ribodetector/SRX11780886.log",
                "preprocessing/ribodetector/SRX11780887.log",
                "preprocessing/ribodetector/SRX11780888.log",
                "preprocessing/ribodetector/SRX11780889.log",
                "preprocessing/ribodetector/SRX11780890.log",
                "preprocessing/trimgalore",
                "preprocessing/trimgalore/SRX11780879_1.fastq.gz_trimming_report.txt",
                "preprocessing/trimgalore/SRX11780879_2.fastq.gz_trimming_report.txt",
                "preprocessing/trimgalore/SRX11780880_1.fastq.gz_trimming_report.txt",
                "preprocessing/trimgalore/SRX11780880_2.fastq.gz_trimming_report.txt",
                "preprocessing/trimgalore/SRX11780881_1.fastq.gz_trimming_report.txt",
                "preprocessing/trimgalore/SRX11780881_2.fastq.gz_trimming_report.txt",
                "preprocessing/trimgalore/SRX11780882_1.fastq.gz_trimming_report.txt",
                "preprocessing/trimgalore/SRX11780882_2.fastq.gz_trimming_report.txt",
                "preprocessing/trimgalore/SRX11780883_1.fastq.gz_trimming_report.txt",
                "preprocessing/trimgalore/SRX11780883_2.fastq.gz_trimming_report.txt",
                "preprocessing/trimgalore/SRX11780884_1.fastq.gz_trimming_report.txt",
                "preprocessing/trimgalore/SRX11780884_2.fastq.gz_trimming_report.txt",
                "preprocessing/trimgalore/SRX11780885.fastq.gz_trimming_report.txt",
                "preprocessing/trimgalore/SRX11780886.fastq.gz_trimming_report.txt",
                "preprocessing/trimgalore/SRX11780887.fastq.gz_trimming_report.txt",
                "preprocessing/trimgalore/SRX11780888.fastq.gz_trimming_report.txt",
                "preprocessing/trimgalore/SRX11780889.fastq.gz_trimming_report.txt",
                "preprocessing/trimgalore/SRX11780890.fastq.gz_trimming_report.txt",
                "preprocessing/trimgalore/fastqc",
                "preprocessing/trimgalore/fastqc/SRX11780879_1_val_1_fastqc.html",
                "preprocessing/trimgalore/fastqc/SRX11780879_1_val_1_fastqc.zip",
                "preprocessing/trimgalore/fastqc/SRX11780879_2_val_2_fastqc.html",
                "preprocessing/trimgalore/fastqc/SRX11780879_2_val_2_fastqc.zip",
                "preprocessing/trimgalore/fastqc/SRX11780880_1_val_1_fastqc.html",
                "preprocessing/trimgalore/fastqc/SRX11780880_1_val_1_fastqc.zip",
                "preprocessing/trimgalore/fastqc/SRX11780880_2_val_2_fastqc.html",
                "preprocessing/trimgalore/fastqc/SRX11780880_2_val_2_fastqc.zip",
                "preprocessing/trimgalore/fastqc/SRX11780881_1_val_1_fastqc.html",
                "preprocessing/trimgalore/fastqc/SRX11780881_1_val_1_fastqc.zip",
                "preprocessing/trimgalore/fastqc/SRX11780881_2_val_2_fastqc.html",
                "preprocessing/trimgalore/fastqc/SRX11780881_2_val_2_fastqc.zip",
                "preprocessing/trimgalore/fastqc/SRX11780882_1_val_1_fastqc.html",
                "preprocessing/trimgalore/fastqc/SRX11780882_1_val_1_fastqc.zip",
                "preprocessing/trimgalore/fastqc/SRX11780882_2_val_2_fastqc.html",
                "preprocessing/trimgalore/fastqc/SRX11780882_2_val_2_fastqc.zip",
                "preprocessing/trimgalore/fastqc/SRX11780883_1_val_1_fastqc.html",
                "preprocessing/trimgalore/fastqc/SRX11780883_1_val_1_fastqc.zip",
                "preprocessing/trimgalore/fastqc/SRX11780883_2_val_2_fastqc.html",
                "preprocessing/trimgalore/fastqc/SRX11780883_2_val_2_fastqc.zip",
                "preprocessing/trimgalore/fastqc/SRX11780884_1_val_1_fastqc.html",
                "preprocessing/trimgalore/fastqc/SRX11780884_1_val_1_fastqc.zip",
                "preprocessing/trimgalore/fastqc/SRX11780884_2_val_2_fastqc.html",
                "preprocessing/trimgalore/fastqc/SRX11780884_2_val_2_fastqc.zip",
                "preprocessing/trimgalore/fastqc/SRX11780885_trimmed_fastqc.html",
                "preprocessing/trimgalore/fastqc/SRX11780885_trimmed_fastqc.zip",
                "preprocessing/trimgalore/fastqc/SRX11780886_trimmed_fastqc.html",
                "preprocessing/trimgalore/fastqc/SRX11780886_trimmed_fastqc.zip",
                "preprocessing/trimgalore/fastqc/SRX11780887_trimmed_fastqc.html",
                "preprocessing/trimgalore/fastqc/SRX11780887_trimmed_fastqc.zip",
                "preprocessing/trimgalore/fastqc/SRX11780888_trimmed_fastqc.html",
                "preprocessing/trimgalore/fastqc/SRX11780888_trimmed_fastqc.zip",
                "preprocessing/trimgalore/fastqc/SRX11780889_trimmed_fastqc.html",
                "preprocessing/trimgalore/fastqc/SRX11780889_trimmed_fastqc.zip",
                "preprocessing/trimgalore/fastqc/SRX11780890_trimmed_fastqc.html",
                "preprocessing/trimgalore/fastqc/SRX11780890_trimmed_fastqc.zip",
                "quantification",
                "quantification/salmon",
                "quantification/salmon/SRX11780879",
                "quantification/salmon/SRX11780879/aux_info",
                "quantification/salmon/SRX11780879/aux_info/ambig_info.tsv",
                "quantification/salmon/SRX11780879/aux_info/expected_bias.gz",
                "quantification/salmon/SRX11780879/aux_info/fld.gz",
                "quantification/salmon/SRX11780879/aux_info/meta_info.json",
                "quantification/salmon/SRX11780879/aux_info/observed_bias.gz",
                "quantification/salmon/SRX11780879/aux_info/observed_bias_3p.gz",
                "quantification/salmon/SRX11780879/cmd_info.json",
                "quantification/salmon/SRX11780879/libParams",
                "quantification/salmon/SRX11780879/libParams/flenDist.txt",
                "quantification/salmon/SRX11780879/logs",
                "quantification/salmon/SRX11780879/logs/salmon_quant.log",
                "quantification/salmon/SRX11780879/quant.genes.sf",
                "quantification/salmon/SRX11780879/quant.sf",
                "quantification/salmon/SRX11780880",
                "quantification/salmon/SRX11780880/aux_info",
                "quantification/salmon/SRX11780880/aux_info/ambig_info.tsv",
                "quantification/salmon/SRX11780880/aux_info/expected_bias.gz",
                "quantification/salmon/SRX11780880/aux_info/fld.gz",
                "quantification/salmon/SRX11780880/aux_info/meta_info.json",
                "quantification/salmon/SRX11780880/aux_info/observed_bias.gz",
                "quantification/salmon/SRX11780880/aux_info/observed_bias_3p.gz",
                "quantification/salmon/SRX11780880/cmd_info.json",
                "quantification/salmon/SRX11780880/libParams",
                "quantification/salmon/SRX11780880/libParams/flenDist.txt",
                "quantification/salmon/SRX11780880/logs",
                "quantification/salmon/SRX11780880/logs/salmon_quant.log",
                "quantification/salmon/SRX11780880/quant.genes.sf",
                "quantification/salmon/SRX11780880/quant.sf",
                "quantification/salmon/SRX11780881",
                "quantification/salmon/SRX11780881/aux_info",
                "quantification/salmon/SRX11780881/aux_info/ambig_info.tsv",
                "quantification/salmon/SRX11780881/aux_info/expected_bias.gz",
                "quantification/salmon/SRX11780881/aux_info/fld.gz",
                "quantification/salmon/SRX11780881/aux_info/meta_info.json",
                "quantification/salmon/SRX11780881/aux_info/observed_bias.gz",
                "quantification/salmon/SRX11780881/aux_info/observed_bias_3p.gz",
                "quantification/salmon/SRX11780881/cmd_info.json",
                "quantification/salmon/SRX11780881/libParams",
                "quantification/salmon/SRX11780881/libParams/flenDist.txt",
                "quantification/salmon/SRX11780881/logs",
                "quantification/salmon/SRX11780881/logs/salmon_quant.log",
                "quantification/salmon/SRX11780881/quant.genes.sf",
                "quantification/salmon/SRX11780881/quant.sf",
                "quantification/salmon/SRX11780882",
                "quantification/salmon/SRX11780882/aux_info",
                "quantification/salmon/SRX11780882/aux_info/ambig_info.tsv",
                "quantification/salmon/SRX11780882/aux_info/expected_bias.gz",
                "quantification/salmon/SRX11780882/aux_info/fld.gz",
                "quantification/salmon/SRX11780882/aux_info/meta_info.json",
                "quantification/salmon/SRX11780882/aux_info/observed_bias.gz",
                "quantification/salmon/SRX11780882/aux_info/observed_bias_3p.gz",
                "quantification/salmon/SRX11780882/cmd_info.json",
                "quantification/salmon/SRX11780882/libParams",
                "quantification/salmon/SRX11780882/libParams/flenDist.txt",
                "quantification/salmon/SRX11780882/logs",
                "quantification/salmon/SRX11780882/logs/salmon_quant.log",
                "quantification/salmon/SRX11780882/quant.genes.sf",
                "quantification/salmon/SRX11780882/quant.sf",
                "quantification/salmon/SRX11780883",
                "quantification/salmon/SRX11780883/aux_info",
                "quantification/salmon/SRX11780883/aux_info/ambig_info.tsv",
                "quantification/salmon/SRX11780883/aux_info/expected_bias.gz",
                "quantification/salmon/SRX11780883/aux_info/fld.gz",
                "quantification/salmon/SRX11780883/aux_info/meta_info.json",
                "quantification/salmon/SRX11780883/aux_info/observed_bias.gz",
                "quantification/salmon/SRX11780883/aux_info/observed_bias_3p.gz",
                "quantification/salmon/SRX11780883/cmd_info.json",
                "quantification/salmon/SRX11780883/libParams",
                "quantification/salmon/SRX11780883/libParams/flenDist.txt",
                "quantification/salmon/SRX11780883/logs",
                "quantification/salmon/SRX11780883/logs/salmon_quant.log",
                "quantification/salmon/SRX11780883/quant.genes.sf",
                "quantification/salmon/SRX11780883/quant.sf",
                "quantification/salmon/SRX11780884",
                "quantification/salmon/SRX11780884/aux_info",
                "quantification/salmon/SRX11780884/aux_info/ambig_info.tsv",
                "quantification/salmon/SRX11780884/aux_info/expected_bias.gz",
                "quantification/salmon/SRX11780884/aux_info/fld.gz",
                "quantification/salmon/SRX11780884/aux_info/meta_info.json",
                "quantification/salmon/SRX11780884/aux_info/observed_bias.gz",
                "quantification/salmon/SRX11780884/aux_info/observed_bias_3p.gz",
                "quantification/salmon/SRX11780884/cmd_info.json",
                "quantification/salmon/SRX11780884/libParams",
                "quantification/salmon/SRX11780884/libParams/flenDist.txt",
                "quantification/salmon/SRX11780884/logs",
                "quantification/salmon/SRX11780884/logs/salmon_quant.log",
                "quantification/salmon/SRX11780884/quant.genes.sf",
                "quantification/salmon/SRX11780884/quant.sf",
                "quantification/salmon/SRX11780885",
                "quantification/salmon/SRX11780885/aux_info",
                "quantification/salmon/SRX11780885/aux_info/ambig_info.tsv",
                "quantification/salmon/SRX11780885/aux_info/expected_bias.gz",
                "quantification/salmon/SRX11780885/aux_info/fld.gz",
                "quantification/salmon/SRX11780885/aux_info/meta_info.json",
                "quantification/salmon/SRX11780885/aux_info/observed_bias.gz",
                "quantification/salmon/SRX11780885/aux_info/observed_bias_3p.gz",
                "quantification/salmon/SRX11780885/cmd_info.json",
                "quantification/salmon/SRX11780885/libParams",
                "quantification/salmon/SRX11780885/libParams/flenDist.txt",
                "quantification/salmon/SRX11780885/logs",
                "quantification/salmon/SRX11780885/logs/salmon_quant.log",
                "quantification/salmon/SRX11780885/quant.genes.sf",
                "quantification/salmon/SRX11780885/quant.sf",
                "quantification/salmon/SRX11780886",
                "quantification/salmon/SRX11780886/aux_info",
                "quantification/salmon/SRX11780886/aux_info/ambig_info.tsv",
                "quantification/salmon/SRX11780886/aux_info/expected_bias.gz",
                "quantification/salmon/SRX11780886/aux_info/fld.gz",
                "quantification/salmon/SRX11780886/aux_info/meta_info.json",
                "quantification/salmon/SRX11780886/aux_info/observed_bias.gz",
                "quantification/salmon/SRX11780886/aux_info/observed_bias_3p.gz",
                "quantification/salmon/SRX11780886/cmd_info.json",
                "quantification/salmon/SRX11780886/libParams",
                "quantification/salmon/SRX11780886/libParams/flenDist.txt",
                "quantification/salmon/SRX11780886/logs",
                "quantification/salmon/SRX11780886/logs/salmon_quant.log",
                "quantification/salmon/SRX11780886/quant.genes.sf",
                "quantification/salmon/SRX11780886/quant.sf",
                "quantification/salmon/SRX11780887",
                "quantification/salmon/SRX11780887/aux_info",
                "quantification/salmon/SRX11780887/aux_info/ambig_info.tsv",
                "quantification/salmon/SRX11780887/aux_info/expected_bias.gz",
                "quantification/salmon/SRX11780887/aux_info/fld.gz",
                "quantification/salmon/SRX11780887/aux_info/meta_info.json",
                "quantification/salmon/SRX11780887/aux_info/observed_bias.gz",
                "quantification/salmon/SRX11780887/aux_info/observed_bias_3p.gz",
                "quantification/salmon/SRX11780887/cmd_info.json",
                "quantification/salmon/SRX11780887/libParams",
                "quantification/salmon/SRX11780887/libParams/flenDist.txt",
                "quantification/salmon/SRX11780887/logs",
                "quantification/salmon/SRX11780887/logs/salmon_quant.log",
                "quantification/salmon/SRX11780887/quant.genes.sf",
                "quantification/salmon/SRX11780887/quant.sf",
                "quantification/salmon/SRX11780888",
                "quantification/salmon/SRX11780888/aux_info",
                "quantification/salmon/SRX11780888/aux_info/ambig_info.tsv",
                "quantification/salmon/SRX11780888/aux_info/expected_bias.gz",
                "quantification/salmon/SRX11780888/aux_info/fld.gz",
                "quantification/salmon/SRX11780888/aux_info/meta_info.json",
                "quantification/salmon/SRX11780888/aux_info/observed_bias.gz",
                "quantification/salmon/SRX11780888/aux_info/observed_bias_3p.gz",
                "quantification/salmon/SRX11780888/cmd_info.json",
                "quantification/salmon/SRX11780888/libParams",
                "quantification/salmon/SRX11780888/libParams/flenDist.txt",
                "quantification/salmon/SRX11780888/logs",
                "quantification/salmon/SRX11780888/logs/salmon_quant.log",
                "quantification/salmon/SRX11780888/quant.genes.sf",
                "quantification/salmon/SRX11780888/quant.sf",
                "quantification/salmon/SRX11780889",
                "quantification/salmon/SRX11780889/aux_info",
                "quantification/salmon/SRX11780889/aux_info/ambig_info.tsv",
                "quantification/salmon/SRX11780889/aux_info/expected_bias.gz",
                "quantification/salmon/SRX11780889/aux_info/fld.gz",
                "quantification/salmon/SRX11780889/aux_info/meta_info.json",
                "quantification/salmon/SRX11780889/aux_info/observed_bias.gz",
                "quantification/salmon/SRX11780889/aux_info/observed_bias_3p.gz",
                "quantification/salmon/SRX11780889/cmd_info.json",
                "quantification/salmon/SRX11780889/libParams",
                "quantification/salmon/SRX11780889/libParams/flenDist.txt",
                "quantification/salmon/SRX11780889/logs",
                "quantification/salmon/SRX11780889/logs/salmon_quant.log",
                "quantification/salmon/SRX11780889/quant.genes.sf",
                "quantification/salmon/SRX11780889/quant.sf",
                "quantification/salmon/SRX11780890",
                "quantification/salmon/SRX11780890/aux_info",
                "quantification/salmon/SRX11780890/aux_info/ambig_info.tsv",
                "quantification/salmon/SRX11780890/aux_info/expected_bias.gz",
                "quantification/salmon/SRX11780890/aux_info/fld.gz",
                "quantification/salmon/SRX11780890/aux_info/meta_info.json",
                "quantification/salmon/SRX11780890/aux_info/observed_bias.gz",
                "quantification/salmon/SRX11780890/aux_info/observed_bias_3p.gz",
                "quantification/salmon/SRX11780890/cmd_info.json",
                "quantification/salmon/SRX11780890/libParams",
                "quantification/salmon/SRX11780890/libParams/flenDist.txt",
                "quantification/salmon/SRX11780890/logs",
                "quantification/salmon/SRX11780890/logs/salmon_quant.log",
                "quantification/salmon/SRX11780890/quant.genes.sf",
                "quantification/salmon/SRX11780890/quant.sf",
                "quantification/salmon/all_samples.R_sessionInfo.log",
                "quantification/salmon/all_samples.SummarizedExperiment.rds",
                "quantification/salmon/salmon.merged.gene_counts.tsv",
                "quantification/salmon/salmon.merged.gene_counts_length_scaled.tsv",
                "quantification/salmon/salmon.merged.gene_counts_scaled.tsv",
                "quantification/salmon/salmon.merged.gene_lengths.tsv",
                "quantification/salmon/salmon.merged.gene_tpm.tsv",
                "quantification/salmon/salmon.merged.transcript_counts.tsv",
                "quantification/salmon/salmon.merged.transcript_lengths.tsv",
                "quantification/salmon/salmon.merged.transcript_tpm.tsv",
                "quantification/tx2gene.tsv",
                "riboseq_qc",
                "riboseq_qc/ribotish",
                "riboseq_qc/ribotish/SRX11780885.para.py",
                "riboseq_qc/ribotish/SRX11780885_qual.pdf",
                "riboseq_qc/ribotish/SRX11780885_qual.txt",
                "riboseq_qc/ribotish/SRX11780886.para.py",
                "riboseq_qc/ribotish/SRX11780886_qual.pdf",
                "riboseq_qc/ribotish/SRX11780886_qual.txt",
                "riboseq_qc/ribotish/SRX11780887.para.py",
                "riboseq_qc/ribotish/SRX11780887_qual.pdf",
                "riboseq_qc/ribotish/SRX11780887_qual.txt",
                "riboseq_qc/ribotish/SRX11780888.para.py",
                "riboseq_qc/ribotish/SRX11780888_qual.pdf",
                "riboseq_qc/ribotish/SRX11780888_qual.txt",
                "riboseq_qc/ribotish/SRX11780889.para.py",
                "riboseq_qc/ribotish/SRX11780889_qual.pdf",
                "riboseq_qc/ribotish/SRX11780889_qual.txt",
                "riboseq_qc/ribotish/SRX11780890.para.py",
                "riboseq_qc/ribotish/SRX11780890_qual.pdf",
                "riboseq_qc/ribotish/SRX11780890_qual.txt",
                "ribowaltz",
                "ribowaltz/SRX11780885.best_offset.txt",
                "ribowaltz/SRX11780885.cds_coverage_psite.tsv.gz",
                "ribowaltz/SRX11780885.cds_plus42nt_minus27nt_coverage_psite.tsv.gz",
                "ribowaltz/SRX11780885.codon_coverage_psite.tsv.gz",
                "ribowaltz/SRX11780885.codon_coverage_rpf.tsv.gz",
                "ribowaltz/SRX11780885.psite.tsv.gz",
                "ribowaltz/SRX11780885.psite_offset.tsv.gz",
                "ribowaltz/SRX11780886.best_offset.txt",
                "ribowaltz/SRX11780886.cds_coverage_psite.tsv.gz",
                "ribowaltz/SRX11780886.cds_plus42nt_minus27nt_coverage_psite.tsv.gz",
                "ribowaltz/SRX11780886.codon_coverage_psite.tsv.gz",
                "ribowaltz/SRX11780886.codon_coverage_rpf.tsv.gz",
                "ribowaltz/SRX11780886.psite.tsv.gz",
                "ribowaltz/SRX11780886.psite_offset.tsv.gz",
                "ribowaltz/SRX11780887.best_offset.txt",
                "ribowaltz/SRX11780887.cds_coverage_psite.tsv.gz",
                "ribowaltz/SRX11780887.cds_plus42nt_minus27nt_coverage_psite.tsv.gz",
                "ribowaltz/SRX11780887.codon_coverage_psite.tsv.gz",
                "ribowaltz/SRX11780887.codon_coverage_rpf.tsv.gz",
                "ribowaltz/SRX11780887.psite.tsv.gz",
                "ribowaltz/SRX11780887.psite_offset.tsv.gz",
                "ribowaltz/SRX11780888.best_offset.txt",
                "ribowaltz/SRX11780888.cds_coverage_psite.tsv.gz",
                "ribowaltz/SRX11780888.cds_plus42nt_minus27nt_coverage_psite.tsv.gz",
                "ribowaltz/SRX11780888.codon_coverage_psite.tsv.gz",
                "ribowaltz/SRX11780888.codon_coverage_rpf.tsv.gz",
                "ribowaltz/SRX11780888.psite.tsv.gz",
                "ribowaltz/SRX11780888.psite_offset.tsv.gz",
                "ribowaltz/SRX11780889.best_offset.txt",
                "ribowaltz/SRX11780889.cds_coverage_psite.tsv.gz",
                "ribowaltz/SRX11780889.cds_plus42nt_minus27nt_coverage_psite.tsv.gz",
                "ribowaltz/SRX11780889.codon_coverage_psite.tsv.gz",
                "ribowaltz/SRX11780889.codon_coverage_rpf.tsv.gz",
                "ribowaltz/SRX11780889.psite.tsv.gz",
                "ribowaltz/SRX11780889.psite_offset.tsv.gz",
                "ribowaltz/SRX11780890.best_offset.txt",
                "ribowaltz/SRX11780890.cds_coverage_psite.tsv.gz",
                "ribowaltz/SRX11780890.cds_plus42nt_minus27nt_coverage_psite.tsv.gz",
                "ribowaltz/SRX11780890.codon_coverage_psite.tsv.gz",
                "ribowaltz/SRX11780890.codon_coverage_rpf.tsv.gz",
                "ribowaltz/SRX11780890.psite.tsv.gz",
                "ribowaltz/SRX11780890.psite_offset.tsv.gz",
                "ribowaltz/offset_plot",
                "ribowaltz/offset_plot/SRX11780885",
                "ribowaltz/offset_plot/SRX11780885/22.pdf",
                "ribowaltz/offset_plot/SRX11780885/23.pdf",
                "ribowaltz/offset_plot/SRX11780885/24.pdf",
                "ribowaltz/offset_plot/SRX11780885/25.pdf",
                "ribowaltz/offset_plot/SRX11780885/26.pdf",
                "ribowaltz/offset_plot/SRX11780885/27.pdf",
                "ribowaltz/offset_plot/SRX11780885/28.pdf",
                "ribowaltz/offset_plot/SRX11780885/29.pdf",
                "ribowaltz/offset_plot/SRX11780885/30.pdf",
                "ribowaltz/offset_plot/SRX11780885/31.pdf",
                "ribowaltz/offset_plot/SRX11780885/32.pdf",
                "ribowaltz/offset_plot/SRX11780885/33.pdf",
                "ribowaltz/offset_plot/SRX11780885/34.pdf",
                "ribowaltz/offset_plot/SRX11780886",
                "ribowaltz/offset_plot/SRX11780886/20.pdf",
                "ribowaltz/offset_plot/SRX11780886/21.pdf",
                "ribowaltz/offset_plot/SRX11780886/22.pdf",
                "ribowaltz/offset_plot/SRX11780886/23.pdf",
                "ribowaltz/offset_plot/SRX11780886/24.pdf",
                "ribowaltz/offset_plot/SRX11780886/25.pdf",
                "ribowaltz/offset_plot/SRX11780886/26.pdf",
                "ribowaltz/offset_plot/SRX11780886/27.pdf",
                "ribowaltz/offset_plot/SRX11780886/28.pdf",
                "ribowaltz/offset_plot/SRX11780886/29.pdf",
                "ribowaltz/offset_plot/SRX11780886/30.pdf",
                "ribowaltz/offset_plot/SRX11780886/31.pdf",
                "ribowaltz/offset_plot/SRX11780886/32.pdf",
                "ribowaltz/offset_plot/SRX11780886/33.pdf",
                "ribowaltz/offset_plot/SRX11780887",
                "ribowaltz/offset_plot/SRX11780887/20.pdf",
                "ribowaltz/offset_plot/SRX11780887/21.pdf",
                "ribowaltz/offset_plot/SRX11780887/22.pdf",
                "ribowaltz/offset_plot/SRX11780887/23.pdf",
                "ribowaltz/offset_plot/SRX11780887/24.pdf",
                "ribowaltz/offset_plot/SRX11780887/25.pdf",
                "ribowaltz/offset_plot/SRX11780887/26.pdf",
                "ribowaltz/offset_plot/SRX11780887/27.pdf",
                "ribowaltz/offset_plot/SRX11780887/28.pdf",
                "ribowaltz/offset_plot/SRX11780887/29.pdf",
                "ribowaltz/offset_plot/SRX11780887/30.pdf",
                "ribowaltz/offset_plot/SRX11780887/31.pdf",
                "ribowaltz/offset_plot/SRX11780887/32.pdf",
                "ribowaltz/offset_plot/SRX11780887/33.pdf",
                "ribowaltz/offset_plot/SRX11780887/34.pdf",
                "ribowaltz/offset_plot/SRX11780887/35.pdf",
                "ribowaltz/offset_plot/SRX11780887/36.pdf",
                "ribowaltz/offset_plot/SRX11780887/37.pdf",
                "ribowaltz/offset_plot/SRX11780887/38.pdf",
                "ribowaltz/offset_plot/SRX11780887/39.pdf",
                "ribowaltz/offset_plot/SRX11780887/40.pdf",
                "ribowaltz/offset_plot/SRX11780887/41.pdf",
                "ribowaltz/offset_plot/SRX11780888",
                "ribowaltz/offset_plot/SRX11780888/21.pdf",
                "ribowaltz/offset_plot/SRX11780888/22.pdf",
                "ribowaltz/offset_plot/SRX11780888/23.pdf",
                "ribowaltz/offset_plot/SRX11780888/24.pdf",
                "ribowaltz/offset_plot/SRX11780888/25.pdf",
                "ribowaltz/offset_plot/SRX11780888/26.pdf",
                "ribowaltz/offset_plot/SRX11780888/27.pdf",
                "ribowaltz/offset_plot/SRX11780888/28.pdf",
                "ribowaltz/offset_plot/SRX11780888/29.pdf",
                "ribowaltz/offset_plot/SRX11780888/30.pdf",
                "ribowaltz/offset_plot/SRX11780889",
                "ribowaltz/offset_plot/SRX11780889/22.pdf",
                "ribowaltz/offset_plot/SRX11780889/23.pdf",
                "ribowaltz/offset_plot/SRX11780889/24.pdf",
                "ribowaltz/offset_plot/SRX11780889/25.pdf",
                "ribowaltz/offset_plot/SRX11780889/26.pdf",
                "ribowaltz/offset_plot/SRX11780889/27.pdf",
                "ribowaltz/offset_plot/SRX11780889/28.pdf",
                "ribowaltz/offset_plot/SRX11780889/29.pdf",
                "ribowaltz/offset_plot/SRX11780889/30.pdf",
                "ribowaltz/offset_plot/SRX11780889/31.pdf",
                "ribowaltz/offset_plot/SRX11780889/32.pdf",
                "ribowaltz/offset_plot/SRX11780890",
                "ribowaltz/offset_plot/SRX11780890/21.pdf",
                "ribowaltz/offset_plot/SRX11780890/22.pdf",
                "ribowaltz/offset_plot/SRX11780890/23.pdf",
                "ribowaltz/offset_plot/SRX11780890/24.pdf",
                "ribowaltz/offset_plot/SRX11780890/25.pdf",
                "ribowaltz/offset_plot/SRX11780890/26.pdf",
                "ribowaltz/offset_plot/SRX11780890/27.pdf",
                "ribowaltz/offset_plot/SRX11780890/28.pdf",
                "ribowaltz/offset_plot/SRX11780890/29.pdf",
                "ribowaltz/offset_plot/SRX11780890/30.pdf",
                "ribowaltz/offset_plot/SRX11780890/31.pdf",
                "ribowaltz/offset_plot/SRX11780890/32.pdf",
                "ribowaltz/ribowaltz_qc",
                "ribowaltz/ribowaltz_qc/SRX11780885.codon_usage.pdf",
                "ribowaltz/ribowaltz_qc/SRX11780885.ends_heatmap.pdf",
                "ribowaltz/ribowaltz_qc/SRX11780885.frames.pdf",
                "ribowaltz/ribowaltz_qc/SRX11780885.frames_stratified.pdf",
                "ribowaltz/ribowaltz_qc/SRX11780885.length_bins_for_psite.pdf",
                "ribowaltz/ribowaltz_qc/SRX11780885.length_distribution.pdf",
                "ribowaltz/ribowaltz_qc/SRX11780885.metaprofile_psite.pdf",
                "ribowaltz/ribowaltz_qc/SRX11780885.psite_region.pdf",
                "ribowaltz/ribowaltz_qc/SRX11780886.codon_usage.pdf",
                "ribowaltz/ribowaltz_qc/SRX11780886.ends_heatmap.pdf",
                "ribowaltz/ribowaltz_qc/SRX11780886.frames.pdf",
                "ribowaltz/ribowaltz_qc/SRX11780886.frames_stratified.pdf",
                "ribowaltz/ribowaltz_qc/SRX11780886.length_bins_for_psite.pdf",
                "ribowaltz/ribowaltz_qc/SRX11780886.length_distribution.pdf",
                "ribowaltz/ribowaltz_qc/SRX11780886.metaprofile_psite.pdf",
                "ribowaltz/ribowaltz_qc/SRX11780886.psite_region.pdf",
                "ribowaltz/ribowaltz_qc/SRX11780887.codon_usage.pdf",
                "ribowaltz/ribowaltz_qc/SRX11780887.ends_heatmap.pdf",
                "ribowaltz/ribowaltz_qc/SRX11780887.frames.pdf",
                "ribowaltz/ribowaltz_qc/SRX11780887.frames_stratified.pdf",
                "ribowaltz/ribowaltz_qc/SRX11780887.length_bins_for_psite.pdf",
                "ribowaltz/ribowaltz_qc/SRX11780887.length_distribution.pdf",
                "ribowaltz/ribowaltz_qc/SRX11780887.metaprofile_psite.pdf",
                "ribowaltz/ribowaltz_qc/SRX11780887.psite_region.pdf",
                "ribowaltz/ribowaltz_qc/SRX11780888.codon_usage.pdf",
                "ribowaltz/ribowaltz_qc/SRX11780888.ends_heatmap.pdf",
                "ribowaltz/ribowaltz_qc/SRX11780888.frames.pdf",
                "ribowaltz/ribowaltz_qc/SRX11780888.frames_stratified.pdf",
                "ribowaltz/ribowaltz_qc/SRX11780888.length_bins_for_psite.pdf",
                "ribowaltz/ribowaltz_qc/SRX11780888.length_distribution.pdf",
                "ribowaltz/ribowaltz_qc/SRX11780888.metaprofile_psite.pdf",
                "ribowaltz/ribowaltz_qc/SRX11780888.psite_region.pdf",
                "ribowaltz/ribowaltz_qc/SRX11780889.codon_usage.pdf",
                "ribowaltz/ribowaltz_qc/SRX11780889.ends_heatmap.pdf",
                "ribowaltz/ribowaltz_qc/SRX11780889.frames.pdf",
                "ribowaltz/ribowaltz_qc/SRX11780889.frames_stratified.pdf",
                "ribowaltz/ribowaltz_qc/SRX11780889.length_bins_for_psite.pdf",
                "ribowaltz/ribowaltz_qc/SRX11780889.length_distribution.pdf",
                "ribowaltz/ribowaltz_qc/SRX11780889.metaprofile_psite.pdf",
                "ribowaltz/ribowaltz_qc/SRX11780889.psite_region.pdf",
                "ribowaltz/ribowaltz_qc/SRX11780890.codon_usage.pdf",
                "ribowaltz/ribowaltz_qc/SRX11780890.ends_heatmap.pdf",
                "ribowaltz/ribowaltz_qc/SRX11780890.frames.pdf",
                "ribowaltz/ribowaltz_qc/SRX11780890.frames_stratified.pdf",
                "ribowaltz/ribowaltz_qc/SRX11780890.length_bins_for_psite.pdf",
                "ribowaltz/ribowaltz_qc/SRX11780890.length_distribution.pdf",
                "ribowaltz/ribowaltz_qc/SRX11780890.metaprofile_psite.pdf",
                "ribowaltz/ribowaltz_qc/SRX11780890.psite_region.pdf",
                "seqkit",
                "seqkit/SRX11780879.tsv",
                "seqkit/SRX11780880.tsv",
                "seqkit/SRX11780881.tsv",
                "seqkit/SRX11780882.tsv",
                "seqkit/SRX11780883.tsv",
                "seqkit/SRX11780884.tsv",
                "seqkit/SRX11780885.tsv",
                "seqkit/SRX11780886.tsv",
                "seqkit/SRX11780887.tsv",
                "seqkit/SRX11780888.tsv",
                "seqkit/SRX11780889.tsv",
                "seqkit/SRX11780890.tsv",
                "translational_efficiency",
                "translational_efficiency/anota2seq",
                "translational_efficiency/anota2seq/treated_vs_control.Anota2seqDataSet.rds",
                "translational_efficiency/anota2seq/treated_vs_control.R_sessionInfo.log",
                "translational_efficiency/anota2seq/treated_vs_control.buffering.anota2seq.results.tsv",
                "translational_efficiency/anota2seq/treated_vs_control.fold_change.png",
                "translational_efficiency/anota2seq/treated_vs_control.interaction_p_distribution.pdf",
                "translational_efficiency/anota2seq/treated_vs_control.mRNA_abundance.anota2seq.results.tsv",
                "translational_efficiency/anota2seq/treated_vs_control.residual_distribution_summary.jpeg",
                "translational_efficiency/anota2seq/treated_vs_control.residual_vs_fitted.jpeg",
                "translational_efficiency/anota2seq/treated_vs_control.rvm_fit_for_all_contrasts_group.jpg",
                "translational_efficiency/anota2seq/treated_vs_control.rvm_fit_for_interactions.jpg",
                "translational_efficiency/anota2seq/treated_vs_control.rvm_fit_for_omnibus_group.jpg",
                "translational_efficiency/anota2seq/treated_vs_control.simulated_vs_obt_dfbetas_without_interaction.pdf",
                "translational_efficiency/anota2seq/treated_vs_control.total_mRNA.anota2seq.results.tsv",
                "translational_efficiency/anota2seq/treated_vs_control.translated_mRNA.anota2seq.results.tsv",
                "translational_efficiency/anota2seq/treated_vs_control.translation.anota2seq.results.tsv"
            ],
            [
                "SRX11780879.SJ.out.tab:md5,b5239565ecf18cd55147a4e67d7db3a2",
                "SRX11780880.SJ.out.tab:md5,038e59dcccdbff0c1fbaef2215beb360",
                "SRX11780881.SJ.out.tab:md5,c9633084d663d086365d943e30928170",
                "SRX11780882.SJ.out.tab:md5,9519eb9c3a7cb9541a21dd74ef4ecee8",
                "SRX11780883.SJ.out.tab:md5,0f5dbfd68c8e467ccaae388fe7dec652",
                "SRX11780884.SJ.out.tab:md5,02b0a2c04c1ca6bc87d43c209a29b1d1",
                "SRX11780885.SJ.out.tab:md5,229dabef6c3cf27ae98b343ea1b66cdc",
                "SRX11780886.SJ.out.tab:md5,c6de22174298d5d8969a5c73e46574be",
                "SRX11780887.SJ.out.tab:md5,c9a2734dbae9e207bc5a691646e57f92",
                "SRX11780888.SJ.out.tab:md5,e0d44a6c7ef69f9e719309163082b73d",
                "SRX11780889.SJ.out.tab:md5,652b05c13ffadc112ff8fcffca0764f9",
                "SRX11780890.SJ.out.tab:md5,ed3feb7c4a8a7be0ac98821d32741b6f",
                "SRX11780879.genome.sorted.bam.flagstat:md5,d4424bd5727e095ec560716fda822b5e",
                "SRX11780879.genome.sorted.bam.idxstats:md5,d84b55d5bb46b23a4251147e770d32c8",
                "SRX11780879.transcriptome.sorted.bam.flagstat:md5,50a00c19ebabac45b19946bb773f1c82",
                "SRX11780879.transcriptome.sorted.bam.idxstats:md5,82f5ed408fddba32eb9359ae0e05cbca",
                "SRX11780880.genome.sorted.bam.flagstat:md5,9dc5365d916db6489ad8b5d616065191",
                "SRX11780880.genome.sorted.bam.idxstats:md5,26611a9f023c5ba4cc34f61a90636d35",
                "SRX11780880.transcriptome.sorted.bam.flagstat:md5,6bdbdd9739422162dc4384dc0f895cd4",
                "SRX11780880.transcriptome.sorted.bam.idxstats:md5,219a513438ace1249a6249344cf1889a",
                "SRX11780881.genome.sorted.bam.flagstat:md5,b6b80bba9b470ffdbae51d1d891c241a",
                "SRX11780881.genome.sorted.bam.idxstats:md5,7a9beee9b71c0c36d7810b06f6ed1d53",
                "SRX11780881.transcriptome.sorted.bam.flagstat:md5,3e25dd2c037aa7301cd7c4523b3206e1",
                "SRX11780881.transcriptome.sorted.bam.idxstats:md5,910f6096650e0521ad36e64df63c50b1",
                "SRX11780882.genome.sorted.bam.flagstat:md5,b1b5c6e9de02331d7ee2757671625905",
                "SRX11780882.genome.sorted.bam.idxstats:md5,fe04854295e7560aa4ec791c1bc79b92",
                "SRX11780882.transcriptome.sorted.bam.flagstat:md5,1aefa0fd042885944ca10b071c4803b0",
                "SRX11780882.transcriptome.sorted.bam.idxstats:md5,4905ea20e7006d683dbabb69971357d4",
                "SRX11780883.genome.sorted.bam.flagstat:md5,f75f475d8885c1cbeb79caaf20a0826a",
                "SRX11780883.genome.sorted.bam.idxstats:md5,5aeca706ce35befbcf5649528595199c",
                "SRX11780883.transcriptome.sorted.bam.flagstat:md5,fc132811ef63a84df27ef73ce9c20508",
                "SRX11780883.transcriptome.sorted.bam.idxstats:md5,3dc770450570cc3f8f88b0e0aecc49fa",
                "SRX11780884.genome.sorted.bam.flagstat:md5,ca4839d0755bc25d78d362e5384faf49",
                "SRX11780884.genome.sorted.bam.idxstats:md5,eb49dd2d204412d1dbe8805c85940129",
                "SRX11780884.transcriptome.sorted.bam.flagstat:md5,3c4a48360dec93c411a81042a1daa9a3",
                "SRX11780884.transcriptome.sorted.bam.idxstats:md5,e27f8349ed3cffc451a275a49fe10672",
                "SRX11780885.genome.sorted.bam.flagstat:md5,2a9ecccc1707fb88b4590f6d6492d0cc",
                "SRX11780885.genome.sorted.bam.idxstats:md5,e104f8b87741a1229a6af2bcfc6eaa8b",
                "SRX11780885.transcriptome.sorted.bam.flagstat:md5,878714e992d15a50e79aa58fa93ac1ea",
                "SRX11780885.transcriptome.sorted.bam.idxstats:md5,b116e3b8139998e3643e5f011216928c",
                "SRX11780886.genome.sorted.bam.flagstat:md5,6fa3b44c59ae8badf1e1ce1596cd9eec",
                "SRX11780886.genome.sorted.bam.idxstats:md5,955738b9363dde40f1b4d7641c30326a",
                "SRX11780886.transcriptome.sorted.bam.flagstat:md5,7684b9237c6b998efdf3a3304413f37e",
                "SRX11780886.transcriptome.sorted.bam.idxstats:md5,be40a0b2b319f85578731f3b48c16bce",
                "SRX11780887.genome.sorted.bam.flagstat:md5,fea5cb6f0c6ac85179517b074c92fee1",
                "SRX11780887.genome.sorted.bam.idxstats:md5,3f42cbd2279ed86f6fd0f198db559c92",
                "SRX11780887.transcriptome.sorted.bam.flagstat:md5,e50c7b01e3340ee843726be3971932d1",
                "SRX11780887.transcriptome.sorted.bam.idxstats:md5,839781246d155c396802f39183ba6c97",
                "SRX11780888.genome.sorted.bam.flagstat:md5,805b2bcc957a668be4547fce14ff6466",
                "SRX11780888.genome.sorted.bam.idxstats:md5,1bca0da99cc4ffc6cdb31ebde6713151",
                "SRX11780888.transcriptome.sorted.bam.flagstat:md5,f08e679067445bc8369530d23978f861",
                "SRX11780888.transcriptome.sorted.bam.idxstats:md5,170812acd1a1fe69438708d1dd9b32df",
                "SRX11780889.genome.sorted.bam.flagstat:md5,f8cd7a559f6a71de05d8f7f735c481ce",
                "SRX11780889.genome.sorted.bam.idxstats:md5,7220d3a0c72395e7b9bc5dcecf44b37f",
                "SRX11780889.transcriptome.sorted.bam.flagstat:md5,c91444e16d44660af336bc5b55adcbee",
                "SRX11780889.transcriptome.sorted.bam.idxstats:md5,4fdaee8881d0a233bffc2286fc29ef6c",
                "SRX11780890.genome.sorted.bam.flagstat:md5,4c312fc4b4f8c716c9ded7729866aea0",
                "SRX11780890.genome.sorted.bam.idxstats:md5,f9bde5fbfed59a14c6e3e0167ca71c99",
                "SRX11780890.transcriptome.sorted.bam.flagstat:md5,f4d8992bf409e668c64eca91e6e07478",
                "SRX11780890.transcriptome.sorted.bam.idxstats:md5,42887c1850995b9e5e23f51924039773",
                "cutadapt_filtered_reads_plot.txt:md5,ff95c965185e62ff5914a5c60e7a268f",
                "cutadapt_trimmed_sequences_plot_3_Counts.txt:md5,319e9bb90c170c4b0207d644926bf69a",
                "cutadapt_trimmed_sequences_plot_3_Obs_Exp.txt:md5,6ed5bbd0961572352d1614cc1f25f29d",
                "fastqc-1-status-check-heatmap.txt:md5,a0e26481ceebf69ed7540a8e103526aa",
                "fastqc-1_overrepresented_sequences_plot.txt:md5,955f7e738937929fc26aba2de54ca404",
                "fastqc-1_per_base_n_content_plot.txt:md5,fa8a68d48b6776dc76645fa412d06490",
                "fastqc-1_per_base_sequence_quality_plot.txt:md5,f98b44d67d52434ea97e243cefe3e080",
                "fastqc-1_per_sequence_gc_content_plot_Counts.txt:md5,9a973946f1692516940ab3f5efea44ce",
                "fastqc-1_per_sequence_gc_content_plot_Percentages.txt:md5,3b4c25caf665d95a61ae8dd5e9bae84a",
                "fastqc-1_per_sequence_quality_scores_plot.txt:md5,c5366f0520a574d6749ef03e9e748aa2",
                "fastqc-1_sequence_counts_plot.txt:md5,07490905b4b62f87d92c26f792eef7a0",
                "fastqc-1_sequence_duplication_levels_plot.txt:md5,8f7b7d1921ed8b6302196876dd36a3f5",
                "fastqc-status-check-heatmap.txt:md5,a0e26481ceebf69ed7540a8e103526aa",
                "fastqc_overrepresented_sequences_plot.txt:md5,ba7c244b0a7cd7f591b8493f2927ea7d",
                "fastqc_per_base_n_content_plot.txt:md5,ec70b184c102884d089ebcca0cac7216",
                "fastqc_per_base_sequence_quality_plot.txt:md5,c8af81414843457b45cd1dfe83c49433",
                "fastqc_per_sequence_gc_content_plot_Counts.txt:md5,47955155853de1e04ca812820b8fee8c",
                "fastqc_per_sequence_gc_content_plot_Percentages.txt:md5,0e78eba9f1b8f63f5388c7078c41b302",
                "fastqc_per_sequence_quality_scores_plot.txt:md5,609c48f48499de206085509d4dd29b8a",
                "fastqc_sequence_counts_plot.txt:md5,cbb44b6eb726b00e041237476214b275",
                "fastqc_sequence_duplication_levels_plot.txt:md5,77d6e3d36b8c93f25e2d4cdbadd018d3",
                "fastqc_sequence_length_distribution_plot.txt:md5,d3f33f3eda7927b061fc3cdec99e8f4e",
                "multiqc_citations.txt:md5,f0d8f7e0c3fe6aef2582cc5a92079c03",
                "multiqc_cutadapt.txt:md5,e6031ab468a23c95b6989a6ce9e081f5",
                "multiqc_fastqc.txt:md5,435f987c78b50ab1dfe18640246f580b",
                "multiqc_fastqc_fastqc-1.txt:md5,c8ce8940114de9321e6de124b6cb4c18",
                "multiqc_samtools_flagstat.txt:md5,28f572d4d522ecdf165f7bcd72922526",
                "multiqc_samtools_idxstats.txt:md5,ed9f80f0bbbb246d4301b3c0b3a9ba51",
                "multiqc_samtools_stats.txt:md5,a8b220123c67bcdd7729f70ebc934889",
                "multiqc_star.txt:md5,0446c53db81d1d306aefa449064dcbcc",
                "samtools-flagstat-pct-table.txt:md5,5d5ce00ce421f41cd104e7baf03823bb",
                "samtools-flagstat-table.txt:md5,aad1bf12b237da075560c9ac530b00fd",
                "samtools-idxstats-mapped-reads-plot_Normalised_Counts.txt:md5,e190f1c225e3e68f6f6bc4fd8c4a32ea",
                "samtools-idxstats-mapped-reads-plot_Observed_over_Expected_Counts.txt:md5,e190f1c225e3e68f6f6bc4fd8c4a32ea",
                "samtools-idxstats-mapped-reads-plot_Raw_Counts.txt:md5,3fa88dcac6c7f0aeba07bae24f8c848b",
                "samtools-stats-dp.txt:md5,eb95a705e218fea48fe0e26647746230",
                "samtools_alignment_plot.txt:md5,7b16b5b66bb6bc9214356a4089b84502",
                "star_alignment_plot.txt:md5,52904dce2e8fd6f3099ce67050f7c12f",
                "star_summary_table.txt:md5,f2b9af3fd753c5c7e60dacfc67706b92",
                "SRX11780885_all.txt:md5,5944628b00d19aa30acc5c26a47fb340",
                "SRX11780885_pred.txt:md5,980c140dc69bd9c1c31f3addb49d842e",
                "SRX11780885_transprofile.py:md5,d9d30379d79e2a4a9726e459a0300206",
                "SRX11780886_all.txt:md5,4ec743ad08e38306bfa664234568ce38",
                "SRX11780886_pred.txt:md5,7909cc7d6ce482e48dd4096f08366060",
                "SRX11780886_transprofile.py:md5,46911f400d82e3b12aff291d2630bff3",
                "SRX11780887_all.txt:md5,871233ec0b423ab5cceda4d8a8f98068",
                "SRX11780887_pred.txt:md5,ce9604ee67588055ea88bae98e5b7517",
                "SRX11780887_transprofile.py:md5,a947cf61d0a24f0fd39eec7bdb06ff4e",
                "SRX11780888_all.txt:md5,438f2615e7c21301dbfebc10e86070f8",
                "SRX11780888_pred.txt:md5,438f2615e7c21301dbfebc10e86070f8",
                "SRX11780888_transprofile.py:md5,5cc2049e4b5a6e9c0e1d2cc950d0f3c7",
                "SRX11780889_all.txt:md5,f663ab08e8a62ee0a5ef144a08e67318",
                "SRX11780889_pred.txt:md5,f663ab08e8a62ee0a5ef144a08e67318",
                "SRX11780889_transprofile.py:md5,e2e141ee7e2d32a0ffa587c9910b7de8",
                "SRX11780890_all.txt:md5,8a44c483f3625982602435ee098d3f76",
                "SRX11780890_pred.txt:md5,8a44c483f3625982602435ee098d3f76",
                "SRX11780890_transprofile.py:md5,02d595658ca2e1590fef892022194b4f",
                "allsamples_all.txt:md5,b8899d3cde0e42a4c33e2ee147d4f7d1",
                "allsamples_pred.txt:md5,b8899d3cde0e42a4c33e2ee147d4f7d1",
                "allsamples_transprofile.py:md5,014bebd2eed9c2d17b8cadf04e852228",
                "SRX11780879.log:md5,834a69fe496d02e5eb7816d749f21d58",
                "SRX11780880.log:md5,1deea88b281cf366d567ae4b0deaa38c",
                "SRX11780881.log:md5,65d1205aba82ff69c275e8a7185d6fa3",
                "SRX11780882.log:md5,456a3fa3cd0a6398a6790e95291222ac",
                "SRX11780883.log:md5,bd6b0df014b9412b8ff5ec521e2d5273",
                "SRX11780884.log:md5,8fd309b069854972e102f4bc93dcecbf",
                "SRX11780885.log:md5,d513c10700bcdcd8670a29922cc2c7a5",
                "SRX11780886.log:md5,836c387fd7c629d3e8d5d832d2fc7ac0",
                "SRX11780887.log:md5,fc7c19fec94c7b688dcf04127831a682",
                "SRX11780888.log:md5,6563d3cab7c86c2d75563242fa7323f0",
                "SRX11780889.log:md5,be205feae44bb50879ca935f82c09110",
                "SRX11780890.log:md5,d17c35cd238911203eaea32216dfe4d7",
                "expected_bias.gz:md5,3407f87245d0003e0ffbfdf6d8c04f20",
                "observed_bias.gz:md5,92bcd0592d22a6a58d0360fc76103e56",
                "observed_bias_3p.gz:md5,92bcd0592d22a6a58d0360fc76103e56",
                "cmd_info.json:md5,5834ecfd45441b6db2bde251a042e7c9",
                "expected_bias.gz:md5,3407f87245d0003e0ffbfdf6d8c04f20",
                "observed_bias.gz:md5,92bcd0592d22a6a58d0360fc76103e56",
                "observed_bias_3p.gz:md5,92bcd0592d22a6a58d0360fc76103e56",
                "cmd_info.json:md5,c020c498b4b49942521c7e4403fbb5f4",
                "expected_bias.gz:md5,3407f87245d0003e0ffbfdf6d8c04f20",
                "observed_bias.gz:md5,92bcd0592d22a6a58d0360fc76103e56",
                "observed_bias_3p.gz:md5,92bcd0592d22a6a58d0360fc76103e56",
                "cmd_info.json:md5,2aeeff40d2c5127e3881cade0c505553",
                "expected_bias.gz:md5,3407f87245d0003e0ffbfdf6d8c04f20",
                "observed_bias.gz:md5,92bcd0592d22a6a58d0360fc76103e56",
                "observed_bias_3p.gz:md5,92bcd0592d22a6a58d0360fc76103e56",
                "cmd_info.json:md5,f4fd39bb236fcfd3584b6616b025e560",
                "expected_bias.gz:md5,3407f87245d0003e0ffbfdf6d8c04f20",
                "observed_bias.gz:md5,92bcd0592d22a6a58d0360fc76103e56",
                "observed_bias_3p.gz:md5,92bcd0592d22a6a58d0360fc76103e56",
                "cmd_info.json:md5,f6929c47dd44eafb279855047c542f11",
                "expected_bias.gz:md5,3407f87245d0003e0ffbfdf6d8c04f20",
                "observed_bias.gz:md5,92bcd0592d22a6a58d0360fc76103e56",
                "observed_bias_3p.gz:md5,92bcd0592d22a6a58d0360fc76103e56",
                "cmd_info.json:md5,9424d0ddf77916d7ee92f51e972fdac1",
                "expected_bias.gz:md5,3407f87245d0003e0ffbfdf6d8c04f20",
                "observed_bias.gz:md5,92bcd0592d22a6a58d0360fc76103e56",
                "observed_bias_3p.gz:md5,92bcd0592d22a6a58d0360fc76103e56",
                "cmd_info.json:md5,2494bac733aff9a59434c33512f6ef3b",
                "expected_bias.gz:md5,3407f87245d0003e0ffbfdf6d8c04f20",
                "observed_bias.gz:md5,92bcd0592d22a6a58d0360fc76103e56",
                "observed_bias_3p.gz:md5,92bcd0592d22a6a58d0360fc76103e56",
                "cmd_info.json:md5,90cbcea3f0d21d4bf6131bc90d4cfb48",
                "expected_bias.gz:md5,3407f87245d0003e0ffbfdf6d8c04f20",
                "observed_bias.gz:md5,92bcd0592d22a6a58d0360fc76103e56",
                "observed_bias_3p.gz:md5,92bcd0592d22a6a58d0360fc76103e56",
                "cmd_info.json:md5,ab6b4aadd3c2f908bd26f735a940fe54",
                "expected_bias.gz:md5,3407f87245d0003e0ffbfdf6d8c04f20",
                "observed_bias.gz:md5,92bcd0592d22a6a58d0360fc76103e56",
                "observed_bias_3p.gz:md5,92bcd0592d22a6a58d0360fc76103e56",
                "cmd_info.json:md5,8284353e59f322ddceafb7b7e8e94f65",
                "expected_bias.gz:md5,3407f87245d0003e0ffbfdf6d8c04f20",
                "observed_bias.gz:md5,92bcd0592d22a6a58d0360fc76103e56",
                "observed_bias_3p.gz:md5,92bcd0592d22a6a58d0360fc76103e56",
                "cmd_info.json:md5,9bb452c7dbdd35e9033de1964e4bb711",
                "expected_bias.gz:md5,3407f87245d0003e0ffbfdf6d8c04f20",
                "observed_bias.gz:md5,92bcd0592d22a6a58d0360fc76103e56",
                "observed_bias_3p.gz:md5,92bcd0592d22a6a58d0360fc76103e56",
                "cmd_info.json:md5,8d5ca24864151d35a76f3c70cd14210e",
                "all_samples.R_sessionInfo.log:md5,f477425bc8f6d07a9b47d4aaf953f3ce",
                "tx2gene.tsv:md5,ca8bc3fbff91c83c6545743011e589d7",
                "SRX11780885.para.py:md5,eafd8adc28a00e3a1cd5d42e3b648cac",
                "SRX11780885_qual.txt:md5,e506215686079651ed0501168d980559",
                "SRX11780886.para.py:md5,eafd8adc28a00e3a1cd5d42e3b648cac",
                "SRX11780886_qual.txt:md5,75dae489733329aef37477f505bea566",
                "SRX11780887.para.py:md5,eafd8adc28a00e3a1cd5d42e3b648cac",
                "SRX11780887_qual.txt:md5,991c1c2688c642f4b055db8b36ee019d",
                "SRX11780888.para.py:md5,98e9611ca1a2a3f7b360589d01a577d3",
                "SRX11780888_qual.txt:md5,68e48eac6c268ee99c5aa9ceb63b9bd6",
                "SRX11780889.para.py:md5,61738f3e93a6fc2e6f7b6d201f6a59ba",
                "SRX11780889_qual.txt:md5,3134c533731d272baf29a8073e76b39b",
                "SRX11780890.para.py:md5,5f1696c5bf20116fa63363917e131284",
                "SRX11780890_qual.txt:md5,eba665d5d991797ec0b69427189b68c2",
                "SRX11780885.best_offset.txt:md5,1e6611858fd98bf4384cb121afb6707c",
                "SRX11780885.cds_coverage_psite.tsv.gz:md5,82d43486dfcf318c1455e749020be0b0",
                "SRX11780885.cds_plus42nt_minus27nt_coverage_psite.tsv.gz:md5,b97d24be2c33c4dd1971d993d6e51596",
                "SRX11780885.codon_coverage_psite.tsv.gz:md5,0704068c3eda592bc3be62790d95497c",
                "SRX11780885.codon_coverage_rpf.tsv.gz:md5,e3c29342ed46df76699b9f01316cd95a",
                "SRX11780885.psite.tsv.gz:md5,81fbdd16fb197d6dcf3a35daf1954984",
                "SRX11780885.psite_offset.tsv.gz:md5,fea6a665d29a79c871d21a096cf552be",
                "SRX11780886.best_offset.txt:md5,787599a080c37b7d6eda470c13cc2563",
                "SRX11780886.cds_coverage_psite.tsv.gz:md5,54e549616fc5bcff300ace37a259ca35",
                "SRX11780886.cds_plus42nt_minus27nt_coverage_psite.tsv.gz:md5,a1b017d560e1499a5d7dd5e2d089f2da",
                "SRX11780886.codon_coverage_psite.tsv.gz:md5,9c7246b4356ff12444c76470e0d7bf4c",
                "SRX11780886.codon_coverage_rpf.tsv.gz:md5,7eb30afe136c0707b7bf2eb1f4b5b80b",
                "SRX11780886.psite.tsv.gz:md5,e6ccba30799e5656a692b79deaff954e",
                "SRX11780886.psite_offset.tsv.gz:md5,2f963cfe9b8a5b856b9685007446bde1",
                "SRX11780887.best_offset.txt:md5,827cbf2c4231dd868dc6f93f8b6e83b0",
                "SRX11780887.cds_coverage_psite.tsv.gz:md5,63c1ea8cc04fea499d975e637e88ce4f",
                "SRX11780887.cds_plus42nt_minus27nt_coverage_psite.tsv.gz:md5,dae7aa5c539f4708b33901bb5a846a2c",
                "SRX11780887.codon_coverage_psite.tsv.gz:md5,4ff4b21f94778c6494e89982f5453e38",
                "SRX11780887.codon_coverage_rpf.tsv.gz:md5,de12b6318648506140717a60a0c8c6e4",
                "SRX11780887.psite.tsv.gz:md5,b473c18e7537f46a810c00fca48b018d",
                "SRX11780887.psite_offset.tsv.gz:md5,ca38c5db13cdf6094391ca2d19a8bde6",
                "SRX11780888.best_offset.txt:md5,df1bd7c66c950c943d200199d072f808",
                "SRX11780888.cds_coverage_psite.tsv.gz:md5,a9955370bf29d452144e1e4fda4028c2",
                "SRX11780888.cds_plus42nt_minus27nt_coverage_psite.tsv.gz:md5,b0d17bfed9d6c7f6ff0b3b92efdd6da7",
                "SRX11780888.codon_coverage_psite.tsv.gz:md5,18feb04147ed389fb898624e39e82528",
                "SRX11780888.codon_coverage_rpf.tsv.gz:md5,cb8d5d9b9fb4c9f63f366452aee15ee8",
                "SRX11780888.psite.tsv.gz:md5,17536f0bd0a7aadc611af37b5ff3ae45",
                "SRX11780888.psite_offset.tsv.gz:md5,27220d2b065d9b41d6ecbfb17aaf2846",
                "SRX11780889.best_offset.txt:md5,d01cc2839b5415179f8f02b1fe583698",
                "SRX11780889.cds_coverage_psite.tsv.gz:md5,00ab36afb51e9a303da567e05acad6e8",
                "SRX11780889.cds_plus42nt_minus27nt_coverage_psite.tsv.gz:md5,b27969eaef7f5a2fd7a7101d9b13899d",
                "SRX11780889.codon_coverage_psite.tsv.gz:md5,7cd3622ae8d20aa6ad4a98ea864c49d3",
                "SRX11780889.codon_coverage_rpf.tsv.gz:md5,926a8cbfe61a6f37d921582503256537",
                "SRX11780889.psite.tsv.gz:md5,ceb260d30e6a13dd6adfd76b4eb014c5",
                "SRX11780889.psite_offset.tsv.gz:md5,42218e1494a3549ec6f25223c5718d81",
                "SRX11780890.best_offset.txt:md5,93ce9d385b8261eea0e90611cb1fa968",
                "SRX11780890.cds_coverage_psite.tsv.gz:md5,e46d6b4998221efbd1e78022cbfdce9c",
                "SRX11780890.cds_plus42nt_minus27nt_coverage_psite.tsv.gz:md5,913268b1c3b40eccb2842dc58a915832",
                "SRX11780890.codon_coverage_psite.tsv.gz:md5,0325c75f8e72ed5ee9df1ef367aa4761",
                "SRX11780890.codon_coverage_rpf.tsv.gz:md5,7fcc649f244e13639fe0ba1366e8a8fa",
                "SRX11780890.psite.tsv.gz:md5,6e4ea8688516434df7ffffdb5ec5f905",
                "SRX11780890.psite_offset.tsv.gz:md5,480a3026346c989759d02f4dae33d1c6",
                "SRX11780879.tsv:md5,a982e72bc4860e0a82ae98fcd7fb7129",
                "SRX11780880.tsv:md5,1469c57285d4cc1505df2db8a6fb924f",
                "SRX11780881.tsv:md5,3203a328cb49d6106a86ea761b12cfff",
                "SRX11780882.tsv:md5,e3a3e3d6c9f52192da1b7184dae961d7",
                "SRX11780883.tsv:md5,cd34c4ba8979651a2c3f8bf72e57d14a",
                "SRX11780884.tsv:md5,768b1c31bed04f7568c128f14392547a",
                "SRX11780885.tsv:md5,cabbaf49db8be5b77b165d6944e67fd5",
                "SRX11780886.tsv:md5,e8f4a836301f611a1d002e1c80e27252",
                "SRX11780887.tsv:md5,0859628891fd5cd816089b2d4ee98d04",
                "SRX11780888.tsv:md5,654799db50488a2f4eb296538f077ead",
                "SRX11780889.tsv:md5,937d12f4b0a5caa6cd1a0176d870b836",
                "SRX11780890.tsv:md5,3a28427ca7edc2f8330e56eb3e4f76f8",
                "treated_vs_control.R_sessionInfo.log:md5,3623a50b4668bfebf502bf7080800996"
            ]
        ],
        "meta": {
            "nf-test": "0.9.3",
            "nextflow": "25.10.2"
        },
        "timestamp": "2025-12-02T15:35:31.721025257"
    }
}