{
    "synthetic data - stub": {
        "content": [
            {
                "0": [
                    [
                        {
                            "id": "allsamples"
                        },
                        "orf_catalogue.faa:md5,d41d8cd98f00b204e9800998ecf8427e"
                    ]
                ],
                "1": [
                    [
                        "ORF_CATALOGUE_EXTRACTAA",
                        "python",
                        "3.14.2"
                    ]
                ],
                "faa": [
                    [
                        {
                            "id": "allsamples"
                        },
                        "orf_catalogue.faa:md5,d41d8cd98f00b204e9800998ecf8427e"
                    ]
                ]
            }
        ],
        "meta": {
            "nf-test": "0.9.3",
            "nextflow": "25.10.4"
        },
        "timestamp": "2026-05-15T17:25:04.284116"
    }
}