{
    "ribocode - stub": {
        "content": [
            {
                "0": [
                    [
                        {
                            "id": "sample_X",
                            "caller": "ribocode"
                        },
                        "sample_X.normalised.bed12:md5,d41d8cd98f00b204e9800998ecf8427e"
                    ]
                ],
                "1": [
                    [
                        {
                            "id": "sample_X",
                            "caller": "ribocode"
                        },
                        "sample_X.normalised.tsv:md5,d41d8cd98f00b204e9800998ecf8427e"
                    ]
                ],
                "2": [
                    "versions.yml:md5,686beaa03ce781503cbbe8f5e319201c"
                ],
                "bed12": [
                    [
                        {
                            "id": "sample_X",
                            "caller": "ribocode"
                        },
                        "sample_X.normalised.bed12:md5,d41d8cd98f00b204e9800998ecf8427e"
                    ]
                ],
                "tsv": [
                    [
                        {
                            "id": "sample_X",
                            "caller": "ribocode"
                        },
                        "sample_X.normalised.tsv:md5,d41d8cd98f00b204e9800998ecf8427e"
                    ]
                ],
                "versions": [
                    "versions.yml:md5,686beaa03ce781503cbbe8f5e319201c"
                ]
            }
        ],
        "timestamp": "2026-05-21T15:45:49.167068351",
        "meta": {
            "nf-test": "0.9.5",
            "nextflow": "26.04.1"
        }
    },
    "ribocode - empty input exercises template": {
        "content": [
            {
                "0": [
                    [
                        {
                            "id": "sample_X",
                            "caller": "ribocode"
                        },
                        "sample_X.normalised.bed12:md5,d41d8cd98f00b204e9800998ecf8427e"
                    ]
                ],
                "1": [
                    [
                        {
                            "id": "sample_X",
                            "caller": "ribocode"
                        },
                        "sample_X.normalised.tsv:md5,b9a22d98cd825e490acd2f5c9bc94f3d"
                    ]
                ],
                "2": [
                    "versions.yml:md5,b9e911bea02fe9d03efcf46e5e7620ea"
                ],
                "bed12": [
                    [
                        {
                            "id": "sample_X",
                            "caller": "ribocode"
                        },
                        "sample_X.normalised.bed12:md5,d41d8cd98f00b204e9800998ecf8427e"
                    ]
                ],
                "tsv": [
                    [
                        {
                            "id": "sample_X",
                            "caller": "ribocode"
                        },
                        "sample_X.normalised.tsv:md5,b9a22d98cd825e490acd2f5c9bc94f3d"
                    ]
                ],
                "versions": [
                    "versions.yml:md5,b9e911bea02fe9d03efcf46e5e7620ea"
                ]
            }
        ],
        "timestamp": "2026-05-21T15:46:24.769876668",
        "meta": {
            "nf-test": "0.9.5",
            "nextflow": "26.04.1"
        }
    },
    "ribotricer - stub": {
        "content": [
            {
                "0": [
                    [
                        {
                            "id": "sample_X",
                            "caller": "ribotricer"
                        },
                        "sample_X.normalised.bed12:md5,d41d8cd98f00b204e9800998ecf8427e"
                    ]
                ],
                "1": [
                    [
                        {
                            "id": "sample_X",
                            "caller": "ribotricer"
                        },
                        "sample_X.normalised.tsv:md5,d41d8cd98f00b204e9800998ecf8427e"
                    ]
                ],
                "2": [
                    "versions.yml:md5,686beaa03ce781503cbbe8f5e319201c"
                ],
                "bed12": [
                    [
                        {
                            "id": "sample_X",
                            "caller": "ribotricer"
                        },
                        "sample_X.normalised.bed12:md5,d41d8cd98f00b204e9800998ecf8427e"
                    ]
                ],
                "tsv": [
                    [
                        {
                            "id": "sample_X",
                            "caller": "ribotricer"
                        },
                        "sample_X.normalised.tsv:md5,d41d8cd98f00b204e9800998ecf8427e"
                    ]
                ],
                "versions": [
                    "versions.yml:md5,686beaa03ce781503cbbe8f5e319201c"
                ]
            }
        ],
        "timestamp": "2026-05-21T15:46:02.806653358",
        "meta": {
            "nf-test": "0.9.5",
            "nextflow": "26.04.1"
        }
    },
    "ribotish - stub": {
        "content": [
            {
                "0": [
                    [
                        {
                            "id": "sample_X",
                            "caller": "ribotish"
                        },
                        "sample_X.normalised.bed12:md5,d41d8cd98f00b204e9800998ecf8427e"
                    ]
                ],
                "1": [
                    [
                        {
                            "id": "sample_X",
                            "caller": "ribotish"
                        },
                        "sample_X.normalised.tsv:md5,d41d8cd98f00b204e9800998ecf8427e"
                    ]
                ],
                "2": [
                    "versions.yml:md5,686beaa03ce781503cbbe8f5e319201c"
                ],
                "bed12": [
                    [
                        {
                            "id": "sample_X",
                            "caller": "ribotish"
                        },
                        "sample_X.normalised.bed12:md5,d41d8cd98f00b204e9800998ecf8427e"
                    ]
                ],
                "tsv": [
                    [
                        {
                            "id": "sample_X",
                            "caller": "ribotish"
                        },
                        "sample_X.normalised.tsv:md5,d41d8cd98f00b204e9800998ecf8427e"
                    ]
                ],
                "versions": [
                    "versions.yml:md5,686beaa03ce781503cbbe8f5e319201c"
                ]
            }
        ],
        "timestamp": "2026-05-21T15:45:55.968952219",
        "meta": {
            "nf-test": "0.9.5",
            "nextflow": "26.04.1"
        }
    },
    "rpbp - stub": {
        "content": [
            {
                "0": [
                    [
                        {
                            "id": "sample_X",
                            "caller": "rpbp"
                        },
                        "sample_X.normalised.bed12:md5,d41d8cd98f00b204e9800998ecf8427e"
                    ]
                ],
                "1": [
                    [
                        {
                            "id": "sample_X",
                            "caller": "rpbp"
                        },
                        "sample_X.normalised.tsv:md5,d41d8cd98f00b204e9800998ecf8427e"
                    ]
                ],
                "2": [
                    "versions.yml:md5,686beaa03ce781503cbbe8f5e319201c"
                ],
                "bed12": [
                    [
                        {
                            "id": "sample_X",
                            "caller": "rpbp"
                        },
                        "sample_X.normalised.bed12:md5,d41d8cd98f00b204e9800998ecf8427e"
                    ]
                ],
                "tsv": [
                    [
                        {
                            "id": "sample_X",
                            "caller": "rpbp"
                        },
                        "sample_X.normalised.tsv:md5,d41d8cd98f00b204e9800998ecf8427e"
                    ]
                ],
                "versions": [
                    "versions.yml:md5,686beaa03ce781503cbbe8f5e319201c"
                ]
            }
        ],
        "timestamp": "2026-05-21T15:46:09.698656828",
        "meta": {
            "nf-test": "0.9.5",
            "nextflow": "26.04.1"
        }
    },
    "price - stub": {
        "content": [
            {
                "0": [
                    [
                        {
                            "id": "allsamples",
                            "caller": "price"
                        },
                        "allsamples.normalised.bed12:md5,d41d8cd98f00b204e9800998ecf8427e"
                    ]
                ],
                "1": [
                    [
                        {
                            "id": "allsamples",
                            "caller": "price"
                        },
                        "allsamples.normalised.tsv:md5,d41d8cd98f00b204e9800998ecf8427e"
                    ]
                ],
                "2": [
                    "versions.yml:md5,686beaa03ce781503cbbe8f5e319201c"
                ],
                "bed12": [
                    [
                        {
                            "id": "allsamples",
                            "caller": "price"
                        },
                        "allsamples.normalised.bed12:md5,d41d8cd98f00b204e9800998ecf8427e"
                    ]
                ],
                "tsv": [
                    [
                        {
                            "id": "allsamples",
                            "caller": "price"
                        },
                        "allsamples.normalised.tsv:md5,d41d8cd98f00b204e9800998ecf8427e"
                    ]
                ],
                "versions": [
                    "versions.yml:md5,686beaa03ce781503cbbe8f5e319201c"
                ]
            }
        ],
        "timestamp": "2026-05-21T15:46:16.401674151",
        "meta": {
            "nf-test": "0.9.5",
            "nextflow": "26.04.1"
        }
    }
}