{
    "collapse identical small ORFs across loci": {
        "content": [
            {
                "0": [
                    [
                        {
                            "id": "cohort"
                        },
                        "cohort.catalogue.bed12:md5,299daed2c7d9d03faba1340684a57fa7"
                    ]
                ],
                "1": [
                    [
                        {
                            "id": "cohort"
                        },
                        "cohort.catalogue.tsv:md5,2ae2eb7006ab613d0d23ea5eaa959615"
                    ]
                ],
                "2": [
                    [
                        {
                            "id": "cohort"
                        },
                        "cohort.orf_to_gene.tsv:md5,7920c0714282f9cdfe809f8f9a12a511"
                    ]
                ],
                "3": [
                    [
                        {
                            "id": "cohort"
                        },
                        "cohort.catalogue.mqc.tsv:md5,0541bc7510de3bc238145a4f913a9be9"
                    ]
                ],
                "4": [
                    [
                        {
                            "id": "cohort"
                        },
                        "cohort.catalogue.aa.fasta:md5,fd7aac4757475b5814e192bddc2ba51b"
                    ]
                ],
                "5": [
                    "versions.yml:md5,ce260ecc8aef4b1cae023b7118f73770"
                ],
                "aa_fasta": [
                    [
                        {
                            "id": "cohort"
                        },
                        "cohort.catalogue.aa.fasta:md5,fd7aac4757475b5814e192bddc2ba51b"
                    ]
                ],
                "bed12": [
                    [
                        {
                            "id": "cohort"
                        },
                        "cohort.catalogue.bed12:md5,299daed2c7d9d03faba1340684a57fa7"
                    ]
                ],
                "catalogue_tsv": [
                    [
                        {
                            "id": "cohort"
                        },
                        "cohort.catalogue.tsv:md5,2ae2eb7006ab613d0d23ea5eaa959615"
                    ]
                ],
                "multiqc": [
                    [
                        {
                            "id": "cohort"
                        },
                        "cohort.catalogue.mqc.tsv:md5,0541bc7510de3bc238145a4f913a9be9"
                    ]
                ],
                "orf_to_gene_tsv": [
                    [
                        {
                            "id": "cohort"
                        },
                        "cohort.orf_to_gene.tsv:md5,7920c0714282f9cdfe809f8f9a12a511"
                    ]
                ],
                "versions": [
                    "versions.yml:md5,ce260ecc8aef4b1cae023b7118f73770"
                ]
            }
        ],
        "timestamp": "2026-06-16T02:30:35.142404203",
        "meta": {
            "nf-test": "0.9.5",
            "nextflow": "26.04.1"
        }
    }
}