{
    "stub": {
        "content": [
            {
                "0": [
                    [
                        {
                            "id": "cohort"
                        },
                        "cohort.gene_cds_psite_counts.tsv:md5,d41d8cd98f00b204e9800998ecf8427e"
                    ]
                ],
                "1": [
                    "versions.yml:md5,1240d06e644fedc16cea9d32d07c107c"
                ],
                "gene_counts": [
                    [
                        {
                            "id": "cohort"
                        },
                        "cohort.gene_cds_psite_counts.tsv:md5,d41d8cd98f00b204e9800998ecf8427e"
                    ]
                ],
                "versions": [
                    "versions.yml:md5,1240d06e644fedc16cea9d32d07c107c"
                ]
            }
        ],
        "meta": {
            "nf-test": "0.9.3",
            "nextflow": "25.10.4"
        },
        "timestamp": "2026-06-15T12:23:04.1917"
    }
}