{
    "synthetic data - stub": {
        "content": [
            {
                "0": [
                    [
                        {
                            "id": "allsamples"
                        },
                        "allsamples.normalised.bed12:md5,d41d8cd98f00b204e9800998ecf8427e"
                    ]
                ],
                "1": [
                    [
                        {
                            "id": "allsamples"
                        },
                        "allsamples.normalised.tsv:md5,d41d8cd98f00b204e9800998ecf8427e"
                    ]
                ],
                "2": [
                    [
                        "ORF_NORMALISE_PRICE",
                        "python",
                        "3.11.15"
                    ]
                ],
                "bed12": [
                    [
                        {
                            "id": "allsamples"
                        },
                        "allsamples.normalised.bed12:md5,d41d8cd98f00b204e9800998ecf8427e"
                    ]
                ],
                "tsv": [
                    [
                        {
                            "id": "allsamples"
                        },
                        "allsamples.normalised.tsv:md5,d41d8cd98f00b204e9800998ecf8427e"
                    ]
                ]
            }
        ],
        "timestamp": "2026-05-16T20:03:40.806049005",
        "meta": {
            "nf-test": "0.9.5",
            "nextflow": "26.04.1"
        }
    }
}