{
    "Should run without failures": {
        "content": [
            {
                "0": [
                    "software_versions.yml:md5,e44991a0a9a92f53a6f384c02ea391f1"
                ],
                "1": [
                    "software_versions_mqc.yml:md5,0e250e5490f5c7ca6bbec1ab9b23235d"
                ],
                "2": [
                    "versions.yml:md5,3843ac526e762117eedf8825b40683df"
                ],
                "mqc_yml": [
                    "software_versions_mqc.yml:md5,0e250e5490f5c7ca6bbec1ab9b23235d"
                ],
                "versions": [
                    "versions.yml:md5,3843ac526e762117eedf8825b40683df"
                ],
                "yml": [
                    "software_versions.yml:md5,e44991a0a9a92f53a6f384c02ea391f1"
                ]
            }
        ],
        "timestamp": "2023-12-15T14:44:12.854932"
    }
}